../Core/Src/main.c:80:5:main	8	static
../Core/Src/main.c:129:6:SystemClock_Config	88	static
../Core/Src/main.c:174:13:MX_TIM11_Init	8	static
../Core/Src/main.c:205:13:MX_USART2_UART_Init	8	static
../Core/Src/main.c:238:13:MX_GPIO_Init	48	static
../Core/Src/main.c:311:6:BtnMtxRd	32	static
../Core/Src/main.c:339:6:NumpadManager	8	static
../Core/Src/main.c:375:6:BMtxShift	16	static
../Core/Src/main.c:391:10:micros	12	static
../Core/Src/main.c:394:6:HAL_TIM_PeriodElapsedCallback	24	static
../Core/Src/main.c:406:6:Error_Handler	4	static,ignoring_inline_asm
