main.c:92:5:main	8	static
main.c:159:6:SystemClock_Config	88	static
main.c:204:13:MX_I2C1_Init	8	static
main.c:238:13:MX_USART2_UART_Init	8	static
main.c:271:13:MX_GPIO_Init	48	static
main.c:304:6:EEPROMWriteExample	16	static
main.c:314:6:EEPROMWriteFunc	24	static
main.c:326:6:EEPROMReadExample	24	static
main.c:335:6:IOExpenderInit	24	static
main.c:344:6:IOExpenderReadPinA	24	static
main.c:351:6:IOExpenderWritePinB	24	static
main.c:361:6:mystpfunc	24	static
main.c:400:6:HAL_GPIO_EXTI_Callback	16	static
main.c:412:6:Error_Handler	4	static,ignoring_inline_asm
