../Core/Src/main.c:173:5:main	64	static
../Core/Src/main.c:271:6:SystemClock_Config	88	static
../Core/Src/main.c:318:13:MX_I2C1_Init	8	static
../Core/Src/main.c:352:13:MX_TIM2_Init	48	static
../Core/Src/main.c:410:13:MX_TIM4_Init	64	static
../Core/Src/main.c:469:13:MX_TIM11_Init	8	static
../Core/Src/main.c:500:13:MX_USART2_UART_Init	8	static
../Core/Src/main.c:531:13:MX_DMA_Init	16	static
../Core/Src/main.c:549:13:MX_GPIO_Init	48	static
../Core/Src/main.c:621:6:GrandStatumix	8	static
../Core/Src/main.c:692:10:GraytoBinario	32	static
../Core/Src/main.c:714:6:encoderSpeedReaderCycle	24	static
../Core/Src/main.c:738:6:Speedsmoothfunc	32	static
../Core/Src/main.c:756:6:PIDzero	8	static
../Core/Src/main.c:774:6:MotDrvCytron	4	static
../Core/Src/main.c:789:6:IOExpenderInit	24	static
../Core/Src/main.c:807:6:AbsEncI2CRead	32	static
../Core/Src/main.c:841:6:HAL_GPIO_EXTI_Callback	16	static
../Core/Src/main.c:870:10:micros	12	static
../Core/Src/main.c:872:6:HAL_TIM_PeriodElapsedCallback	24	static
../Core/Src/main.c:883:6:Error_Handler	4	static,ignoring_inline_asm
