../Core/Src/main.c:221:5:main	64	static
../Core/Src/main.c:345:6:SystemClock_Config	88	static
../Core/Src/main.c:392:13:MX_I2C1_Init	8	static
../Core/Src/main.c:426:13:MX_I2C3_Init	8	static
../Core/Src/main.c:460:13:MX_TIM2_Init	48	static
../Core/Src/main.c:518:13:MX_TIM4_Init	64	static
../Core/Src/main.c:577:13:MX_TIM11_Init	8	static
../Core/Src/main.c:608:13:MX_USART2_UART_Init	8	static
../Core/Src/main.c:639:13:MX_DMA_Init	16	static
../Core/Src/main.c:657:13:MX_GPIO_Init	48	static
../Core/Src/main.c:729:6:GrandStatumix	8	static
../Core/Src/main.c:800:10:GraytoBinario	32	static
../Core/Src/main.c:822:6:encoderSpeedReaderCycle	24	static
../Core/Src/main.c:846:6:Speedsmoothfunc	32	static
../Core/Src/main.c:864:6:PIDzero	8	static
../Core/Src/main.c:882:6:MotDrvCytron	4	static
../Core/Src/main.c:897:6:IOExpenderInit	24	static
../Core/Src/main.c:917:6:AbsEncI2CReadx	32	static
../Core/Src/main.c:946:6:Efft_activate	24	static
../Core/Src/main.c:972:6:Efft_read	24	static
../Core/Src/main.c:1010:6:All_mode_UARTUI	16	static
../Core/Src/main.c:1469:6:UARTRecieveIT	16	static
../Core/Src/main.c:1487:6:HAL_GPIO_EXTI_Callback	16	static
../Core/Src/main.c:1518:10:micros	12	static
../Core/Src/main.c:1520:6:HAL_TIM_PeriodElapsedCallback	24	static
../Core/Src/main.c:1531:6:Error_Handler	4	static,ignoring_inline_asm
