../Core/Src/main.c:187:5:main	64	static
../Core/Src/main.c:297:6:SystemClock_Config	88	static
../Core/Src/main.c:344:13:MX_I2C1_Init	8	static
../Core/Src/main.c:378:13:MX_TIM2_Init	48	static
../Core/Src/main.c:436:13:MX_TIM4_Init	64	static
../Core/Src/main.c:495:13:MX_TIM11_Init	8	static
../Core/Src/main.c:526:13:MX_USART2_UART_Init	8	static
../Core/Src/main.c:557:13:MX_DMA_Init	16	static
../Core/Src/main.c:575:13:MX_GPIO_Init	48	static
../Core/Src/main.c:647:6:GrandStatumix	8	static
../Core/Src/main.c:718:10:GraytoBinario	32	static
../Core/Src/main.c:740:6:encoderSpeedReaderCycle	24	static
../Core/Src/main.c:764:6:Speedsmoothfunc	32	static
../Core/Src/main.c:782:6:PIDzero	8	static
../Core/Src/main.c:800:6:MotDrvCytron	4	static
../Core/Src/main.c:815:6:IOExpenderInit	24	static
../Core/Src/main.c:835:6:AbsEncI2CReadx	32	static
../Core/Src/main.c:864:6:Efft_activate	24	static
../Core/Src/main.c:888:6:Efft_read	24	static
../Core/Src/main.c:925:6:HAL_GPIO_EXTI_Callback	16	static
../Core/Src/main.c:957:10:micros	12	static
../Core/Src/main.c:959:6:HAL_TIM_PeriodElapsedCallback	24	static
../Core/Src/main.c:970:6:Error_Handler	4	static,ignoring_inline_asm
