../Core/Src/main.c:226:5:main	48	static
../Core/Src/main.c:355:6:SystemClock_Config	88	static
../Core/Src/main.c:402:13:MX_I2C1_Init	8	static
../Core/Src/main.c:436:13:MX_I2C3_Init	8	static
../Core/Src/main.c:470:13:MX_TIM2_Init	48	static
../Core/Src/main.c:528:13:MX_TIM4_Init	64	static
../Core/Src/main.c:587:13:MX_TIM11_Init	8	static
../Core/Src/main.c:618:13:MX_USART2_UART_Init	8	static
../Core/Src/main.c:649:13:MX_DMA_Init	16	static
../Core/Src/main.c:667:13:MX_GPIO_Init	48	static
../Core/Src/main.c:739:6:GrandStatumix	8	static
../Core/Src/main.c:810:6:LaserTrajex_workflow	8	static
../Core/Src/main.c:853:6:ResetParam	16	static
../Core/Src/main.c:863:10:GraytoBinario	32	static
../Core/Src/main.c:929:6:PIDzero	8	static
../Core/Src/main.c:947:6:MotDrvCytron	4	static
../Core/Src/main.c:963:6:IOExpenderInit	24	static
../Core/Src/main.c:983:6:AbsEncI2CReadx	32	static
../Core/Src/main.c:1012:6:Efft_activate	24	static
../Core/Src/main.c:1038:6:Efft_read	24	static
../Core/Src/main.c:1077:6:All_mode_UARTUI	16	static
../Core/Src/main.c:1319:6:UARTRecieveIT	16	static
../Core/Src/main.c:1338:6:HAL_GPIO_EXTI_Callback	16	static
../Core/Src/main.c:1370:10:micros	12	static
../Core/Src/main.c:1372:6:HAL_TIM_PeriodElapsedCallback	24	static
../Core/Src/main.c:1383:6:Error_Handler	4	static,ignoring_inline_asm
