main.c:143:5:main	24	static
main.c:231:6:SystemClock_Config	88	static
main.c:276:13:MX_I2C1_Init	8	static
main.c:310:13:MX_TIM2_Init	48	static
main.c:368:13:MX_TIM4_Init	64	static
main.c:427:13:MX_TIM11_Init	8	static
main.c:458:13:MX_USART2_UART_Init	8	static
main.c:489:13:MX_DMA_Init	16	static
main.c:507:13:MX_GPIO_Init	48	static
main.c:559:6:ParraRegisDriveAbsENC	16	static
main.c:627:10:GraytoBinario	32	static
main.c:650:6:encoderSpeedReaderCycle	24	static
main.c:673:6:IOExpenderInit	24	static
main.c:691:6:AbsEncI2CRead	32	static
main.c:728:10:micros	12	static
main.c:730:6:HAL_TIM_PeriodElapsedCallback	24	static
main.c:741:6:Error_Handler	4	static,ignoring_inline_asm
