main.c:142:5:main	24	static
main.c:221:6:SystemClock_Config	88	static
main.c:266:13:MX_I2C1_Init	8	static
main.c:300:13:MX_TIM2_Init	48	static
main.c:358:13:MX_TIM4_Init	64	static
main.c:417:13:MX_TIM11_Init	8	static
main.c:448:13:MX_USART2_UART_Init	8	static
main.c:479:13:MX_DMA_Init	16	static
main.c:497:13:MX_GPIO_Init	48	static
main.c:549:6:ParraRegisDriveAbsENC	16	static
main.c:617:10:GraytoBinario	32	static
main.c:639:6:encoderSpeedReaderCycle	24	static
main.c:662:6:IOExpenderInit	24	static
main.c:680:6:AbsEncI2CRead	32	static
main.c:716:10:micros	12	static
main.c:718:6:HAL_TIM_PeriodElapsedCallback	24	static
main.c:729:6:Error_Handler	4	static,ignoring_inline_asm
