../Core/Src/main.c:185:5:main	64	static
../Core/Src/main.c:295:6:SystemClock_Config	88	static
../Core/Src/main.c:342:13:MX_I2C1_Init	8	static
../Core/Src/main.c:376:13:MX_TIM2_Init	48	static
../Core/Src/main.c:434:13:MX_TIM4_Init	64	static
../Core/Src/main.c:493:13:MX_TIM11_Init	8	static
../Core/Src/main.c:524:13:MX_USART2_UART_Init	8	static
../Core/Src/main.c:555:13:MX_DMA_Init	16	static
../Core/Src/main.c:573:13:MX_GPIO_Init	48	static
../Core/Src/main.c:645:6:GrandStatumix	8	static
../Core/Src/main.c:716:10:GraytoBinario	32	static
../Core/Src/main.c:738:6:encoderSpeedReaderCycle	24	static
../Core/Src/main.c:762:6:Speedsmoothfunc	32	static
../Core/Src/main.c:780:6:PIDzero	8	static
../Core/Src/main.c:798:6:MotDrvCytron	4	static
../Core/Src/main.c:813:6:IOExpenderInit	24	static
../Core/Src/main.c:833:6:AbsEncI2CRead	32	static
../Core/Src/main.c:868:6:Efft_activate	24	static
../Core/Src/main.c:892:6:Efft_read	24	static
../Core/Src/main.c:969:6:HAL_GPIO_EXTI_Callback	16	static
../Core/Src/main.c:1001:10:micros	12	static
../Core/Src/main.c:1003:6:HAL_TIM_PeriodElapsedCallback	24	static
../Core/Src/main.c:1014:6:Error_Handler	4	static,ignoring_inline_asm
