../Core/Src/main.c:235:6:HAL_UARTEx_RxEventCallback	24	static
../Core/Src/main.c:280:6:All_mode_UARTUI	16	static
../Core/Src/main.c:449:5:main	48	static
../Core/Src/main.c:578:6:SystemClock_Config	88	static
../Core/Src/main.c:625:13:MX_I2C1_Init	8	static
../Core/Src/main.c:659:13:MX_I2C3_Init	8	static
../Core/Src/main.c:693:13:MX_TIM2_Init	48	static
../Core/Src/main.c:751:13:MX_TIM4_Init	64	static
../Core/Src/main.c:810:13:MX_TIM11_Init	8	static
../Core/Src/main.c:841:13:MX_USART2_UART_Init	8	static
../Core/Src/main.c:872:13:MX_DMA_Init	16	static
../Core/Src/main.c:896:13:MX_GPIO_Init	48	static
../Core/Src/main.c:968:6:GrandStatumix	8	static
../Core/Src/main.c:1039:6:LaserTrajex_workflow	8	static
../Core/Src/main.c:1086:6:ResetParam	16	static
../Core/Src/main.c:1097:6:PIDzero	8	static
../Core/Src/main.c:1115:6:MotDrvCytron	4	static
../Core/Src/main.c:1132:10:GraytoBinario	32	static
../Core/Src/main.c:1154:6:IOExpenderInit	24	static
../Core/Src/main.c:1174:6:AbsEncI2CReadx	32	static
../Core/Src/main.c:1204:6:Efft_activate	24	static
../Core/Src/main.c:1230:6:Efft_read	32	static
../Core/Src/main.c:1513:6:HAL_GPIO_EXTI_Callback	16	static
../Core/Src/main.c:1545:10:micros	12	static
../Core/Src/main.c:1547:6:HAL_TIM_PeriodElapsedCallback	24	static
../Core/Src/main.c:1558:6:Error_Handler	4	static,ignoring_inline_asm
