../Core/Src/main.c:226:5:main	48	static
../Core/Src/main.c:356:6:SystemClock_Config	88	static
../Core/Src/main.c:403:13:MX_I2C1_Init	8	static
../Core/Src/main.c:437:13:MX_I2C3_Init	8	static
../Core/Src/main.c:471:13:MX_TIM2_Init	48	static
../Core/Src/main.c:529:13:MX_TIM4_Init	64	static
../Core/Src/main.c:588:13:MX_TIM11_Init	8	static
../Core/Src/main.c:619:13:MX_USART2_UART_Init	8	static
../Core/Src/main.c:650:13:MX_DMA_Init	16	static
../Core/Src/main.c:668:13:MX_GPIO_Init	48	static
../Core/Src/main.c:740:6:GrandStatumix	8	static
../Core/Src/main.c:811:6:LaserTrajex_workflow	8	static
../Core/Src/main.c:858:6:ResetParam	16	static
../Core/Src/main.c:868:10:GraytoBinario	32	static
../Core/Src/main.c:934:6:PIDzero	8	static
../Core/Src/main.c:952:6:MotDrvCytron	4	static
../Core/Src/main.c:968:6:IOExpenderInit	24	static
../Core/Src/main.c:988:6:AbsEncI2CReadx	32	static
../Core/Src/main.c:1017:6:Efft_activate	24	static
../Core/Src/main.c:1043:6:Efft_read	24	static
../Core/Src/main.c:1082:6:All_mode_UARTUI	16	static
../Core/Src/main.c:1324:6:UARTRecieveIT	16	static
../Core/Src/main.c:1343:6:HAL_GPIO_EXTI_Callback	16	static
../Core/Src/main.c:1375:10:micros	12	static
../Core/Src/main.c:1377:6:HAL_TIM_PeriodElapsedCallback	24	static
../Core/Src/main.c:1388:6:Error_Handler	4	static,ignoring_inline_asm
