../Core/Src/main.c:223:5:main	64	static
../Core/Src/main.c:347:6:SystemClock_Config	88	static
../Core/Src/main.c:394:13:MX_I2C1_Init	8	static
../Core/Src/main.c:428:13:MX_I2C3_Init	8	static
../Core/Src/main.c:462:13:MX_TIM2_Init	48	static
../Core/Src/main.c:520:13:MX_TIM4_Init	64	static
../Core/Src/main.c:579:13:MX_TIM11_Init	8	static
../Core/Src/main.c:610:13:MX_USART2_UART_Init	8	static
../Core/Src/main.c:641:13:MX_DMA_Init	16	static
../Core/Src/main.c:665:13:MX_GPIO_Init	48	static
../Core/Src/main.c:737:6:GrandStatumix	8	static
../Core/Src/main.c:808:10:GraytoBinario	32	static
../Core/Src/main.c:830:6:encoderSpeedReaderCycle	24	static
../Core/Src/main.c:854:6:Speedsmoothfunc	32	static
../Core/Src/main.c:872:6:PIDzero	8	static
../Core/Src/main.c:890:6:MotDrvCytron	4	static
../Core/Src/main.c:905:6:IOExpenderInit	24	static
../Core/Src/main.c:925:6:AbsEncI2CReadx	32	static
../Core/Src/main.c:954:6:Efft_activate	24	static
../Core/Src/main.c:980:6:Efft_read	24	static
../Core/Src/main.c:1018:6:All_mode_UARTUI	16	static
../Core/Src/main.c:1256:6:UARTRecieveIT	16	static
../Core/Src/main.c:1274:6:HAL_GPIO_EXTI_Callback	16	static
../Core/Src/main.c:1305:10:micros	12	static
../Core/Src/main.c:1307:6:HAL_TIM_PeriodElapsedCallback	24	static
../Core/Src/main.c:1318:6:Error_Handler	4	static,ignoring_inline_asm
