../Core/Src/main.c:150:5:main	40	static
../Core/Src/main.c:231:6:SystemClock_Config	88	static
../Core/Src/main.c:278:13:MX_I2C1_Init	8	static
../Core/Src/main.c:312:13:MX_TIM2_Init	48	static
../Core/Src/main.c:370:13:MX_TIM4_Init	64	static
../Core/Src/main.c:429:13:MX_TIM11_Init	8	static
../Core/Src/main.c:460:13:MX_USART2_UART_Init	8	static
../Core/Src/main.c:491:13:MX_DMA_Init	16	static
../Core/Src/main.c:509:13:MX_GPIO_Init	48	static
../Core/Src/main.c:571:6:ParraRegisDriveAbsENC	16	static
../Core/Src/main.c:639:10:GraytoBinario	32	static
../Core/Src/main.c:661:6:encoderSpeedReaderCycle	24	static
../Core/Src/main.c:695:6:IOExpenderInit	24	static
../Core/Src/main.c:713:6:AbsEncI2CRead	32	static
../Core/Src/main.c:747:6:HAL_GPIO_EXTI_Callback	16	static
../Core/Src/main.c:755:10:micros	12	static
../Core/Src/main.c:757:6:HAL_TIM_PeriodElapsedCallback	24	static
../Core/Src/main.c:768:6:Error_Handler	4	static,ignoring_inline_asm
