../Core/Src/stm32f4xx_it.c:75:6:NMI_Handler	4	static
../Core/Src/stm32f4xx_it.c:90:6:HardFault_Handler	4	static
../Core/Src/stm32f4xx_it.c:105:6:MemManage_Handler	4	static
../Core/Src/stm32f4xx_it.c:120:6:BusFault_Handler	4	static
../Core/Src/stm32f4xx_it.c:135:6:UsageFault_Handler	4	static
../Core/Src/stm32f4xx_it.c:150:6:SVC_Handler	4	static
../Core/Src/stm32f4xx_it.c:163:6:DebugMon_Handler	4	static
../Core/Src/stm32f4xx_it.c:176:6:PendSV_Handler	4	static
../Core/Src/stm32f4xx_it.c:189:6:SysTick_Handler	8	static
../Core/Src/stm32f4xx_it.c:210:6:EXTI2_IRQHandler	8	static
../Core/Src/stm32f4xx_it.c:224:6:DMA1_Stream6_IRQHandler	8	static
../Core/Src/stm32f4xx_it.c:238:6:TIM1_UP_TIM10_IRQHandler	8	static
../Core/Src/stm32f4xx_it.c:252:6:TIM1_TRG_COM_TIM11_IRQHandler	8	static
../Core/Src/stm32f4xx_it.c:266:6:I2C1_EV_IRQHandler	8	static
../Core/Src/stm32f4xx_it.c:280:6:I2C1_ER_IRQHandler	8	static
../Core/Src/stm32f4xx_it.c:294:6:USART2_IRQHandler	8	static
../Core/Src/stm32f4xx_it.c:308:6:EXTI15_10_IRQHandler	8	static
../Core/Src/stm32f4xx_it.c:324:6:DMA1_Stream7_IRQHandler	8	static
../Core/Src/stm32f4xx_it.c:338:6:I2C3_EV_IRQHandler	8	static
../Core/Src/stm32f4xx_it.c:352:6:I2C3_ER_IRQHandler	8	static
