../Core/Src/main.c:102:5:main	16	static
../Core/Src/main.c:197:6:SystemClock_Config	88	static
../Core/Src/main.c:242:13:MX_ADC1_Init	24	static
../Core/Src/main.c:292:13:MX_TIM1_Init	96	static
../Core/Src/main.c:367:13:MX_TIM3_Init	32	static
../Core/Src/main.c:412:13:MX_TIM10_Init	8	static
../Core/Src/main.c:443:13:MX_TIM11_Init	8	static
../Core/Src/main.c:474:13:MX_USART2_UART_Init	8	static
../Core/Src/main.c:507:13:MX_GPIO_Init	48	static
../Core/Src/main.c:568:6:HAL_ADC_ConvCpltCallback	16	static
../Core/Src/main.c:574:6:HAL_TIM_PeriodElapsedCallback	32	static
../Core/Src/main.c:584:10:micros	12	static
../Core/Src/main.c:587:10:millis	4	static
../Core/Src/main.c:596:6:Error_Handler	4	static,ignoring_inline_asm
