../Core/Src/main.c:90:5:main	16	static
../Core/Src/main.c:168:6:SystemClock_Config	88	static
../Core/Src/main.c:213:13:MX_ADC1_Init	24	static
../Core/Src/main.c:263:13:MX_SPI3_Init	8	static
../Core/Src/main.c:301:13:MX_TIM3_Init	32	static
../Core/Src/main.c:346:13:MX_TIM11_Init	8	static
../Core/Src/main.c:377:13:MX_USART2_UART_Init	8	static
../Core/Src/main.c:408:13:MX_DMA_Init	16	static
../Core/Src/main.c:426:13:MX_GPIO_Init	48	static
../Core/Src/main.c:482:6:MCP4922SetOutput	24	static
../Core/Src/main.c:491:6:SignalGen	16	static
../Core/Src/main.c:529:6:HAL_GPIO_EXTI_Callback	16	static
../Core/Src/main.c:538:6:HAL_SPI_TxCpltCallback	16	static
../Core/Src/main.c:547:6:HAL_TIM_PeriodElapsedCallback	24	static
../Core/Src/main.c:552:17:micros	12	static
../Core/Src/main.c:562:6:Error_Handler	4	static,ignoring_inline_asm
