../Core/Src/main.c:78:5:main	8	static
../Core/Src/main.c:130:6:SystemClock_Config	88	static
../Core/Src/main.c:175:13:MX_ADC1_Init	24	static
../Core/Src/main.c:225:13:MX_USART2_UART_Init	8	static
../Core/Src/main.c:258:13:MX_GPIO_Init	48	static
../Core/Src/main.c:288:6:ADCConfigINIT	4	static
../Core/Src/main.c:309:6:ADCReadUpdate	16	static
../Core/Src/main.c:343:6:ExperimentiaPcs	8	static
../Core/Src/main.c:354:7:ADCTVolta	16	static
../Core/Src/main.c:359:7:TempEquat	16	static
../Core/Src/main.c:364:6:DFFTogg	8	static
../Core/Src/main.c:380:6:Error_Handler	4	static,ignoring_inline_asm
