../Core/Src/main.c:111:5:main	24	static
../Core/Src/main.c:169:6:SystemClock_Config	88	static
../Core/Src/main.c:214:13:MX_TIM1_Init	56	static
../Core/Src/main.c:264:13:MX_TIM3_Init	32	static
../Core/Src/main.c:309:13:MX_USART2_UART_Init	8	static
../Core/Src/main.c:342:13:MX_GPIO_Init	48	static
../Core/Src/main.c:381:6:UpdatePosition	16	static
../Core/Src/main.c:400:6:PIDzero	8	static
../Core/Src/main.c:420:6:MotDrv	8	static
../Core/Src/main.c:455:6:PWMgen	16	static
../Core/Src/main.c:470:6:HAL_TIM_PeriodElapsedCallback	24	static
../Core/Src/main.c:478:10:micros	12	static
../Core/Src/main.c:488:6:Error_Handler	4	static,ignoring_inline_asm
