../Core/Src/main.c:109:5:main	24	static
../Core/Src/main.c:203:6:SystemClock_Config	88	static
../Core/Src/main.c:250:13:MX_TIM2_Init	48	static
../Core/Src/main.c:308:13:MX_TIM4_Init	64	static
../Core/Src/main.c:367:13:MX_TIM11_Init	8	static
../Core/Src/main.c:398:13:MX_USART2_UART_Init	8	static
../Core/Src/main.c:429:13:MX_DMA_Init	16	static
../Core/Src/main.c:447:13:MX_GPIO_Init	48	static
../Core/Src/main.c:498:6:ParraRegisDriveAbsENC	16	static
../Core/Src/main.c:567:6:GraytoBinario	32	static
../Core/Src/main.c:590:6:encoderSpeedReaderCycle	24	static
../Core/Src/main.c:607:6:SpeedShaft	8	static
../Core/Src/main.c:628:10:micros	12	static
../Core/Src/main.c:632:6:HAL_TIM_PeriodElapsedCallback	24	static
../Core/Src/main.c:644:6:Error_Handler	4	static,ignoring_inline_asm
