main.c:105:5:main	8	static
main.c:183:6:SystemClock_Config	88	static
main.c:228:13:MX_TIM2_Init	48	static
main.c:286:13:MX_TIM11_Init	8	static
main.c:317:13:MX_USART2_UART_Init	8	static
main.c:348:13:MX_DMA_Init	16	static
main.c:366:13:MX_GPIO_Init	48	static
main.c:417:6:ParraRegisDriveAbsENC	16	static
main.c:486:6:GraytoBinario	32	static
main.c:509:6:encoderSpeedReaderCycle	16	static
main.c:526:6:SpeedShaft	8	static
main.c:547:10:micros	12	static
main.c:551:6:HAL_TIM_PeriodElapsedCallback	24	static
main.c:563:6:Error_Handler	4	static,ignoring_inline_asm
