Archive member included to satisfy reference by file (symbol)

c:/st/stm32cubeide_1.8.0/stm32cubeide/plugins/com.st.stm32cube.ide.mcu.externaltools.gnu-tools-for-stm32.10.3-2021.10.win32_1.0.0.202111181127/tools/bin/../lib/gcc/arm-none-eabi/10.3.1/../../../../arm-none-eabi/lib/thumb/v7e-m+fp/hard\libc_nano.a(lib_a-errno.o)
                              ./Core/Src/syscalls.o (__errno)
c:/st/stm32cubeide_1.8.0/stm32cubeide/plugins/com.st.stm32cube.ide.mcu.externaltools.gnu-tools-for-stm32.10.3-2021.10.win32_1.0.0.202111181127/tools/bin/../lib/gcc/arm-none-eabi/10.3.1/../../../../arm-none-eabi/lib/thumb/v7e-m+fp/hard\libc_nano.a(lib_a-exit.o)
                              c:/st/stm32cubeide_1.8.0/stm32cubeide/plugins/com.st.stm32cube.ide.mcu.externaltools.gnu-tools-for-stm32.10.3-2021.10.win32_1.0.0.202111181127/tools/bin/../lib/gcc/arm-none-eabi/10.3.1/../../../../arm-none-eabi/lib/thumb/v7e-m+fp/hard/crt0.o (exit)
c:/st/stm32cubeide_1.8.0/stm32cubeide/plugins/com.st.stm32cube.ide.mcu.externaltools.gnu-tools-for-stm32.10.3-2021.10.win32_1.0.0.202111181127/tools/bin/../lib/gcc/arm-none-eabi/10.3.1/../../../../arm-none-eabi/lib/thumb/v7e-m+fp/hard\libc_nano.a(lib_a-impure.o)
                              c:/st/stm32cubeide_1.8.0/stm32cubeide/plugins/com.st.stm32cube.ide.mcu.externaltools.gnu-tools-for-stm32.10.3-2021.10.win32_1.0.0.202111181127/tools/bin/../lib/gcc/arm-none-eabi/10.3.1/../../../../arm-none-eabi/lib/thumb/v7e-m+fp/hard\libc_nano.a(lib_a-exit.o) (_global_impure_ptr)
c:/st/stm32cubeide_1.8.0/stm32cubeide/plugins/com.st.stm32cube.ide.mcu.externaltools.gnu-tools-for-stm32.10.3-2021.10.win32_1.0.0.202111181127/tools/bin/../lib/gcc/arm-none-eabi/10.3.1/../../../../arm-none-eabi/lib/thumb/v7e-m+fp/hard\libc_nano.a(lib_a-init.o)
                              c:/st/stm32cubeide_1.8.0/stm32cubeide/plugins/com.st.stm32cube.ide.mcu.externaltools.gnu-tools-for-stm32.10.3-2021.10.win32_1.0.0.202111181127/tools/bin/../lib/gcc/arm-none-eabi/10.3.1/../../../../arm-none-eabi/lib/thumb/v7e-m+fp/hard/crt0.o (__libc_init_array)
c:/st/stm32cubeide_1.8.0/stm32cubeide/plugins/com.st.stm32cube.ide.mcu.externaltools.gnu-tools-for-stm32.10.3-2021.10.win32_1.0.0.202111181127/tools/bin/../lib/gcc/arm-none-eabi/10.3.1/../../../../arm-none-eabi/lib/thumb/v7e-m+fp/hard\libc_nano.a(lib_a-memset.o)
                              c:/st/stm32cubeide_1.8.0/stm32cubeide/plugins/com.st.stm32cube.ide.mcu.externaltools.gnu-tools-for-stm32.10.3-2021.10.win32_1.0.0.202111181127/tools/bin/../lib/gcc/arm-none-eabi/10.3.1/../../../../arm-none-eabi/lib/thumb/v7e-m+fp/hard/crt0.o (memset)
c:/st/stm32cubeide_1.8.0/stm32cubeide/plugins/com.st.stm32cube.ide.mcu.externaltools.gnu-tools-for-stm32.10.3-2021.10.win32_1.0.0.202111181127/tools/bin/../lib/gcc/arm-none-eabi/10.3.1/thumb/v7e-m+fp/hard\libgcc.a(_arm_addsubsf3.o)
                              ./Core/Src/main.o (__aeabi_ul2f)
c:/st/stm32cubeide_1.8.0/stm32cubeide/plugins/com.st.stm32cube.ide.mcu.externaltools.gnu-tools-for-stm32.10.3-2021.10.win32_1.0.0.202111181127/tools/bin/../lib/gcc/arm-none-eabi/10.3.1/thumb/v7e-m+fp/hard\libgcc.a(_aeabi_uldivmod.o)
                              ./Drivers/STM32F4xx_HAL_Driver/Src/stm32f4xx_hal_rcc.o (__aeabi_uldivmod)
c:/st/stm32cubeide_1.8.0/stm32cubeide/plugins/com.st.stm32cube.ide.mcu.externaltools.gnu-tools-for-stm32.10.3-2021.10.win32_1.0.0.202111181127/tools/bin/../lib/gcc/arm-none-eabi/10.3.1/thumb/v7e-m+fp/hard\libgcc.a(_udivmoddi4.o)
                              c:/st/stm32cubeide_1.8.0/stm32cubeide/plugins/com.st.stm32cube.ide.mcu.externaltools.gnu-tools-for-stm32.10.3-2021.10.win32_1.0.0.202111181127/tools/bin/../lib/gcc/arm-none-eabi/10.3.1/thumb/v7e-m+fp/hard\libgcc.a(_aeabi_uldivmod.o) (__udivmoddi4)
c:/st/stm32cubeide_1.8.0/stm32cubeide/plugins/com.st.stm32cube.ide.mcu.externaltools.gnu-tools-for-stm32.10.3-2021.10.win32_1.0.0.202111181127/tools/bin/../lib/gcc/arm-none-eabi/10.3.1/thumb/v7e-m+fp/hard\libgcc.a(_dvmd_tls.o)
                              c:/st/stm32cubeide_1.8.0/stm32cubeide/plugins/com.st.stm32cube.ide.mcu.externaltools.gnu-tools-for-stm32.10.3-2021.10.win32_1.0.0.202111181127/tools/bin/../lib/gcc/arm-none-eabi/10.3.1/thumb/v7e-m+fp/hard\libgcc.a(_aeabi_uldivmod.o) (__aeabi_ldiv0)

Discarded input sections

 .text          0x0000000000000000        0x0 c:/st/stm32cubeide_1.8.0/stm32cubeide/plugins/com.st.stm32cube.ide.mcu.externaltools.gnu-tools-for-stm32.10.3-2021.10.win32_1.0.0.202111181127/tools/bin/../lib/gcc/arm-none-eabi/10.3.1/thumb/v7e-m+fp/hard/crti.o
 .data          0x0000000000000000        0x0 c:/st/stm32cubeide_1.8.0/stm32cubeide/plugins/com.st.stm32cube.ide.mcu.externaltools.gnu-tools-for-stm32.10.3-2021.10.win32_1.0.0.202111181127/tools/bin/../lib/gcc/arm-none-eabi/10.3.1/thumb/v7e-m+fp/hard/crti.o
[...]
Memory Configuration

Name             Origin             Length             Attributes
RAM              0x0000000020000000 0x0000000000020000 xrw
FLASH            0x0000000008000000 0x0000000000080000 xr
*default*        0x0000000000000000 0xffffffffffffffff

Linker script and memory map

LOAD c:/st/stm32cubeide_1.8.0/stm32cubeide/plugins/com.st.stm32cube.ide.mcu.externaltools.gnu-tools-for-stm32.10.3-2021.10.win32_1.0.0.202111181127/tools/bin/../lib/gcc/arm-none-eabi/10.3.1/thumb/v7e-m+fp/hard/crti.o
LOAD c:/st/stm32cubeide_1.8.0/stm32cubeide/plugins/com.st.stm32cube.ide.mcu.externaltools.gnu-tools-for-stm32.10.3-2021.10.win32_1.0.0.202111181127/tools/bin/../lib/gcc/arm-none-eabi/10.3.1/thumb/v7e-m+fp/hard/crtbegin.o
LOAD c:/st/stm32cubeide_1.8.0/stm32cubeide/plugins/com.st.stm32cube.ide.mcu.externaltools.gnu-tools-for-stm32.10.3-2021.10.win32_1.0.0.202111181127/tools/bin/../lib/gcc/arm-none-eabi/10.3.1/../../../../arm-none-eabi/lib/thumb/v7e-m+fp/hard/crt0.o
LOAD ./Core/Src/main.o
LOAD ./Core/Src/stm32f4xx_hal_msp.o
LOAD ./Core/Src/stm32f4xx_it.o
LOAD ./Core/Src/syscalls.o
LOAD ./Core/Src/sysmem.o
LOAD ./Core/Src/system_stm32f4xx.o
LOAD ./Core/Startup/startup_stm32f411retx.o
LOAD ./Drivers/STM32F4xx_HAL_Driver/Src/stm32f4xx_hal.o
LOAD ./Drivers/STM32F4xx_HAL_Driver/Src/stm32f4xx_hal_cortex.o
LOAD ./Drivers/STM32F4xx_HAL_Driver/Src/stm32f4xx_hal_dma.o
LOAD ./Drivers/STM32F4xx_HAL_Driver/Src/stm32f4xx_hal_dma_ex.o
LOAD ./Drivers/STM32F4xx_HAL_Driver/Src/stm32f4xx_hal_exti.o
LOAD ./Drivers/STM32F4xx_HAL_Driver/Src/stm32f4xx_hal_flash.o
LOAD ./Drivers/STM32F4xx_HAL_Driver/Src/stm32f4xx_hal_flash_ex.o
LOAD ./Drivers/STM32F4xx_HAL_Driver/Src/stm32f4xx_hal_flash_ramfunc.o
LOAD ./Drivers/STM32F4xx_HAL_Driver/Src/stm32f4xx_hal_gpio.o
LOAD ./Drivers/STM32F4xx_HAL_Driver/Src/stm32f4xx_hal_i2c.o
LOAD ./Drivers/STM32F4xx_HAL_Driver/Src/stm32f4xx_hal_i2c_ex.o
LOAD ./Drivers/STM32F4xx_HAL_Driver/Src/stm32f4xx_hal_pwr.o
LOAD ./Drivers/STM32F4xx_HAL_Driver/Src/stm32f4xx_hal_pwr_ex.o
LOAD ./Drivers/STM32F4xx_HAL_Driver/Src/stm32f4xx_hal_rcc.o
LOAD ./Drivers/STM32F4xx_HAL_Driver/Src/stm32f4xx_hal_rcc_ex.o
LOAD ./Drivers/STM32F4xx_HAL_Driver/Src/stm32f4xx_hal_tim.o
LOAD ./Drivers/STM32F4xx_HAL_Driver/Src/stm32f4xx_hal_tim_ex.o
LOAD ./Drivers/STM32F4xx_HAL_Driver/Src/stm32f4xx_hal_uart.o
START GROUP
LOAD c:/st/stm32cubeide_1.8.0/stm32cubeide/plugins/com.st.stm32cube.ide.mcu.externaltools.gnu-tools-for-stm32.10.3-2021.10.win32_1.0.0.202111181127/tools/bin/../lib/gcc/arm-none-eabi/10.3.1/../../../../arm-none-eabi/lib/thumb/v7e-m+fp/hard\libstdc++_nano.a
LOAD c:/st/stm32cubeide_1.8.0/stm32cubeide/plugins/com.st.stm32cube.ide.mcu.externaltools.gnu-tools-for-stm32.10.3-2021.10.win32_1.0.0.202111181127/tools/bin/../lib/gcc/arm-none-eabi/10.3.1/../../../../arm-none-eabi/lib/thumb/v7e-m+fp/hard\libsupc++_nano.a
END GROUP
LOAD c:/st/stm32cubeide_1.8.0/stm32cubeide/plugins/com.st.stm32cube.ide.mcu.externaltools.gnu-tools-for-stm32.10.3-2021.10.win32_1.0.0.202111181127/tools/bin/../lib/gcc/arm-none-eabi/10.3.1/../../../../arm-none-eabi/lib/thumb/v7e-m+fp/hard\libstdc++_nano.a
LOAD c:/st/stm32cubeide_1.8.0/stm32cubeide/plugins/com.st.stm32cube.ide.mcu.externaltools.gnu-tools-for-stm32.10.3-2021.10.win32_1.0.0.202111181127/tools/bin/../lib/gcc/arm-none-eabi/10.3.1/../../../../arm-none-eabi/lib/thumb/v7e-m+fp/hard\libm.a
LOAD c:/st/stm32cubeide_1.8.0/stm32cubeide/plugins/com.st.stm32cube.ide.mcu.externaltools.gnu-tools-for-stm32.10.3-2021.10.win32_1.0.0.202111181127/tools/bin/../lib/gcc/arm-none-eabi/10.3.1/../../../../arm-none-eabi/lib/thumb/v7e-m+fp/hard\libc_nano.a
START GROUP
LOAD c:/st/stm32cubeide_1.8.0/stm32cubeide/plugins/com.st.stm32cube.ide.mcu.externaltools.gnu-tools-for-stm32.10.3-2021.10.win32_1.0.0.202111181127/tools/bin/../lib/gcc/arm-none-eabi/10.3.1/thumb/v7e-m+fp/hard\libgcc.a
LOAD c:/st/stm32cubeide_1.8.0/stm32cubeide/plugins/com.st.stm32cube.ide.mcu.externaltools.gnu-tools-for-stm32.10.3-2021.10.win32_1.0.0.202111181127/tools/bin/../lib/gcc/arm-none-eabi/10.3.1/../../../../arm-none-eabi/lib/thumb/v7e-m+fp/hard\libc_nano.a
END GROUP
START GROUP
LOAD c:/st/stm32cubeide_1.8.0/stm32cubeide/plugins/com.st.stm32cube.ide.mcu.externaltools.gnu-tools-for-stm32.10.3-2021.10.win32_1.0.0.202111181127/tools/bin/../lib/gcc/arm-none-eabi/10.3.1/thumb/v7e-m+fp/hard\libgcc.a
LOAD c:/st/stm32cubeide_1.8.0/stm32cubeide/plugins/com.st.stm32cube.ide.mcu.externaltools.gnu-tools-for-stm32.10.3-2021.10.win32_1.0.0.202111181127/tools/bin/../lib/gcc/arm-none-eabi/10.3.1/../../../../arm-none-eabi/lib/thumb/v7e-m+fp/hard\libc_nano.a
LOAD c:/st/stm32cubeide_1.8.0/stm32cubeide/plugins/com.st.stm32cube.ide.mcu.externaltools.gnu-tools-for-stm32.10.3-2021.10.win32_1.0.0.202111181127/tools/bin/../lib/gcc/arm-none-eabi/10.3.1/../../../../arm-none-eabi/lib/thumb/v7e-m+fp/hard\libnosys.a
END GROUP
START GROUP
LOAD c:/st/stm32cubeide_1.8.0/stm32cubeide/plugins/com.st.stm32cube.ide.mcu.externaltools.gnu-tools-for-stm32.10.3-2021.10.win32_1.0.0.202111181127/tools/bin/../lib/gcc/arm-none-eabi/10.3.1/thumb/v7e-m+fp/hard\libgcc.a
LOAD c:/st/stm32cubeide_1.8.0/stm32cubeide/plugins/com.st.stm32cube.ide.mcu.externaltools.gnu-tools-for-stm32.10.3-2021.10.win32_1.0.0.202111181127/tools/bin/../lib/gcc/arm-none-eabi/10.3.1/../../../../arm-none-eabi/lib/thumb/v7e-m+fp/hard\libc_nano.a
LOAD c:/st/stm32cubeide_1.8.0/stm32cubeide/plugins/com.st.stm32cube.ide.mcu.externaltools.gnu-tools-for-stm32.10.3-2021.10.win32_1.0.0.202111181127/tools/bin/../lib/gcc/arm-none-eabi/10.3.1/../../../../arm-none-eabi/lib/thumb/v7e-m+fp/hard\libnosys.a
END GROUP
LOAD c:/st/stm32cubeide_1.8.0/stm32cubeide/plugins/com.st.stm32cube.ide.mcu.externaltools.gnu-tools-for-stm32.10.3-2021.10.win32_1.0.0.202111181127/tools/bin/../lib/gcc/arm-none-eabi/10.3.1/thumb/v7e-m+fp/hard/crtend.o
LOAD c:/st/stm32cubeide_1.8.0/stm32cubeide/plugins/com.st.stm32cube.ide.mcu.externaltools.gnu-tools-for-stm32.10.3-2021.10.win32_1.0.0.202111181127/tools/bin/../lib/gcc/arm-none-eabi/10.3.1/thumb/v7e-m+fp/hard/crtn.o
                0x0000000020020000                _estack = (ORIGIN (RAM) + LENGTH (RAM))
                0x0000000000000200                _Min_Heap_Size = 0x200
                0x0000000000000400                _Min_Stack_Size = 0x400

.isr_vector     0x0000000008000000      0x198
                0x0000000008000000                . = ALIGN (0x4)
 *(.isr_vector)
 .isr_vector    0x0000000008000000      0x198 ./Core/Startup/startup_stm32f411retx.o
                0x0000000008000000                g_pfnVectors
                0x0000000008000198                . = ALIGN (0x4)

.text           0x0000000008000198     0x9200
                0x0000000008000198                . = ALIGN (0x4)
 *(.text)
 .text          0x0000000008000198       0x40 c:/st/stm32cubeide_1.8.0/stm32cubeide/plugins/com.st.stm32cube.ide.mcu.externaltools.gnu-tools-for-stm32.10.3-2021.10.win32_1.0.0.202111181127/tools/bin/../lib/gcc/arm-none-eabi/10.3.1/thumb/v7e-m+fp/hard/crtbegin.o
 .text          0x00000000080001d8      0x21c c:/st/stm32cubeide_1.8.0/stm32cubeide/plugins/com.st.stm32cube.ide.mcu.externaltools.gnu-tools-for-stm32.10.3-2021.10.win32_1.0.0.202111181127/tools/bin/../lib/gcc/arm-none-eabi/10.3.1/thumb/v7e-m+fp/hard\libgcc.a(_arm_addsubsf3.o)
                0x00000000080001d8                __aeabi_frsub
                0x00000000080001e0                __subsf3
                0x00000000080001e0                __aeabi_fsub
                0x00000000080001e4                __aeabi_fadd
                0x00000000080001e4                __addsf3
                0x0000000008000344                __aeabi_ui2f
                0x0000000008000344                __floatunsisf
                0x000000000800034c                __aeabi_i2f
                0x000000000800034c                __floatsisf
                0x0000000008000368                __aeabi_ul2f
                0x0000000008000368                __floatundisf
                0x0000000008000378                __aeabi_l2f
                0x0000000008000378                __floatdisf
 .text          0x00000000080003f4       0x30 c:/st/stm32cubeide_1.8.0/stm32cubeide/plugins/com.st.stm32cube.ide.mcu.externaltools.gnu-tools-for-stm32.10.3-2021.10.win32_1.0.0.202111181127/tools/bin/../lib/gcc/arm-none-eabi/10.3.1/thumb/v7e-m+fp/hard\libgcc.a(_aeabi_uldivmod.o)
                0x00000000080003f4                __aeabi_uldivmod
 .text          0x0000000008000424      0x2d0 c:/st/stm32cubeide_1.8.0/stm32cubeide/plugins/com.st.stm32cube.ide.mcu.externaltools.gnu-tools-for-stm32.10.3-2021.10.win32_1.0.0.202111181127/tools/bin/../lib/gcc/arm-none-eabi/10.3.1/thumb/v7e-m+fp/hard\libgcc.a(_udivmoddi4.o)
                0x0000000008000424                __udivmoddi4
 .text          0x00000000080006f4        0x4 c:/st/stm32cubeide_1.8.0/stm32cubeide/plugins/com.st.stm32cube.ide.mcu.externaltools.gnu-tools-for-stm32.10.3-2021.10.win32_1.0.0.202111181127/tools/bin/../lib/gcc/arm-none-eabi/10.3.1/thumb/v7e-m+fp/hard\libgcc.a(_dvmd_tls.o)
                0x00000000080006f4                __aeabi_idiv0
                0x00000000080006f4                __aeabi_ldiv0
 *(.text*)
 .text.main     0x00000000080006f8      0x1c8 ./Core/Src/main.o
                0x00000000080006f8                main
 .text.SystemClock_Config
                0x00000000080008c0       0xd0 ./Core/Src/main.o
                0x00000000080008c0                SystemClock_Config
 .text.MX_I2C1_Init
                0x0000000008000990       0x5c ./Core/Src/main.o
 .text.MX_I2C3_Init
                0x00000000080009ec       0x5c ./Core/Src/main.o
 .text.MX_TIM2_Init
                0x0000000008000a48       0xe0 ./Core/Src/main.o
 .text.MX_TIM4_Init
                0x0000000008000b28       0xec ./Core/Src/main.o
 .text.MX_TIM11_Init
                0x0000000008000c14       0x48 ./Core/Src/main.o
 .text.MX_USART2_UART_Init
                0x0000000008000c5c       0x58 ./Core/Src/main.o
 .text.MX_DMA_Init
                0x0000000008000cb4       0x40 ./Core/Src/main.o
 .text.MX_GPIO_Init
                0x0000000008000cf4      0x1b4 ./Core/Src/main.o
 .text.GrandStatumix
                0x0000000008000ea8      0x1bc ./Core/Src/main.o
                0x0000000008000ea8                GrandStatumix
 .text.LaserTrajex_workflow
                0x0000000008001064       0xd8 ./Core/Src/main.o
                0x0000000008001064                LaserTrajex_workflow
 .text.ResetParam
                0x000000000800113c       0x50 ./Core/Src/main.o
                0x000000000800113c                ResetParam
 .text.GraytoBinario
                0x000000000800118c       0x7e ./Core/Src/main.o
                0x000000000800118c                GraytoBinario
 *fill*         0x000000000800120a        0x2 
 .text.PIDzero  0x000000000800120c      0x114 ./Core/Src/main.o
                0x000000000800120c                PIDzero
 .text.MotDrvCytron
                0x0000000008001320       0xc8 ./Core/Src/main.o
                0x0000000008001320                MotDrvCytron
 .text.IOExpenderInit
                0x00000000080013e8       0x2c ./Core/Src/main.o
                0x00000000080013e8                IOExpenderInit
 .text.AbsEncI2CReadx
                0x0000000008001414       0xb8 ./Core/Src/main.o
                0x0000000008001414                AbsEncI2CReadx
 .text.Efft_activate
                0x00000000080014cc       0x8c ./Core/Src/main.o
                0x00000000080014cc                Efft_activate
 .text.Efft_read
                0x0000000008001558       0x84 ./Core/Src/main.o
                0x0000000008001558                Efft_read
 .text.All_mode_UARTUI
                0x00000000080015dc      0x658 ./Core/Src/main.o
                0x00000000080015dc                All_mode_UARTUI
 .text.UARTRecieveIT
                0x0000000008001c34       0x94 ./Core/Src/main.o
                0x0000000008001c34                UARTRecieveIT
 .text.HAL_GPIO_EXTI_Callback
                0x0000000008001cc8       0xa0 ./Core/Src/main.o
                0x0000000008001cc8                HAL_GPIO_EXTI_Callback
 .text.micros   0x0000000008001d68       0x34 ./Core/Src/main.o
                0x0000000008001d68                micros
 .text.HAL_TIM_PeriodElapsedCallback
                0x0000000008001d9c       0x38 ./Core/Src/main.o
                0x0000000008001d9c                HAL_TIM_PeriodElapsedCallback
 .text.Error_Handler
                0x0000000008001dd4        0xa ./Core/Src/main.o
                0x0000000008001dd4                Error_Handler
 *fill*         0x0000000008001dde        0x2 
 .text.HAL_MspInit
                0x0000000008001de0       0x50 ./Core/Src/stm32f4xx_hal_msp.o
                0x0000000008001de0                HAL_MspInit
 .text.HAL_I2C_MspInit
                0x0000000008001e30      0x180 ./Core/Src/stm32f4xx_hal_msp.o
                0x0000000008001e30                HAL_I2C_MspInit
 .text.HAL_TIM_Base_MspInit
                0x0000000008001fb0      0x15c ./Core/Src/stm32f4xx_hal_msp.o
                0x0000000008001fb0                HAL_TIM_Base_MspInit
 .text.HAL_TIM_MspPostInit
                0x000000000800210c       0x74 ./Core/Src/stm32f4xx_hal_msp.o
                0x000000000800210c                HAL_TIM_MspPostInit
 .text.HAL_UART_MspInit
                0x0000000008002180       0xa0 ./Core/Src/stm32f4xx_hal_msp.o
                0x0000000008002180                HAL_UART_MspInit
 .text.NMI_Handler
                0x0000000008002220        0x6 ./Core/Src/stm32f4xx_it.o
                0x0000000008002220                NMI_Handler
 .text.HardFault_Handler
                0x0000000008002226        0x6 ./Core/Src/stm32f4xx_it.o
                0x0000000008002226                HardFault_Handler
 .text.MemManage_Handler
                0x000000000800222c        0x6 ./Core/Src/stm32f4xx_it.o
                0x000000000800222c                MemManage_Handler
 .text.BusFault_Handler
                0x0000000008002232        0x6 ./Core/Src/stm32f4xx_it.o
                0x0000000008002232                BusFault_Handler
 .text.UsageFault_Handler
                0x0000000008002238        0x6 ./Core/Src/stm32f4xx_it.o
                0x0000000008002238                UsageFault_Handler
 .text.SVC_Handler
                0x000000000800223e        0xe ./Core/Src/stm32f4xx_it.o
                0x000000000800223e                SVC_Handler
 .text.DebugMon_Handler
                0x000000000800224c        0xe ./Core/Src/stm32f4xx_it.o
                0x000000000800224c                DebugMon_Handler
 .text.PendSV_Handler
                0x000000000800225a        0xe ./Core/Src/stm32f4xx_it.o
                0x000000000800225a                PendSV_Handler
 .text.SysTick_Handler
                0x0000000008002268        0xc ./Core/Src/stm32f4xx_it.o
                0x0000000008002268                SysTick_Handler
 .text.EXTI2_IRQHandler
                0x0000000008002274        0xe ./Core/Src/stm32f4xx_it.o
                0x0000000008002274                EXTI2_IRQHandler
 *fill*         0x0000000008002282        0x2 
 .text.DMA1_Stream5_IRQHandler
                0x0000000008002284       0x14 ./Core/Src/stm32f4xx_it.o
                0x0000000008002284                DMA1_Stream5_IRQHandler
 .text.TIM1_TRG_COM_TIM11_IRQHandler
                0x0000000008002298       0x14 ./Core/Src/stm32f4xx_it.o
                0x0000000008002298                TIM1_TRG_COM_TIM11_IRQHandler
 .text.I2C1_EV_IRQHandler
                0x00000000080022ac       0x14 ./Core/Src/stm32f4xx_it.o
                0x00000000080022ac                I2C1_EV_IRQHandler
 .text.I2C1_ER_IRQHandler
                0x00000000080022c0       0x14 ./Core/Src/stm32f4xx_it.o
                0x00000000080022c0                I2C1_ER_IRQHandler
 .text.USART2_IRQHandler
                0x00000000080022d4       0x14 ./Core/Src/stm32f4xx_it.o
                0x00000000080022d4                USART2_IRQHandler
 .text.EXTI15_10_IRQHandler
                0x00000000080022e8       0x20 ./Core/Src/stm32f4xx_it.o
                0x00000000080022e8                EXTI15_10_IRQHandler
 .text.I2C3_EV_IRQHandler
                0x0000000008002308       0x14 ./Core/Src/stm32f4xx_it.o
                0x0000000008002308                I2C3_EV_IRQHandler
 .text.I2C3_ER_IRQHandler
                0x000000000800231c       0x14 ./Core/Src/stm32f4xx_it.o
                0x000000000800231c                I2C3_ER_IRQHandler
 .text.SystemInit
                0x0000000008002330       0x24 ./Core/Src/system_stm32f4xx.o
                0x0000000008002330                SystemInit
 .text.Reset_Handler
                0x0000000008002354       0x50 ./Core/Startup/startup_stm32f411retx.o
                0x0000000008002354                Reset_Handler
 .text.Default_Handler
                0x00000000080023a4        0x2 ./Core/Startup/startup_stm32f411retx.o
                0x00000000080023a4                RTC_Alarm_IRQHandler
                0x00000000080023a4                SPI4_IRQHandler
                0x00000000080023a4                TIM1_CC_IRQHandler
                0x00000000080023a4                DMA2_Stream5_IRQHandler
                0x00000000080023a4                PVD_IRQHandler
                0x00000000080023a4                SDIO_IRQHandler
                0x00000000080023a4                TAMP_STAMP_IRQHandler
                0x00000000080023a4                EXTI3_IRQHandler
                0x00000000080023a4                TIM1_UP_TIM10_IRQHandler
                0x00000000080023a4                EXTI0_IRQHandler
                0x00000000080023a4                I2C2_EV_IRQHandler
                0x00000000080023a4                DMA1_Stream2_IRQHandler
                0x00000000080023a4                FPU_IRQHandler
                0x00000000080023a4                DMA2_Stream2_IRQHandler
                0x00000000080023a4                SPI1_IRQHandler
                0x00000000080023a4                TIM1_BRK_TIM9_IRQHandler
                0x00000000080023a4                DMA2_Stream3_IRQHandler
                0x00000000080023a4                USART6_IRQHandler
                0x00000000080023a4                DMA2_Stream0_IRQHandler
                0x00000000080023a4                TIM4_IRQHandler
                0x00000000080023a4                DMA1_Stream6_IRQHandler
                0x00000000080023a4                DMA1_Stream1_IRQHandler
                0x00000000080023a4                TIM3_IRQHandler
                0x00000000080023a4                RCC_IRQHandler
                0x00000000080023a4                Default_Handler
                0x00000000080023a4                ADC_IRQHandler
                0x00000000080023a4                DMA1_Stream7_IRQHandler
                0x00000000080023a4                SPI5_IRQHandler
                0x00000000080023a4                TIM5_IRQHandler
                0x00000000080023a4                DMA2_Stream7_IRQHandler
                0x00000000080023a4                EXTI9_5_IRQHandler
                0x00000000080023a4                RTC_WKUP_IRQHandler
                0x00000000080023a4                SPI2_IRQHandler
                0x00000000080023a4                DMA1_Stream0_IRQHandler
                0x00000000080023a4                EXTI4_IRQHandler
                0x00000000080023a4                WWDG_IRQHandler
                0x00000000080023a4                TIM2_IRQHandler
                0x00000000080023a4                OTG_FS_WKUP_IRQHandler
                0x00000000080023a4                EXTI1_IRQHandler
                0x00000000080023a4                I2C2_ER_IRQHandler
                0x00000000080023a4                DMA2_Stream1_IRQHandler
                0x00000000080023a4                FLASH_IRQHandler
                0x00000000080023a4                DMA2_Stream4_IRQHandler
                0x00000000080023a4                USART1_IRQHandler
                0x00000000080023a4                OTG_FS_IRQHandler
                0x00000000080023a4                SPI3_IRQHandler
                0x00000000080023a4                DMA1_Stream4_IRQHandler
                0x00000000080023a4                DMA2_Stream6_IRQHandler
                0x00000000080023a4                DMA1_Stream3_IRQHandler
 *fill*         0x00000000080023a6        0x2 
 .text.HAL_Init
                0x00000000080023a8       0x44 ./Drivers/STM32F4xx_HAL_Driver/Src/stm32f4xx_hal.o
                0x00000000080023a8                HAL_Init
 .text.HAL_InitTick
                0x00000000080023ec       0x60 ./Drivers/STM32F4xx_HAL_Driver/Src/stm32f4xx_hal.o
                0x00000000080023ec                HAL_InitTick
 .text.HAL_IncTick
                0x000000000800244c       0x28 ./Drivers/STM32F4xx_HAL_Driver/Src/stm32f4xx_hal.o
                0x000000000800244c                HAL_IncTick
 .text.HAL_GetTick
                0x0000000008002474       0x18 ./Drivers/STM32F4xx_HAL_Driver/Src/stm32f4xx_hal.o
                0x0000000008002474                HAL_GetTick
 .text.HAL_Delay
                0x000000000800248c       0x48 ./Drivers/STM32F4xx_HAL_Driver/Src/stm32f4xx_hal.o
                0x000000000800248c                HAL_Delay
 .text.__NVIC_SetPriorityGrouping
                0x00000000080024d4       0x48 ./Drivers/STM32F4xx_HAL_Driver/Src/stm32f4xx_hal_cortex.o
 .text.__NVIC_GetPriorityGrouping
                0x000000000800251c       0x1c ./Drivers/STM32F4xx_HAL_Driver/Src/stm32f4xx_hal_cortex.o
 .text.__NVIC_EnableIRQ
                0x0000000008002538       0x3c ./Drivers/STM32F4xx_HAL_Driver/Src/stm32f4xx_hal_cortex.o
 .text.__NVIC_SetPriority
                0x0000000008002574       0x54 ./Drivers/STM32F4xx_HAL_Driver/Src/stm32f4xx_hal_cortex.o
 .text.NVIC_EncodePriority
                0x00000000080025c8       0x66 ./Drivers/STM32F4xx_HAL_Driver/Src/stm32f4xx_hal_cortex.o
 *fill*         0x000000000800262e        0x2 
 .text.SysTick_Config
                0x0000000008002630       0x44 ./Drivers/STM32F4xx_HAL_Driver/Src/stm32f4xx_hal_cortex.o
 .text.HAL_NVIC_SetPriorityGrouping
                0x0000000008002674       0x16 ./Drivers/STM32F4xx_HAL_Driver/Src/stm32f4xx_hal_cortex.o
                0x0000000008002674                HAL_NVIC_SetPriorityGrouping
 .text.HAL_NVIC_SetPriority
                0x000000000800268a       0x38 ./Drivers/STM32F4xx_HAL_Driver/Src/stm32f4xx_hal_cortex.o
                0x000000000800268a                HAL_NVIC_SetPriority
 .text.HAL_NVIC_EnableIRQ
                0x00000000080026c2       0x1c ./Drivers/STM32F4xx_HAL_Driver/Src/stm32f4xx_hal_cortex.o
                0x00000000080026c2                HAL_NVIC_EnableIRQ
 .text.HAL_SYSTICK_Config
                0x00000000080026de       0x18 ./Drivers/STM32F4xx_HAL_Driver/Src/stm32f4xx_hal_cortex.o
                0x00000000080026de                HAL_SYSTICK_Config
 *fill*         0x00000000080026f6        0x2 
 .text.HAL_DMA_Init
                0x00000000080026f8      0x15c ./Drivers/STM32F4xx_HAL_Driver/Src/stm32f4xx_hal_dma.o
                0x00000000080026f8                HAL_DMA_Init
 .text.HAL_DMA_Start_IT
                0x0000000008002854       0xb0 ./Drivers/STM32F4xx_HAL_Driver/Src/stm32f4xx_hal_dma.o
                0x0000000008002854                HAL_DMA_Start_IT
 .text.HAL_DMA_Abort
                0x0000000008002904       0xe0 ./Drivers/STM32F4xx_HAL_Driver/Src/stm32f4xx_hal_dma.o
                0x0000000008002904                HAL_DMA_Abort
 .text.HAL_DMA_Abort_IT
                0x00000000080029e4       0x44 ./Drivers/STM32F4xx_HAL_Driver/Src/stm32f4xx_hal_dma.o
                0x00000000080029e4                HAL_DMA_Abort_IT
 .text.HAL_DMA_IRQHandler
                0x0000000008002a28      0x314 ./Drivers/STM32F4xx_HAL_Driver/Src/stm32f4xx_hal_dma.o
                0x0000000008002a28                HAL_DMA_IRQHandler
 .text.HAL_DMA_GetState
                0x0000000008002d3c       0x1c ./Drivers/STM32F4xx_HAL_Driver/Src/stm32f4xx_hal_dma.o
                0x0000000008002d3c                HAL_DMA_GetState
 .text.DMA_SetConfig
                0x0000000008002d58       0x5c ./Drivers/STM32F4xx_HAL_Driver/Src/stm32f4xx_hal_dma.o
 .text.DMA_CalcBaseAndBitshift
                0x0000000008002db4       0x6c ./Drivers/STM32F4xx_HAL_Driver/Src/stm32f4xx_hal_dma.o
 .text.DMA_CheckFifoParam
                0x0000000008002e20       0xf8 ./Drivers/STM32F4xx_HAL_Driver/Src/stm32f4xx_hal_dma.o
 .text.HAL_GPIO_Init
                0x0000000008002f18      0x308 ./Drivers/STM32F4xx_HAL_Driver/Src/stm32f4xx_hal_gpio.o
                0x0000000008002f18                HAL_GPIO_Init
 .text.HAL_GPIO_ReadPin
                0x0000000008003220       0x30 ./Drivers/STM32F4xx_HAL_Driver/Src/stm32f4xx_hal_gpio.o
                0x0000000008003220                HAL_GPIO_ReadPin
 .text.HAL_GPIO_WritePin
                0x0000000008003250       0x32 ./Drivers/STM32F4xx_HAL_Driver/Src/stm32f4xx_hal_gpio.o
                0x0000000008003250                HAL_GPIO_WritePin
 *fill*         0x0000000008003282        0x2 
 .text.HAL_GPIO_EXTI_IRQHandler
                0x0000000008003284       0x30 ./Drivers/STM32F4xx_HAL_Driver/Src/stm32f4xx_hal_gpio.o
                0x0000000008003284                HAL_GPIO_EXTI_IRQHandler
 .text.HAL_I2C_Init
                0x00000000080032b4      0x288 ./Drivers/STM32F4xx_HAL_Driver/Src/stm32f4xx_hal_i2c.o
                0x00000000080032b4                HAL_I2C_Init
 .text.HAL_I2C_Mem_Write
                0x000000000800353c      0x1f4 ./Drivers/STM32F4xx_HAL_Driver/Src/stm32f4xx_hal_i2c.o
                0x000000000800353c                HAL_I2C_Mem_Write
 .text.HAL_I2C_Mem_Read
                0x0000000008003730      0x44c ./Drivers/STM32F4xx_HAL_Driver/Src/stm32f4xx_hal_i2c.o
                0x0000000008003730                HAL_I2C_Mem_Read
 .text.HAL_I2C_Master_Seq_Transmit_IT
                0x0000000008003b7c      0x18c ./Drivers/STM32F4xx_HAL_Driver/Src/stm32f4xx_hal_i2c.o
                0x0000000008003b7c                HAL_I2C_Master_Seq_Transmit_IT
 .text.HAL_I2C_Master_Seq_Receive_IT
                0x0000000008003d08      0x1fc ./Drivers/STM32F4xx_HAL_Driver/Src/stm32f4xx_hal_i2c.o
                0x0000000008003d08                HAL_I2C_Master_Seq_Receive_IT
 .text.HAL_I2C_EV_IRQHandler
                0x0000000008003f04      0x2e2 ./Drivers/STM32F4xx_HAL_Driver/Src/stm32f4xx_hal_i2c.o
                0x0000000008003f04                HAL_I2C_EV_IRQHandler
 .text.HAL_I2C_ER_IRQHandler
                0x00000000080041e6      0x14e ./Drivers/STM32F4xx_HAL_Driver/Src/stm32f4xx_hal_i2c.o
                0x00000000080041e6                HAL_I2C_ER_IRQHandler
 .text.HAL_I2C_MasterTxCpltCallback
                0x0000000008004334       0x14 ./Drivers/STM32F4xx_HAL_Driver/Src/stm32f4xx_hal_i2c.o
                0x0000000008004334                HAL_I2C_MasterTxCpltCallback
 .text.HAL_I2C_MasterRxCpltCallback
                0x0000000008004348       0x14 ./Drivers/STM32F4xx_HAL_Driver/Src/stm32f4xx_hal_i2c.o
                0x0000000008004348                HAL_I2C_MasterRxCpltCallback
 .text.HAL_I2C_SlaveTxCpltCallback
                0x000000000800435c       0x14 ./Drivers/STM32F4xx_HAL_Driver/Src/stm32f4xx_hal_i2c.o
                0x000000000800435c                HAL_I2C_SlaveTxCpltCallback
 .text.HAL_I2C_SlaveRxCpltCallback
                0x0000000008004370       0x14 ./Drivers/STM32F4xx_HAL_Driver/Src/stm32f4xx_hal_i2c.o
                0x0000000008004370                HAL_I2C_SlaveRxCpltCallback
 .text.HAL_I2C_AddrCallback
                0x0000000008004384       0x1c ./Drivers/STM32F4xx_HAL_Driver/Src/stm32f4xx_hal_i2c.o
                0x0000000008004384                HAL_I2C_AddrCallback
 .text.HAL_I2C_ListenCpltCallback
                0x00000000080043a0       0x14 ./Drivers/STM32F4xx_HAL_Driver/Src/stm32f4xx_hal_i2c.o
                0x00000000080043a0                HAL_I2C_ListenCpltCallback
 .text.HAL_I2C_MemTxCpltCallback
                0x00000000080043b4       0x14 ./Drivers/STM32F4xx_HAL_Driver/Src/stm32f4xx_hal_i2c.o
                0x00000000080043b4                HAL_I2C_MemTxCpltCallback
 .text.HAL_I2C_MemRxCpltCallback
                0x00000000080043c8       0x14 ./Drivers/STM32F4xx_HAL_Driver/Src/stm32f4xx_hal_i2c.o
                0x00000000080043c8                HAL_I2C_MemRxCpltCallback
 .text.HAL_I2C_ErrorCallback
                0x00000000080043dc       0x14 ./Drivers/STM32F4xx_HAL_Driver/Src/stm32f4xx_hal_i2c.o
                0x00000000080043dc                HAL_I2C_ErrorCallback
 .text.HAL_I2C_AbortCpltCallback
                0x00000000080043f0       0x14 ./Drivers/STM32F4xx_HAL_Driver/Src/stm32f4xx_hal_i2c.o
                0x00000000080043f0                HAL_I2C_AbortCpltCallback
 .text.I2C_MasterTransmit_TXE
                0x0000000008004404      0x138 ./Drivers/STM32F4xx_HAL_Driver/Src/stm32f4xx_hal_i2c.o
 .text.I2C_MasterTransmit_BTF
                0x000000000800453c       0xec ./Drivers/STM32F4xx_HAL_Driver/Src/stm32f4xx_hal_i2c.o
 .text.I2C_MemoryTransmit_TXE_BTF
                0x0000000008004628      0x128 ./Drivers/STM32F4xx_HAL_Driver/Src/stm32f4xx_hal_i2c.o
 .text.I2C_MasterReceive_RXNE
                0x0000000008004750      0x176 ./Drivers/STM32F4xx_HAL_Driver/Src/stm32f4xx_hal_i2c.o
 .text.I2C_MasterReceive_BTF
                0x00000000080048c6      0x1d4 ./Drivers/STM32F4xx_HAL_Driver/Src/stm32f4xx_hal_i2c.o
 .text.I2C_Master_SB
                0x0000000008004a9a      0x10c ./Drivers/STM32F4xx_HAL_Driver/Src/stm32f4xx_hal_i2c.o
 .text.I2C_Master_ADD10
                0x0000000008004ba6       0x54 ./Drivers/STM32F4xx_HAL_Driver/Src/stm32f4xx_hal_i2c.o
 .text.I2C_Master_ADDR
                0x0000000008004bfa      0x322 ./Drivers/STM32F4xx_HAL_Driver/Src/stm32f4xx_hal_i2c.o
 .text.I2C_SlaveTransmit_TXE
                0x0000000008004f1c       0x7a ./Drivers/STM32F4xx_HAL_Driver/Src/stm32f4xx_hal_i2c.o
 .text.I2C_SlaveTransmit_BTF
                0x0000000008004f96       0x42 ./Drivers/STM32F4xx_HAL_Driver/Src/stm32f4xx_hal_i2c.o
 .text.I2C_SlaveReceive_RXNE
                0x0000000008004fd8       0x7c ./Drivers/STM32F4xx_HAL_Driver/Src/stm32f4xx_hal_i2c.o
 .text.I2C_SlaveReceive_BTF
                0x0000000008005054       0x44 ./Drivers/STM32F4xx_HAL_Driver/Src/stm32f4xx_hal_i2c.o
 .text.I2C_Slave_ADDR
                0x0000000008005098       0x94 ./Drivers/STM32F4xx_HAL_Driver/Src/stm32f4xx_hal_i2c.o
 .text.I2C_Slave_STOPF
                0x000000000800512c      0x260 ./Drivers/STM32F4xx_HAL_Driver/Src/stm32f4xx_hal_i2c.o
 .text.I2C_Slave_AF
                0x000000000800538c       0xe0 ./Drivers/STM32F4xx_HAL_Driver/Src/stm32f4xx_hal_i2c.o
 .text.I2C_ITError
                0x000000000800546c      0x264 ./Drivers/STM32F4xx_HAL_Driver/Src/stm32f4xx_hal_i2c.o
 .text.I2C_RequestMemoryWrite
                0x00000000080056d0      0x12c ./Drivers/STM32F4xx_HAL_Driver/Src/stm32f4xx_hal_i2c.o
 .text.I2C_RequestMemoryRead
                0x00000000080057fc      0x1d0 ./Drivers/STM32F4xx_HAL_Driver/Src/stm32f4xx_hal_i2c.o
 .text.I2C_DMAAbort
                0x00000000080059cc      0x150 ./Drivers/STM32F4xx_HAL_Driver/Src/stm32f4xx_hal_i2c.o
 .text.I2C_WaitOnFlagUntilTimeout
                0x0000000008005b1c       0xae ./Drivers/STM32F4xx_HAL_Driver/Src/stm32f4xx_hal_i2c.o
 .text.I2C_WaitOnMasterAddressFlagUntilTimeout
                0x0000000008005bca       0xfe ./Drivers/STM32F4xx_HAL_Driver/Src/stm32f4xx_hal_i2c.o
 .text.I2C_WaitOnTXEFlagUntilTimeout
                0x0000000008005cc8       0x82 ./Drivers/STM32F4xx_HAL_Driver/Src/stm32f4xx_hal_i2c.o
 .text.I2C_WaitOnBTFFlagUntilTimeout
                0x0000000008005d4a       0x82 ./Drivers/STM32F4xx_HAL_Driver/Src/stm32f4xx_hal_i2c.o
 .text.I2C_WaitOnSTOPRequestThroughIT
                0x0000000008005dcc       0x64 ./Drivers/STM32F4xx_HAL_Driver/Src/stm32f4xx_hal_i2c.o
 .text.I2C_WaitOnRXNEFlagUntilTimeout
                0x0000000008005e30       0xac ./Drivers/STM32F4xx_HAL_Driver/Src/stm32f4xx_hal_i2c.o
 .text.I2C_IsAcknowledgeFailed
                0x0000000008005edc       0x5e ./Drivers/STM32F4xx_HAL_Driver/Src/stm32f4xx_hal_i2c.o
 .text.I2C_ConvertOtherXferOptions
                0x0000000008005f3a       0x36 ./Drivers/STM32F4xx_HAL_Driver/Src/stm32f4xx_hal_i2c.o
 .text.HAL_RCC_OscConfig
                0x0000000008005f70      0x4f0 ./Drivers/STM32F4xx_HAL_Driver/Src/stm32f4xx_hal_rcc.o
                0x0000000008005f70                HAL_RCC_OscConfig
 .text.HAL_RCC_ClockConfig
                0x0000000008006460      0x1cc ./Drivers/STM32F4xx_HAL_Driver/Src/stm32f4xx_hal_rcc.o
                0x0000000008006460                HAL_RCC_ClockConfig
 .text.HAL_RCC_GetSysClockFreq
                0x000000000800662c      0x20c ./Drivers/STM32F4xx_HAL_Driver/Src/stm32f4xx_hal_rcc.o
                0x000000000800662c                HAL_RCC_GetSysClockFreq
 .text.HAL_RCC_GetHCLKFreq
                0x0000000008006838       0x18 ./Drivers/STM32F4xx_HAL_Driver/Src/stm32f4xx_hal_rcc.o
                0x0000000008006838                HAL_RCC_GetHCLKFreq
 .text.HAL_RCC_GetPCLK1Freq
                0x0000000008006850       0x28 ./Drivers/STM32F4xx_HAL_Driver/Src/stm32f4xx_hal_rcc.o
                0x0000000008006850                HAL_RCC_GetPCLK1Freq
 .text.HAL_RCC_GetPCLK2Freq
                0x0000000008006878       0x28 ./Drivers/STM32F4xx_HAL_Driver/Src/stm32f4xx_hal_rcc.o
                0x0000000008006878                HAL_RCC_GetPCLK2Freq
 .text.HAL_TIM_Base_Init
                0x00000000080068a0       0x9e ./Drivers/STM32F4xx_HAL_Driver/Src/stm32f4xx_hal_tim.o
                0x00000000080068a0                HAL_TIM_Base_Init
 *fill*         0x000000000800693e        0x2 
 .text.HAL_TIM_Base_Start
                0x0000000008006940       0xb4 ./Drivers/STM32F4xx_HAL_Driver/Src/stm32f4xx_hal_tim.o
                0x0000000008006940                HAL_TIM_Base_Start
 .text.HAL_TIM_Base_Start_IT
                0x00000000080069f4       0xc4 ./Drivers/STM32F4xx_HAL_Driver/Src/stm32f4xx_hal_tim.o
                0x00000000080069f4                HAL_TIM_Base_Start_IT
 .text.HAL_TIM_PWM_Init
                0x0000000008006ab8       0x9e ./Drivers/STM32F4xx_HAL_Driver/Src/stm32f4xx_hal_tim.o
                0x0000000008006ab8                HAL_TIM_PWM_Init
 .text.HAL_TIM_PWM_MspInit
                0x0000000008006b56       0x14 ./Drivers/STM32F4xx_HAL_Driver/Src/stm32f4xx_hal_tim.o
                0x0000000008006b56                HAL_TIM_PWM_MspInit
 *fill*         0x0000000008006b6a        0x2 
 .text.HAL_TIM_PWM_Start
                0x0000000008006b6c      0x160 ./Drivers/STM32F4xx_HAL_Driver/Src/stm32f4xx_hal_tim.o
                0x0000000008006b6c                HAL_TIM_PWM_Start
 .text.HAL_TIM_IC_Init
                0x0000000008006ccc       0x9e ./Drivers/STM32F4xx_HAL_Driver/Src/stm32f4xx_hal_tim.o
                0x0000000008006ccc                HAL_TIM_IC_Init
 .text.HAL_TIM_IC_MspInit
                0x0000000008006d6a       0x14 ./Drivers/STM32F4xx_HAL_Driver/Src/stm32f4xx_hal_tim.o
                0x0000000008006d6a                HAL_TIM_IC_MspInit
 *fill*         0x0000000008006d7e        0x2 
 .text.HAL_TIM_IC_Start_DMA
                0x0000000008006d80      0x338 ./Drivers/STM32F4xx_HAL_Driver/Src/stm32f4xx_hal_tim.o
                0x0000000008006d80                HAL_TIM_IC_Start_DMA
 .text.HAL_TIM_IRQHandler
                0x00000000080070b8      0x210 ./Drivers/STM32F4xx_HAL_Driver/Src/stm32f4xx_hal_tim.o
                0x00000000080070b8                HAL_TIM_IRQHandler
 .text.HAL_TIM_IC_ConfigChannel
                0x00000000080072c8      0x138 ./Drivers/STM32F4xx_HAL_Driver/Src/stm32f4xx_hal_tim.o
                0x00000000080072c8                HAL_TIM_IC_ConfigChannel
 .text.HAL_TIM_PWM_ConfigChannel
                0x0000000008007400      0x184 ./Drivers/STM32F4xx_HAL_Driver/Src/stm32f4xx_hal_tim.o
                0x0000000008007400                HAL_TIM_PWM_ConfigChannel
 .text.HAL_TIM_ConfigClockSource
                0x0000000008007584      0x18e ./Drivers/STM32F4xx_HAL_Driver/Src/stm32f4xx_hal_tim.o
                0x0000000008007584                HAL_TIM_ConfigClockSource
 .text.HAL_TIM_OC_DelayElapsedCallback
                0x0000000008007712       0x14 ./Drivers/STM32F4xx_HAL_Driver/Src/stm32f4xx_hal_tim.o
                0x0000000008007712                HAL_TIM_OC_DelayElapsedCallback
 .text.HAL_TIM_IC_CaptureCallback
                0x0000000008007726       0x14 ./Drivers/STM32F4xx_HAL_Driver/Src/stm32f4xx_hal_tim.o
                0x0000000008007726                HAL_TIM_IC_CaptureCallback
 .text.HAL_TIM_IC_CaptureHalfCpltCallback
                0x000000000800773a       0x14 ./Drivers/STM32F4xx_HAL_Driver/Src/stm32f4xx_hal_tim.o
                0x000000000800773a                HAL_TIM_IC_CaptureHalfCpltCallback
 .text.HAL_TIM_PWM_PulseFinishedCallback
                0x000000000800774e       0x14 ./Drivers/STM32F4xx_HAL_Driver/Src/stm32f4xx_hal_tim.o
                0x000000000800774e                HAL_TIM_PWM_PulseFinishedCallback
 .text.HAL_TIM_TriggerCallback
                0x0000000008007762       0x14 ./Drivers/STM32F4xx_HAL_Driver/Src/stm32f4xx_hal_tim.o
                0x0000000008007762                HAL_TIM_TriggerCallback
 .text.HAL_TIM_ErrorCallback
                0x0000000008007776       0x14 ./Drivers/STM32F4xx_HAL_Driver/Src/stm32f4xx_hal_tim.o
                0x0000000008007776                HAL_TIM_ErrorCallback
 .text.TIM_DMAError
                0x000000000800778a       0x92 ./Drivers/STM32F4xx_HAL_Driver/Src/stm32f4xx_hal_tim.o
                0x000000000800778a                TIM_DMAError
 .text.TIM_DMACaptureCplt
                0x000000000800781c       0xc8 ./Drivers/STM32F4xx_HAL_Driver/Src/stm32f4xx_hal_tim.o
                0x000000000800781c                TIM_DMACaptureCplt
 .text.TIM_DMACaptureHalfCplt
                0x00000000080078e4       0x68 ./Drivers/STM32F4xx_HAL_Driver/Src/stm32f4xx_hal_tim.o
                0x00000000080078e4                TIM_DMACaptureHalfCplt
 .text.TIM_Base_SetConfig
                0x000000000800794c      0x100 ./Drivers/STM32F4xx_HAL_Driver/Src/stm32f4xx_hal_tim.o
                0x000000000800794c                TIM_Base_SetConfig
 .text.TIM_OC1_SetConfig
                0x0000000008007a4c       0xcc ./Drivers/STM32F4xx_HAL_Driver/Src/stm32f4xx_hal_tim.o
 .text.TIM_OC2_SetConfig
                0x0000000008007b18       0xd8 ./Drivers/STM32F4xx_HAL_Driver/Src/stm32f4xx_hal_tim.o
                0x0000000008007b18                TIM_OC2_SetConfig
 .text.TIM_OC3_SetConfig
                0x0000000008007bf0       0xd4 ./Drivers/STM32F4xx_HAL_Driver/Src/stm32f4xx_hal_tim.o
 .text.TIM_OC4_SetConfig
                0x0000000008007cc4       0xa0 ./Drivers/STM32F4xx_HAL_Driver/Src/stm32f4xx_hal_tim.o
 .text.TIM_TI1_SetConfig
                0x0000000008007d64       0xd0 ./Drivers/STM32F4xx_HAL_Driver/Src/stm32f4xx_hal_tim.o
                0x0000000008007d64                TIM_TI1_SetConfig
 .text.TIM_TI1_ConfigInputStage
                0x0000000008007e34       0x5e ./Drivers/STM32F4xx_HAL_Driver/Src/stm32f4xx_hal_tim.o
 .text.TIM_TI2_SetConfig
                0x0000000008007e92       0x7a ./Drivers/STM32F4xx_HAL_Driver/Src/stm32f4xx_hal_tim.o
 .text.TIM_TI2_ConfigInputStage
                0x0000000008007f0c       0x60 ./Drivers/STM32F4xx_HAL_Driver/Src/stm32f4xx_hal_tim.o
 .text.TIM_TI3_SetConfig
                0x0000000008007f6c       0x78 ./Drivers/STM32F4xx_HAL_Driver/Src/stm32f4xx_hal_tim.o
 .text.TIM_TI4_SetConfig
                0x0000000008007fe4       0x7a ./Drivers/STM32F4xx_HAL_Driver/Src/stm32f4xx_hal_tim.o
 .text.TIM_ITRx_SetConfig
                0x000000000800805e       0x36 ./Drivers/STM32F4xx_HAL_Driver/Src/stm32f4xx_hal_tim.o
 .text.TIM_ETR_SetConfig
                0x0000000008008094       0x40 ./Drivers/STM32F4xx_HAL_Driver/Src/stm32f4xx_hal_tim.o
                0x0000000008008094                TIM_ETR_SetConfig
 .text.TIM_CCxChannelCmd
                0x00000000080080d4       0x4a ./Drivers/STM32F4xx_HAL_Driver/Src/stm32f4xx_hal_tim.o
                0x00000000080080d4                TIM_CCxChannelCmd
 *fill*         0x000000000800811e        0x2 
 .text.HAL_TIMEx_MasterConfigSynchronization
                0x0000000008008120       0xdc ./Drivers/STM32F4xx_HAL_Driver/Src/stm32f4xx_hal_tim_ex.o
                0x0000000008008120                HAL_TIMEx_MasterConfigSynchronization
 .text.HAL_TIMEx_CommutCallback
                0x00000000080081fc       0x14 ./Drivers/STM32F4xx_HAL_Driver/Src/stm32f4xx_hal_tim_ex.o
                0x00000000080081fc                HAL_TIMEx_CommutCallback
 .text.HAL_TIMEx_BreakCallback
                0x0000000008008210       0x14 ./Drivers/STM32F4xx_HAL_Driver/Src/stm32f4xx_hal_tim_ex.o
                0x0000000008008210                HAL_TIMEx_BreakCallback
 .text.HAL_UART_Init
                0x0000000008008224       0x9a ./Drivers/STM32F4xx_HAL_Driver/Src/stm32f4xx_hal_uart.o
                0x0000000008008224                HAL_UART_Init
 .text.HAL_UART_Transmit
                0x00000000080082be      0x124 ./Drivers/STM32F4xx_HAL_Driver/Src/stm32f4xx_hal_uart.o
                0x00000000080082be                HAL_UART_Transmit
 .text.HAL_UART_Receive_IT
                0x00000000080083e2       0x60 ./Drivers/STM32F4xx_HAL_Driver/Src/stm32f4xx_hal_uart.o
                0x00000000080083e2                HAL_UART_Receive_IT
 *fill*         0x0000000008008442        0x2 
 .text.HAL_UART_IRQHandler
                0x0000000008008444      0x51c ./Drivers/STM32F4xx_HAL_Driver/Src/stm32f4xx_hal_uart.o
                0x0000000008008444                HAL_UART_IRQHandler
 .text.HAL_UART_TxCpltCallback
                0x0000000008008960       0x14 ./Drivers/STM32F4xx_HAL_Driver/Src/stm32f4xx_hal_uart.o
                0x0000000008008960                HAL_UART_TxCpltCallback
 .text.HAL_UART_RxCpltCallback
                0x0000000008008974       0x14 ./Drivers/STM32F4xx_HAL_Driver/Src/stm32f4xx_hal_uart.o
                0x0000000008008974                HAL_UART_RxCpltCallback
 .text.HAL_UART_ErrorCallback
                0x0000000008008988       0x14 ./Drivers/STM32F4xx_HAL_Driver/Src/stm32f4xx_hal_uart.o
                0x0000000008008988                HAL_UART_ErrorCallback
 .text.HAL_UARTEx_RxEventCallback
                0x000000000800899c       0x18 ./Drivers/STM32F4xx_HAL_Driver/Src/stm32f4xx_hal_uart.o
                0x000000000800899c                HAL_UARTEx_RxEventCallback
 .text.UART_WaitOnFlagUntilTimeout
                0x00000000080089b4       0xdc ./Drivers/STM32F4xx_HAL_Driver/Src/stm32f4xx_hal_uart.o
 .text.UART_Start_Receive_IT
                0x0000000008008a90       0x7c ./Drivers/STM32F4xx_HAL_Driver/Src/stm32f4xx_hal_uart.o
                0x0000000008008a90                UART_Start_Receive_IT
 .text.UART_EndRxTransfer
                0x0000000008008b0c       0xc6 ./Drivers/STM32F4xx_HAL_Driver/Src/stm32f4xx_hal_uart.o
 .text.UART_DMAAbortOnError
                0x0000000008008bd2       0x28 ./Drivers/STM32F4xx_HAL_Driver/Src/stm32f4xx_hal_uart.o
 .text.UART_Transmit_IT
                0x0000000008008bfa       0xa0 ./Drivers/STM32F4xx_HAL_Driver/Src/stm32f4xx_hal_uart.o
 .text.UART_EndTransmit_IT
                0x0000000008008c9a       0x30 ./Drivers/STM32F4xx_HAL_Driver/Src/stm32f4xx_hal_uart.o
 .text.UART_Receive_IT
                0x0000000008008cca      0x176 ./Drivers/STM32F4xx_HAL_Driver/Src/stm32f4xx_hal_uart.o
 .text.UART_SetConfig
                0x0000000008008e40      0x4e8 ./Drivers/STM32F4xx_HAL_Driver/Src/stm32f4xx_hal_uart.o
 .text.__libc_init_array
                0x0000000008009328       0x48 c:/st/stm32cubeide_1.8.0/stm32cubeide/plugins/com.st.stm32cube.ide.mcu.externaltools.gnu-tools-for-stm32.10.3-2021.10.win32_1.0.0.202111181127/tools/bin/../lib/gcc/arm-none-eabi/10.3.1/../../../../arm-none-eabi/lib/thumb/v7e-m+fp/hard\libc_nano.a(lib_a-init.o)
                0x0000000008009328                __libc_init_array
 .text.memset   0x0000000008009370       0x10 c:/st/stm32cubeide_1.8.0/stm32cubeide/plugins/com.st.stm32cube.ide.mcu.externaltools.gnu-tools-for-stm32.10.3-2021.10.win32_1.0.0.202111181127/tools/bin/../lib/gcc/arm-none-eabi/10.3.1/../../../../arm-none-eabi/lib/thumb/v7e-m+fp/hard\libc_nano.a(lib_a-memset.o)
                0x0000000008009370                memset
 *(.glue_7)
 .glue_7        0x0000000008009380        0x0 linker stubs
 *(.glue_7t)
 .glue_7t       0x0000000008009380        0x0 linker stubs
 *(.eh_frame)
 .eh_frame      0x0000000008009380        0x0 c:/st/stm32cubeide_1.8.0/stm32cubeide/plugins/com.st.stm32cube.ide.mcu.externaltools.gnu-tools-for-stm32.10.3-2021.10.win32_1.0.0.202111181127/tools/bin/../lib/gcc/arm-none-eabi/10.3.1/thumb/v7e-m+fp/hard/crtbegin.o
 *(.init)
 .init          0x0000000008009380        0x4 c:/st/stm32cubeide_1.8.0/stm32cubeide/plugins/com.st.stm32cube.ide.mcu.externaltools.gnu-tools-for-stm32.10.3-2021.10.win32_1.0.0.202111181127/tools/bin/../lib/gcc/arm-none-eabi/10.3.1/thumb/v7e-m+fp/hard/crti.o
                0x0000000008009380                _init
 .init          0x0000000008009384        0x8 c:/st/stm32cubeide_1.8.0/stm32cubeide/plugins/com.st.stm32cube.ide.mcu.externaltools.gnu-tools-for-stm32.10.3-2021.10.win32_1.0.0.202111181127/tools/bin/../lib/gcc/arm-none-eabi/10.3.1/thumb/v7e-m+fp/hard/crtn.o
 *(.fini)
 .fini          0x000000000800938c        0x4 c:/st/stm32cubeide_1.8.0/stm32cubeide/plugins/com.st.stm32cube.ide.mcu.externaltools.gnu-tools-for-stm32.10.3-2021.10.win32_1.0.0.202111181127/tools/bin/../lib/gcc/arm-none-eabi/10.3.1/thumb/v7e-m+fp/hard/crti.o
                0x000000000800938c                _fini
 .fini          0x0000000008009390        0x8 c:/st/stm32cubeide_1.8.0/stm32cubeide/plugins/com.st.stm32cube.ide.mcu.externaltools.gnu-tools-for-stm32.10.3-2021.10.win32_1.0.0.202111181127/tools/bin/../lib/gcc/arm-none-eabi/10.3.1/thumb/v7e-m+fp/hard/crtn.o
                0x0000000008009398                . = ALIGN (0x4)
                0x0000000008009398                _etext = .

.vfp11_veneer   0x0000000008009398        0x0
 .vfp11_veneer  0x0000000008009398        0x0 linker stubs

.v4_bx          0x0000000008009398        0x0
 .v4_bx         0x0000000008009398        0x0 linker stubs

.iplt           0x0000000008009398        0x0
 .iplt          0x0000000008009398        0x0 c:/st/stm32cubeide_1.8.0/stm32cubeide/plugins/com.st.stm32cube.ide.mcu.externaltools.gnu-tools-for-stm32.10.3-2021.10.win32_1.0.0.202111181127/tools/bin/../lib/gcc/arm-none-eabi/10.3.1/thumb/v7e-m+fp/hard/crtbegin.o

.rodata         0x0000000008009398       0x20
                0x0000000008009398                . = ALIGN (0x4)
 *(.rodata)
 *(.rodata*)
 .rodata.AHBPrescTable
                0x0000000008009398       0x10 ./Core/Src/system_stm32f4xx.o
                0x0000000008009398                AHBPrescTable
 .rodata.APBPrescTable
                0x00000000080093a8        0x8 ./Core/Src/system_stm32f4xx.o
                0x00000000080093a8                APBPrescTable
 .rodata.flagBitshiftOffset.0
                0x00000000080093b0        0x8 ./Drivers/STM32F4xx_HAL_Driver/Src/stm32f4xx_hal_dma.o
                0x00000000080093b8                . = ALIGN (0x4)

.ARM.extab      0x00000000080093b8        0x0
                0x00000000080093b8                . = ALIGN (0x4)
 *(.ARM.extab* .gnu.linkonce.armextab.*)
                0x00000000080093b8                . = ALIGN (0x4)

.ARM            0x00000000080093b8        0x8
                0x00000000080093b8                . = ALIGN (0x4)
                0x00000000080093b8                __exidx_start = .
 *(.ARM.exidx*)
 .ARM.exidx     0x00000000080093b8        0x8 c:/st/stm32cubeide_1.8.0/stm32cubeide/plugins/com.st.stm32cube.ide.mcu.externaltools.gnu-tools-for-stm32.10.3-2021.10.win32_1.0.0.202111181127/tools/bin/../lib/gcc/arm-none-eabi/10.3.1/thumb/v7e-m+fp/hard\libgcc.a(_udivmoddi4.o)
                0x00000000080093c0                __exidx_end = .
                0x00000000080093c0                . = ALIGN (0x4)

.rel.dyn        0x00000000080093c0        0x0
 .rel.iplt      0x00000000080093c0        0x0 c:/st/stm32cubeide_1.8.0/stm32cubeide/plugins/com.st.stm32cube.ide.mcu.externaltools.gnu-tools-for-stm32.10.3-2021.10.win32_1.0.0.202111181127/tools/bin/../lib/gcc/arm-none-eabi/10.3.1/thumb/v7e-m+fp/hard/crtbegin.o

.preinit_array  0x00000000080093c0        0x0
                0x00000000080093c0                . = ALIGN (0x4)
                0x00000000080093c0                PROVIDE (__preinit_array_start = .)
 *(.preinit_array*)
                0x00000000080093c0                PROVIDE (__preinit_array_end = .)
                0x00000000080093c0                . = ALIGN (0x4)

.init_array     0x00000000080093c0        0x4
                0x00000000080093c0                . = ALIGN (0x4)
                0x00000000080093c0                PROVIDE (__init_array_start = .)
 *(SORT_BY_NAME(.init_array.*))
 *(.init_array*)
 .init_array    0x00000000080093c0        0x4 c:/st/stm32cubeide_1.8.0/stm32cubeide/plugins/com.st.stm32cube.ide.mcu.externaltools.gnu-tools-for-stm32.10.3-2021.10.win32_1.0.0.202111181127/tools/bin/../lib/gcc/arm-none-eabi/10.3.1/thumb/v7e-m+fp/hard/crtbegin.o
                0x00000000080093c4                PROVIDE (__init_array_end = .)
                0x00000000080093c4                . = ALIGN (0x4)

.fini_array     0x00000000080093c4        0x4
                0x00000000080093c4                . = ALIGN (0x4)
                [!provide]                        PROVIDE (__fini_array_start = .)
 *(SORT_BY_NAME(.fini_array.*))
 *(.fini_array*)
 .fini_array    0x00000000080093c4        0x4 c:/st/stm32cubeide_1.8.0/stm32cubeide/plugins/com.st.stm32cube.ide.mcu.externaltools.gnu-tools-for-stm32.10.3-2021.10.win32_1.0.0.202111181127/tools/bin/../lib/gcc/arm-none-eabi/10.3.1/thumb/v7e-m+fp/hard/crtbegin.o
                [!provide]                        PROVIDE (__fini_array_end = .)
                0x00000000080093c8                . = ALIGN (0x4)
                0x00000000080093c8                _sidata = LOADADDR (.data)

.data           0x0000000020000000       0x40 load address 0x00000000080093c8
                0x0000000020000000                . = ALIGN (0x4)
                0x0000000020000000                _sdata = .
 *(.data)
 *(.data*)
 .data.positionlog
                0x0000000020000000        0xa ./Core/Src/main.o
                0x0000000020000000                positionlog
 .data.PWMOut   0x000000002000000a        0x2 ./Core/Src/main.o
                0x000000002000000a                PWMOut
 .data.K_P      0x000000002000000c        0x4 ./Core/Src/main.o
                0x000000002000000c                K_P
 .data.K_I      0x0000000020000010        0x4 ./Core/Src/main.o
                0x0000000020000010                K_I
 .data.temp_s   0x0000000020000014        0x2 ./Core/Src/main.o
                0x0000000020000014                temp_s
 *fill*         0x0000000020000016        0x2 
 .data.temp_f   0x0000000020000018        0x2 ./Core/Src/main.o
                0x0000000020000018                temp_f
 *fill*         0x000000002000001a        0x2 
 .data.Setting.4
                0x000000002000001c       0x16 ./Core/Src/main.o
 .data.readRQ.1
                0x0000000020000032        0x1 ./Core/Src/main.o
 *fill*         0x0000000020000033        0x1 
 .data.SystemCoreClock
                0x0000000020000034        0x4 ./Core/Src/system_stm32f4xx.o
                0x0000000020000034                SystemCoreClock
 .data.uwTickPrio
                0x0000000020000038        0x4 ./Drivers/STM32F4xx_HAL_Driver/Src/stm32f4xx_hal.o
                0x0000000020000038                uwTickPrio
 .data.uwTickFreq
                0x000000002000003c        0x1 ./Drivers/STM32F4xx_HAL_Driver/Src/stm32f4xx_hal.o
                0x000000002000003c                uwTickFreq
 *(.RamFunc)
 *(.RamFunc*)
                0x0000000020000040                . = ALIGN (0x4)
 *fill*         0x000000002000003d        0x3 
                0x0000000020000040                _edata = .

.igot.plt       0x0000000020000040        0x0 load address 0x0000000008009408
 .igot.plt      0x0000000020000040        0x0 c:/st/stm32cubeide_1.8.0/stm32cubeide/plugins/com.st.stm32cube.ide.mcu.externaltools.gnu-tools-for-stm32.10.3-2021.10.win32_1.0.0.202111181127/tools/bin/../lib/gcc/arm-none-eabi/10.3.1/thumb/v7e-m+fp/hard/crtbegin.o
                0x0000000020000040                . = ALIGN (0x4)

.bss            0x0000000020000040      0x320 load address 0x0000000008009408
                0x0000000020000040                _sbss = .
                0x0000000020000040                __bss_start__ = _sbss
 *(.bss)
 .bss           0x0000000020000040       0x1c c:/st/stm32cubeide_1.8.0/stm32cubeide/plugins/com.st.stm32cube.ide.mcu.externaltools.gnu-tools-for-stm32.10.3-2021.10.win32_1.0.0.202111181127/tools/bin/../lib/gcc/arm-none-eabi/10.3.1/thumb/v7e-m+fp/hard/crtbegin.o
 *(.bss*)
 .bss.hi2c1     0x000000002000005c       0x54 ./Core/Src/main.o
                0x000000002000005c                hi2c1
 .bss.hi2c3     0x00000000200000b0       0x54 ./Core/Src/main.o
                0x00000000200000b0                hi2c3
 .bss.htim2     0x0000000020000104       0x48 ./Core/Src/main.o
                0x0000000020000104                htim2
 .bss.htim4     0x000000002000014c       0x48 ./Core/Src/main.o
                0x000000002000014c                htim4
 .bss.htim11    0x0000000020000194       0x48 ./Core/Src/main.o
                0x0000000020000194                htim11
 .bss.hdma_tim2_ch1
                0x00000000200001dc       0x60 ./Core/Src/main.o
                0x00000000200001dc                hdma_tim2_ch1
 .bss.huart2    0x000000002000023c       0x44 ./Core/Src/main.o
                0x000000002000023c                huart2
 .bss.grandState
                0x0000000020000280        0x1 ./Core/Src/main.o
 .bss.pwr_sense
                0x0000000020000281        0x1 ./Core/Src/main.o
                0x0000000020000281                pwr_sense
 .bss.stop_sense
                0x0000000020000282        0x1 ./Core/Src/main.o
                0x0000000020000282                stop_sense
 *fill*         0x0000000020000283        0x5 
 .bss._micros   0x0000000020000288        0x8 ./Core/Src/main.o
                0x0000000020000288                _micros
 .bss.counter_e
                0x0000000020000290        0x1 ./Core/Src/main.o
                0x0000000020000290                counter_e
 .bss.flag_LasxTraj
                0x0000000020000291        0x1 ./Core/Src/main.o
 .bss.position_order
                0x0000000020000292        0x1 ./Core/Src/main.o
 *fill*         0x0000000020000293        0x1 
 .bss.timeStampSR
                0x0000000020000294        0x4 ./Core/Src/main.o
                0x0000000020000294                timeStampSR
 .bss.RawEnBitAB
                0x0000000020000298        0x2 ./Core/Src/main.o
                0x0000000020000298                RawEnBitAB
 .bss.GrayCBitXI
                0x000000002000029a        0x2 ./Core/Src/main.o
                0x000000002000029a                GrayCBitXI
 .bss.BinPosXI  0x000000002000029c        0x2 ./Core/Src/main.o
                0x000000002000029c                BinPosXI
 .bss.flag_absenc
                0x000000002000029e        0x1 ./Core/Src/main.o
                0x000000002000029e                flag_absenc
 *fill*         0x000000002000029f        0x1 
 .bss.capturedata
                0x00000000200002a0       0x40 ./Core/Src/main.o
                0x00000000200002a0                capturedata
 .bss.timestampPWM
                0x00000000200002e0        0x4 ./Core/Src/main.o
                0x00000000200002e0                timestampPWM
 .bss.mot_dirctn
                0x00000000200002e4        0x1 ./Core/Src/main.o
                0x00000000200002e4                mot_dirctn
 .bss.bluecounter
                0x00000000200002e5        0x1 ./Core/Src/main.o
                0x00000000200002e5                bluecounter
 *fill*         0x00000000200002e6        0x2 
 .bss.TargetDeg
                0x00000000200002e8        0x4 ./Core/Src/main.o
                0x00000000200002e8                TargetDeg
 .bss.ErrPos    0x00000000200002ec        0x8 ./Core/Src/main.o
                0x00000000200002ec                ErrPos
 .bss.u_contr   0x00000000200002f4        0x4 ./Core/Src/main.o
                0x00000000200002f4                u_contr
 .bss.PreviTime
                0x00000000200002f8        0x4 ./Core/Src/main.o
                0x00000000200002f8                PreviTime
 .bss.DeltaTime
                0x00000000200002fc        0x4 ./Core/Src/main.o
                0x00000000200002fc                DeltaTime
 .bss.CrrntTime
                0x0000000020000300        0x4 ./Core/Src/main.o
                0x0000000020000300                CrrntTime
 .bss.Propo     0x0000000020000304        0x4 ./Core/Src/main.o
                0x0000000020000304                Propo
 .bss.Integral  0x0000000020000308        0x4 ./Core/Src/main.o
                0x0000000020000308                Integral
 .bss.Derivate  0x000000002000030c        0x4 ./Core/Src/main.o
                0x000000002000030c                Derivate
 .bss.efft_status
                0x0000000020000310        0x1 ./Core/Src/main.o
                0x0000000020000310                efft_status
 .bss.flag_efftActi
                0x0000000020000311        0x1 ./Core/Src/main.o
                0x0000000020000311                flag_efftActi
 .bss.flag_efftRead
                0x0000000020000312        0x1 ./Core/Src/main.o
                0x0000000020000312                flag_efftRead
 .bss.trig_efftRead
                0x0000000020000313        0x1 ./Core/Src/main.o
                0x0000000020000313                trig_efftRead
 *fill*         0x0000000020000314        0x4 
 .bss.timestamp_efft
                0x0000000020000318        0x8 ./Core/Src/main.o
                0x0000000020000318                timestamp_efft
 .bss.RxDataBuffer
                0x0000000020000320       0x20 ./Core/Src/main.o
                0x0000000020000320                RxDataBuffer
 .bss.Posdata   0x0000000020000340        0x1 ./Core/Src/main.o
                0x0000000020000340                Posdata
 *fill*         0x0000000020000341        0x3 
 .bss.DataIn    0x0000000020000344        0x4 ./Core/Src/main.o
                0x0000000020000344                DataIn
 .bss.chkM      0x0000000020000348        0x1 ./Core/Src/main.o
                0x0000000020000348                chkM
 .bss.StartM    0x0000000020000349        0x1 ./Core/Src/main.o
                0x0000000020000349                StartM
 .bss.NameM     0x000000002000034a        0x1 ./Core/Src/main.o
                0x000000002000034a                NameM
 .bss.dataFN    0x000000002000034b        0x1 ./Core/Src/main.o
                0x000000002000034b                dataFN
 .bss.Nstation  0x000000002000034c        0x1 ./Core/Src/main.o
                0x000000002000034c                Nstation
 .bss.dataF1    0x000000002000034d        0x1 ./Core/Src/main.o
                0x000000002000034d                dataF1
 .bss.dataF2    0x000000002000034e        0x1 ./Core/Src/main.o
                0x000000002000034e                dataF2
 .bss.dataFSum  0x000000002000034f        0x1 ./Core/Src/main.o
                0x000000002000034f                dataFSum
 .bss.chksum    0x0000000020000350        0x1 ./Core/Src/main.o
                0x0000000020000350                chksum
 .bss.chksum1   0x0000000020000351        0x1 ./Core/Src/main.o
                0x0000000020000351                chksum1
 .bss.chksum2   0x0000000020000352        0x1 ./Core/Src/main.o
                0x0000000020000352                chksum2
 .bss.chksum3   0x0000000020000353        0x1 ./Core/Src/main.o
                0x0000000020000353                chksum3
 .bss.countN    0x0000000020000354        0x1 ./Core/Src/main.o
                0x0000000020000354                countN
 .bss.efshoot.3
                0x0000000020000355        0x1 ./Core/Src/main.o
 .bss.efrdStatus.2
                0x0000000020000356        0x1 ./Core/Src/main.o
 *fill*         0x0000000020000357        0x1 
 .bss.dataPos.0
                0x0000000020000358        0x4 ./Core/Src/main.o
 .bss.uwTick    0x000000002000035c        0x4 ./Drivers/STM32F4xx_HAL_Driver/Src/stm32f4xx_hal.o
                0x000000002000035c                uwTick
 *(COMMON)
                0x0000000020000360                . = ALIGN (0x4)
                0x0000000020000360                _ebss = .
                0x0000000020000360                __bss_end__ = _ebss

._user_heap_stack
                0x0000000020000360      0x600 load address 0x0000000008009408
                0x0000000020000360                . = ALIGN (0x8)
                [!provide]                        PROVIDE (end = .)
                0x0000000020000360                PROVIDE (_end = .)
                0x0000000020000560                . = (. + _Min_Heap_Size)
 *fill*         0x0000000020000360      0x200 
                0x0000000020000960                . = (. + _Min_Stack_Size)
 *fill*         0x0000000020000560      0x400 
                0x0000000020000960                . = ALIGN (0x8)

/DISCARD/
 libc.a(*)
 libm.a(*)
 libgcc.a(*)

.ARM.attributes
                0x0000000000000000       0x30
 *(.ARM.attributes)
 .ARM.attributes
                0x0000000000000000       0x1e c:/st/stm32cubeide_1.8.0/stm32cubeide/plugins/com.st.stm32cube.ide.mcu.externaltools.gnu-tools-for-stm32.10.3-2021.10.win32_1.0.0.202111181127/tools/bin/../lib/gcc/arm-none-eabi/10.3.1/thumb/v7e-m+fp/hard/crti.o
 .ARM.attributes
                0x000000000000001e       0x34 c:/st/stm32cubeide_1.8.0/stm32cubeide/plugins/com.st.stm32cube.ide.mcu.externaltools.gnu-tools-for-stm32.10.3-2021.10.win32_1.0.0.202111181127/tools/bin/../lib/gcc/arm-none-eabi/10.3.1/thumb/v7e-m+fp/hard/crtbegin.o
 .ARM.attributes
                0x0000000000000052       0x34 ./Core/Src/main.o
 .ARM.attributes
                0x0000000000000086       0x34 ./Core/Src/stm32f4xx_hal_msp.o
 .ARM.attributes
                0x00000000000000ba       0x34 ./Core/Src/stm32f4xx_it.o
 .ARM.attributes
                0x00000000000000ee       0x34 ./Core/Src/system_stm32f4xx.o
 .ARM.attributes
                0x0000000000000122       0x21 ./Core/Startup/startup_stm32f411retx.o
 .ARM.attributes
                0x0000000000000143       0x34 ./Drivers/STM32F4xx_HAL_Driver/Src/stm32f4xx_hal.o
 .ARM.attributes
                0x0000000000000177       0x34 ./Drivers/STM32F4xx_HAL_Driver/Src/stm32f4xx_hal_cortex.o
 .ARM.attributes
                0x00000000000001ab       0x34 ./Drivers/STM32F4xx_HAL_Driver/Src/stm32f4xx_hal_dma.o
 .ARM.attributes
                0x00000000000001df       0x34 ./Drivers/STM32F4xx_HAL_Driver/Src/stm32f4xx_hal_gpio.o
 .ARM.attributes
                0x0000000000000213       0x34 ./Drivers/STM32F4xx_HAL_Driver/Src/stm32f4xx_hal_i2c.o
 .ARM.attributes
                0x0000000000000247       0x34 ./Drivers/STM32F4xx_HAL_Driver/Src/stm32f4xx_hal_rcc.o
 .ARM.attributes
                0x000000000000027b       0x34 ./Drivers/STM32F4xx_HAL_Driver/Src/stm32f4xx_hal_tim.o
 .ARM.attributes
                0x00000000000002af       0x34 ./Drivers/STM32F4xx_HAL_Driver/Src/stm32f4xx_hal_tim_ex.o
 .ARM.attributes
                0x00000000000002e3       0x34 ./Drivers/STM32F4xx_HAL_Driver/Src/stm32f4xx_hal_uart.o
 .ARM.attributes
                0x0000000000000317       0x34 c:/st/stm32cubeide_1.8.0/stm32cubeide/plugins/com.st.stm32cube.ide.mcu.externaltools.gnu-tools-for-stm32.10.3-2021.10.win32_1.0.0.202111181127/tools/bin/../lib/gcc/arm-none-eabi/10.3.1/../../../../arm-none-eabi/lib/thumb/v7e-m+fp/hard\libc_nano.a(lib_a-init.o)
 .ARM.attributes
                0x000000000000034b       0x34 c:/st/stm32cubeide_1.8.0/stm32cubeide/plugins/com.st.stm32cube.ide.mcu.externaltools.gnu-tools-for-stm32.10.3-2021.10.win32_1.0.0.202111181127/tools/bin/../lib/gcc/arm-none-eabi/10.3.1/../../../../arm-none-eabi/lib/thumb/v7e-m+fp/hard\libc_nano.a(lib_a-memset.o)
 .ARM.attributes
                0x000000000000037f       0x1e c:/st/stm32cubeide_1.8.0/stm32cubeide/plugins/com.st.stm32cube.ide.mcu.externaltools.gnu-tools-for-stm32.10.3-2021.10.win32_1.0.0.202111181127/tools/bin/../lib/gcc/arm-none-eabi/10.3.1/thumb/v7e-m+fp/hard\libgcc.a(_arm_addsubsf3.o)
 .ARM.attributes
                0x000000000000039d       0x1e c:/st/stm32cubeide_1.8.0/stm32cubeide/plugins/com.st.stm32cube.ide.mcu.externaltools.gnu-tools-for-stm32.10.3-2021.10.win32_1.0.0.202111181127/tools/bin/../lib/gcc/arm-none-eabi/10.3.1/thumb/v7e-m+fp/hard\libgcc.a(_aeabi_uldivmod.o)
 .ARM.attributes
                0x00000000000003bb       0x34 c:/st/stm32cubeide_1.8.0/stm32cubeide/plugins/com.st.stm32cube.ide.mcu.externaltools.gnu-tools-for-stm32.10.3-2021.10.win32_1.0.0.202111181127/tools/bin/../lib/gcc/arm-none-eabi/10.3.1/thumb/v7e-m+fp/hard\libgcc.a(_udivmoddi4.o)
 .ARM.attributes
                0x00000000000003ef       0x1e c:/st/stm32cubeide_1.8.0/stm32cubeide/plugins/com.st.stm32cube.ide.mcu.externaltools.gnu-tools-for-stm32.10.3-2021.10.win32_1.0.0.202111181127/tools/bin/../lib/gcc/arm-none-eabi/10.3.1/thumb/v7e-m+fp/hard\libgcc.a(_dvmd_tls.o)
 .ARM.attributes
                0x000000000000040d       0x1e c:/st/stm32cubeide_1.8.0/stm32cubeide/plugins/com.st.stm32cube.ide.mcu.externaltools.gnu-tools-for-stm32.10.3-2021.10.win32_1.0.0.202111181127/tools/bin/../lib/gcc/arm-none-eabi/10.3.1/thumb/v7e-m+fp/hard/crtn.o
OUTPUT(FRA262STUIII.elf elf32-littlearm)
LOAD linker stubs
LOAD c:/st/stm32cubeide_1.8.0/stm32cubeide/plugins/com.st.stm32cube.ide.mcu.externaltools.gnu-tools-for-stm32.10.3-2021.10.win32_1.0.0.202111181127/tools/bin/../lib/gcc/arm-none-eabi/10.3.1/../../../../arm-none-eabi/lib/thumb/v7e-m+fp/hard\libc.a
LOAD c:/st/stm32cubeide_1.8.0/stm32cubeide/plugins/com.st.stm32cube.ide.mcu.externaltools.gnu-tools-for-stm32.10.3-2021.10.win32_1.0.0.202111181127/tools/bin/../lib/gcc/arm-none-eabi/10.3.1/../../../../arm-none-eabi/lib/thumb/v7e-m+fp/hard\libm.a
LOAD c:/st/stm32cubeide_1.8.0/stm32cubeide/plugins/com.st.stm32cube.ide.mcu.externaltools.gnu-tools-for-stm32.10.3-2021.10.win32_1.0.0.202111181127/tools/bin/../lib/gcc/arm-none-eabi/10.3.1/thumb/v7e-m+fp/hard\libgcc.a

.debug_info     0x0000000000000000    0x1134b
 .debug_info    0x0000000000000000     0x21fc ./Core/Src/main.o
 .debug_info    0x00000000000021fc     0x140f ./Core/Src/stm32f4xx_hal_msp.o
 .debug_info    0x000000000000360b      0xd84 ./Core/Src/stm32f4xx_it.o
 .debug_info    0x000000000000438f      0x54f ./Core/Src/system_stm32f4xx.o
 .debug_info    0x00000000000048de       0x22 ./Core/Startup/startup_stm32f411retx.o
 .debug_info    0x0000000000004900      0x90d ./Drivers/STM32F4xx_HAL_Driver/Src/stm32f4xx_hal.o
 .debug_info    0x000000000000520d      0xd8b ./Drivers/STM32F4xx_HAL_Driver/Src/stm32f4xx_hal_cortex.o
 .debug_info    0x0000000000005f98      0x947 ./Drivers/STM32F4xx_HAL_Driver/Src/stm32f4xx_hal_dma.o
 .debug_info    0x00000000000068df      0x78e ./Drivers/STM32F4xx_HAL_Driver/Src/stm32f4xx_hal_gpio.o
 .debug_info    0x000000000000706d     0x260f ./Drivers/STM32F4xx_HAL_Driver/Src/stm32f4xx_hal_i2c.o
 .debug_info    0x000000000000967c      0x98d ./Drivers/STM32F4xx_HAL_Driver/Src/stm32f4xx_hal_rcc.o
 .debug_info    0x000000000000a009     0x2bb6 ./Drivers/STM32F4xx_HAL_Driver/Src/stm32f4xx_hal_tim.o
 .debug_info    0x000000000000cbbf     0x15d8 ./Drivers/STM32F4xx_HAL_Driver/Src/stm32f4xx_hal_tim_ex.o
 .debug_info    0x000000000000e197     0x31b4 ./Drivers/STM32F4xx_HAL_Driver/Src/stm32f4xx_hal_uart.o

.debug_abbrev   0x0000000000000000     0x1f0d
 .debug_abbrev  0x0000000000000000      0x365 ./Core/Src/main.o
 .debug_abbrev  0x0000000000000365      0x247 ./Core/Src/stm32f4xx_hal_msp.o
 .debug_abbrev  0x00000000000005ac      0x1cb ./Core/Src/stm32f4xx_it.o
 .debug_abbrev  0x0000000000000777      0x116 ./Core/Src/system_stm32f4xx.o
 .debug_abbrev  0x000000000000088d       0x12 ./Core/Startup/startup_stm32f411retx.o
 .debug_abbrev  0x000000000000089f      0x23e ./Drivers/STM32F4xx_HAL_Driver/Src/stm32f4xx_hal.o
 .debug_abbrev  0x0000000000000add      0x316 ./Drivers/STM32F4xx_HAL_Driver/Src/stm32f4xx_hal_cortex.o
 .debug_abbrev  0x0000000000000df3      0x21b ./Drivers/STM32F4xx_HAL_Driver/Src/stm32f4xx_hal_dma.o
 .debug_abbrev  0x000000000000100e      0x1c4 ./Drivers/STM32F4xx_HAL_Driver/Src/stm32f4xx_hal_gpio.o
 .debug_abbrev  0x00000000000011d2      0x2a8 ./Drivers/STM32F4xx_HAL_Driver/Src/stm32f4xx_hal_i2c.o
 .debug_abbrev  0x000000000000147a      0x2aa ./Drivers/STM32F4xx_HAL_Driver/Src/stm32f4xx_hal_rcc.o
 .debug_abbrev  0x0000000000001724      0x26e ./Drivers/STM32F4xx_HAL_Driver/Src/stm32f4xx_hal_tim.o
 .debug_abbrev  0x0000000000001992      0x276 ./Drivers/STM32F4xx_HAL_Driver/Src/stm32f4xx_hal_tim_ex.o
 .debug_abbrev  0x0000000000001c08      0x305 ./Drivers/STM32F4xx_HAL_Driver/Src/stm32f4xx_hal_uart.o

.debug_aranges  0x0000000000000000      0xf88
 .debug_aranges
                0x0000000000000000       0xe8 ./Core/Src/main.o
 .debug_aranges
                0x00000000000000e8       0x58 ./Core/Src/stm32f4xx_hal_msp.o
 .debug_aranges
                0x0000000000000140       0xa8 ./Core/Src/stm32f4xx_it.o
 .debug_aranges
                0x00000000000001e8       0x28 ./Core/Src/system_stm32f4xx.o
 .debug_aranges
                0x0000000000000210       0x28 ./Core/Startup/startup_stm32f411retx.o
 .debug_aranges
                0x0000000000000238       0xf0 ./Drivers/STM32F4xx_HAL_Driver/Src/stm32f4xx_hal.o
 .debug_aranges
                0x0000000000000328      0x118 ./Drivers/STM32F4xx_HAL_Driver/Src/stm32f4xx_hal_cortex.o
 .debug_aranges
                0x0000000000000440       0x90 ./Drivers/STM32F4xx_HAL_Driver/Src/stm32f4xx_hal_dma.o
 .debug_aranges
                0x00000000000004d0       0x58 ./Drivers/STM32F4xx_HAL_Driver/Src/stm32f4xx_hal_gpio.o
 .debug_aranges
                0x0000000000000528      0x2a0 ./Drivers/STM32F4xx_HAL_Driver/Src/stm32f4xx_hal_i2c.o
 .debug_aranges
                0x00000000000007c8       0x88 ./Drivers/STM32F4xx_HAL_Driver/Src/stm32f4xx_hal_rcc.o
 .debug_aranges
                0x0000000000000850      0x3d0 ./Drivers/STM32F4xx_HAL_Driver/Src/stm32f4xx_hal_tim.o
 .debug_aranges
                0x0000000000000c20      0x168 ./Drivers/STM32F4xx_HAL_Driver/Src/stm32f4xx_hal_tim_ex.o
 .debug_aranges
                0x0000000000000d88      0x200 ./Drivers/STM32F4xx_HAL_Driver/Src/stm32f4xx_hal_uart.o

.debug_ranges   0x0000000000000000      0xef8
 .debug_ranges  0x0000000000000000       0xd8 ./Core/Src/main.o
 .debug_ranges  0x00000000000000d8       0x48 ./Core/Src/stm32f4xx_hal_msp.o
 .debug_ranges  0x0000000000000120       0x98 ./Core/Src/stm32f4xx_it.o
 .debug_ranges  0x00000000000001b8       0x18 ./Core/Src/system_stm32f4xx.o
 .debug_ranges  0x00000000000001d0       0x20 ./Core/Startup/startup_stm32f411retx.o
 .debug_ranges  0x00000000000001f0       0xe0 ./Drivers/STM32F4xx_HAL_Driver/Src/stm32f4xx_hal.o
 .debug_ranges  0x00000000000002d0      0x108 ./Drivers/STM32F4xx_HAL_Driver/Src/stm32f4xx_hal_cortex.o
 .debug_ranges  0x00000000000003d8       0x80 ./Drivers/STM32F4xx_HAL_Driver/Src/stm32f4xx_hal_dma.o
 .debug_ranges  0x0000000000000458       0x48 ./Drivers/STM32F4xx_HAL_Driver/Src/stm32f4xx_hal_gpio.o
 .debug_ranges  0x00000000000004a0      0x2a8 ./Drivers/STM32F4xx_HAL_Driver/Src/stm32f4xx_hal_i2c.o
 .debug_ranges  0x0000000000000748       0x78 ./Drivers/STM32F4xx_HAL_Driver/Src/stm32f4xx_hal_rcc.o
 .debug_ranges  0x00000000000007c0      0x3c0 ./Drivers/STM32F4xx_HAL_Driver/Src/stm32f4xx_hal_tim.o
 .debug_ranges  0x0000000000000b80      0x158 ./Drivers/STM32F4xx_HAL_Driver/Src/stm32f4xx_hal_tim_ex.o
 .debug_ranges  0x0000000000000cd8      0x220 ./Drivers/STM32F4xx_HAL_Driver/Src/stm32f4xx_hal_uart.o

.debug_macro    0x0000000000000000    0x16c46
 .debug_macro   0x0000000000000000      0x3b0 ./Core/Src/main.o
 .debug_macro   0x00000000000003b0      0xa78 ./Core/Src/main.o
 .debug_macro   0x0000000000000e28      0x2a1 ./Core/Src/main.o
 .debug_macro   0x00000000000010c9       0x2e ./Core/Src/main.o
 .debug_macro   0x00000000000010f7       0x28 ./Core/Src/main.o
 .debug_macro   0x000000000000111f       0x22 ./Core/Src/main.o
 .debug_macro   0x0000000000001141       0x8e ./Core/Src/main.o
 .debug_macro   0x00000000000011cf       0x51 ./Core/Src/main.o
 .debug_macro   0x0000000000001220      0x103 ./Core/Src/main.o
 .debug_macro   0x0000000000001323       0x6a ./Core/Src/main.o
 .debug_macro   0x000000000000138d      0x1df ./Core/Src/main.o
 .debug_macro   0x000000000000156c       0x1c ./Core/Src/main.o
 .debug_macro   0x0000000000001588       0x22 ./Core/Src/main.o
 .debug_macro   0x00000000000015aa       0xd9 ./Core/Src/main.o
 .debug_macro   0x0000000000001683     0x102d ./Core/Src/main.o
 .debug_macro   0x00000000000026b0      0x11f ./Core/Src/main.o
 .debug_macro   0x00000000000027cf     0xb953 ./Core/Src/main.o
 .debug_macro   0x000000000000e122       0x6d ./Core/Src/main.o
 .debug_macro   0x000000000000e18f     0x367e ./Core/Src/main.o
 .debug_macro   0x000000000001180d      0x174 ./Core/Src/main.o
 .debug_macro   0x0000000000011981       0x5c ./Core/Src/main.o
 .debug_macro   0x00000000000119dd      0x447 ./Core/Src/main.o
 .debug_macro   0x0000000000011e24      0x9fe ./Core/Src/main.o
 .debug_macro   0x0000000000012822      0x115 ./Core/Src/main.o
 .debug_macro   0x0000000000012937      0x11b ./Core/Src/main.o
 .debug_macro   0x0000000000012a52       0xa5 ./Core/Src/main.o
 .debug_macro   0x0000000000012af7      0x15f ./Core/Src/main.o
 .debug_macro   0x0000000000012c56      0x287 ./Core/Src/main.o
 .debug_macro   0x0000000000012edd       0x5f ./Core/Src/main.o
 .debug_macro   0x0000000000012f3c      0x236 ./Core/Src/main.o
 .debug_macro   0x0000000000013172      0x132 ./Core/Src/main.o
 .debug_macro   0x00000000000132a4      0x264 ./Core/Src/main.o
 .debug_macro   0x0000000000013508       0x2e ./Core/Src/main.o
 .debug_macro   0x0000000000013536      0x1b5 ./Core/Src/main.o
 .debug_macro   0x00000000000136eb       0x22 ./Core/Src/main.o
 .debug_macro   0x000000000001370d       0xd6 ./Core/Src/main.o
 .debug_macro   0x00000000000137e3      0x11a ./Core/Src/main.o
 .debug_macro   0x00000000000138fd       0x85 ./Core/Src/main.o
 .debug_macro   0x0000000000013982       0x89 ./Core/Src/main.o
 .debug_macro   0x0000000000013a0b      0x8e6 ./Core/Src/main.o
 .debug_macro   0x00000000000142f1       0x47 ./Core/Src/main.o
 .debug_macro   0x0000000000014338      0x295 ./Core/Src/main.o
 .debug_macro   0x00000000000145cd      0x126 ./Core/Src/main.o
 .debug_macro   0x00000000000146f3       0xf4 ./Core/Src/main.o
 .debug_macro   0x00000000000147e7       0x52 ./Core/Src/main.o
 .debug_macro   0x0000000000014839       0x1e ./Core/Src/main.o
 .debug_macro   0x0000000000014857       0x3c ./Core/Src/main.o
 .debug_macro   0x0000000000014893       0x34 ./Core/Src/main.o
 .debug_macro   0x00000000000148c7       0x16 ./Core/Src/main.o
 .debug_macro   0x00000000000148dd       0x43 ./Core/Src/main.o
 .debug_macro   0x0000000000014920       0x34 ./Core/Src/main.o
 .debug_macro   0x0000000000014954       0x10 ./Core/Src/main.o
 .debug_macro   0x0000000000014964       0x58 ./Core/Src/main.o
 .debug_macro   0x00000000000149bc       0x71 ./Core/Src/main.o
 .debug_macro   0x0000000000014a2d       0x1c ./Core/Src/main.o
 .debug_macro   0x0000000000014a49      0x12a ./Core/Src/main.o
 .debug_macro   0x0000000000014b73      0x341 ./Core/Src/main.o
 .debug_macro   0x0000000000014eb4      0x19b ./Core/Src/main.o
 .debug_macro   0x000000000001504f       0x1c ./Core/Src/main.o
 .debug_macro   0x000000000001506b       0x35 ./Core/Src/main.o
 .debug_macro   0x00000000000150a0       0x10 ./Core/Src/main.o
 .debug_macro   0x00000000000150b0       0x10 ./Core/Src/main.o
 .debug_macro   0x00000000000150c0       0x1c ./Core/Src/main.o
 .debug_macro   0x00000000000150dc       0x52 ./Core/Src/main.o
 .debug_macro   0x000000000001512e       0x22 ./Core/Src/main.o
 .debug_macro   0x0000000000015150       0x10 ./Core/Src/main.o
 .debug_macro   0x0000000000015160       0x52 ./Core/Src/main.o
 .debug_macro   0x00000000000151b2       0xd5 ./Core/Src/main.o
 .debug_macro   0x0000000000015287       0x1c ./Core/Src/main.o
 .debug_macro   0x00000000000152a3       0x3d ./Core/Src/main.o
 .debug_macro   0x00000000000152e0       0x16 ./Core/Src/main.o
 .debug_macro   0x00000000000152f6      0x145 ./Core/Src/main.o
 .debug_macro   0x000000000001543b       0x16 ./Core/Src/main.o
 .debug_macro   0x0000000000015451       0x20 ./Core/Src/main.o
 .debug_macro   0x0000000000015471      0x1f6 ./Core/Src/stm32f4xx_hal_msp.o
 .debug_macro   0x0000000000015667      0x200 ./Core/Src/stm32f4xx_it.o
 .debug_macro   0x0000000000015867      0x1e7 ./Core/Src/system_stm32f4xx.o
 .debug_macro   0x0000000000015a4e      0x247 ./Drivers/STM32F4xx_HAL_Driver/Src/stm32f4xx_hal.o
 .debug_macro   0x0000000000015c95      0x1e7 ./Drivers/STM32F4xx_HAL_Driver/Src/stm32f4xx_hal_cortex.o
 .debug_macro   0x0000000000015e7c      0x1ed ./Drivers/STM32F4xx_HAL_Driver/Src/stm32f4xx_hal_dma.o
 .debug_macro   0x0000000000016069      0x1ed ./Drivers/STM32F4xx_HAL_Driver/Src/stm32f4xx_hal_gpio.o
 .debug_macro   0x0000000000016256      0x22e ./Drivers/STM32F4xx_HAL_Driver/Src/stm32f4xx_hal_i2c.o
 .debug_macro   0x0000000000016484      0x20b ./Drivers/STM32F4xx_HAL_Driver/Src/stm32f4xx_hal_rcc.o
 .debug_macro   0x000000000001668f      0x1e8 ./Drivers/STM32F4xx_HAL_Driver/Src/stm32f4xx_hal_tim.o
 .debug_macro   0x0000000000016877      0x1e7 ./Drivers/STM32F4xx_HAL_Driver/Src/stm32f4xx_hal_tim_ex.o
 .debug_macro   0x0000000000016a5e      0x1e8 ./Drivers/STM32F4xx_HAL_Driver/Src/stm32f4xx_hal_uart.o

.debug_line     0x0000000000000000    0x11c8c
 .debug_line    0x0000000000000000     0x1381 ./Core/Src/main.o
 .debug_line    0x0000000000001381      0x8bd ./Core/Src/stm32f4xx_hal_msp.o
 .debug_line    0x0000000000001c3e      0x885 ./Core/Src/stm32f4xx_it.o
 .debug_line    0x00000000000024c3      0x76a ./Core/Src/system_stm32f4xx.o
 .debug_line    0x0000000000002c2d       0x88 ./Core/Startup/startup_stm32f411retx.o
 .debug_line    0x0000000000002cb5      0x9d0 ./Drivers/STM32F4xx_HAL_Driver/Src/stm32f4xx_hal.o
 .debug_line    0x0000000000003685      0xc7f ./Drivers/STM32F4xx_HAL_Driver/Src/stm32f4xx_hal_cortex.o
 .debug_line    0x0000000000004304      0xf34 ./Drivers/STM32F4xx_HAL_Driver/Src/stm32f4xx_hal_dma.o
 .debug_line    0x0000000000005238      0xb08 ./Drivers/STM32F4xx_HAL_Driver/Src/stm32f4xx_hal_gpio.o
 .debug_line    0x0000000000005d40     0x3985 ./Drivers/STM32F4xx_HAL_Driver/Src/stm32f4xx_hal_i2c.o
 .debug_line    0x00000000000096c5      0xd4c ./Drivers/STM32F4xx_HAL_Driver/Src/stm32f4xx_hal_rcc.o
 .debug_line    0x000000000000a411     0x349e ./Drivers/STM32F4xx_HAL_Driver/Src/stm32f4xx_hal_tim.o
 .debug_line    0x000000000000d8af     0x1968 ./Drivers/STM32F4xx_HAL_Driver/Src/stm32f4xx_hal_tim_ex.o
 .debug_line    0x000000000000f217     0x2a75 ./Drivers/STM32F4xx_HAL_Driver/Src/stm32f4xx_hal_uart.o

.debug_str      0x0000000000000000    0x9159e
 .debug_str     0x0000000000000000    0x8e138 ./Core/Src/main.o
                                      0x8e570 (size before relaxing)
 .debug_str     0x000000000008e138      0x110 ./Core/Src/stm32f4xx_hal_msp.o
                                      0x896de (size before relaxing)
 .debug_str     0x000000000008e248      0x202 ./Core/Src/stm32f4xx_it.o
                                      0x89238 (size before relaxing)
 .debug_str     0x000000000008e44a       0xdb ./Core/Src/system_stm32f4xx.o
                                      0x88457 (size before relaxing)
 .debug_str     0x000000000008e525       0x36 ./Core/Startup/startup_stm32f411retx.o
                                         0x6a (size before relaxing)
 .debug_str     0x000000000008e55b      0x5f0 ./Drivers/STM32F4xx_HAL_Driver/Src/stm32f4xx_hal.o
                                      0x88e83 (size before relaxing)
 .debug_str     0x000000000008eb4b      0x32d ./Drivers/STM32F4xx_HAL_Driver/Src/stm32f4xx_hal_cortex.o
                                      0x88ba4 (size before relaxing)
 .debug_str     0x000000000008ee78      0x2f4 ./Drivers/STM32F4xx_HAL_Driver/Src/stm32f4xx_hal_dma.o
                                      0x8885f (size before relaxing)
 .debug_str     0x000000000008f16c       0xd7 ./Drivers/STM32F4xx_HAL_Driver/Src/stm32f4xx_hal_gpio.o
                                      0x885d2 (size before relaxing)
 .debug_str     0x000000000008f243      0xa77 ./Drivers/STM32F4xx_HAL_Driver/Src/stm32f4xx_hal_i2c.o
                                      0x89415 (size before relaxing)
 .debug_str     0x000000000008fcba      0x208 ./Drivers/STM32F4xx_HAL_Driver/Src/stm32f4xx_hal_rcc.o
                                      0x8888b (size before relaxing)
 .debug_str     0x000000000008fec2      0xc95 ./Drivers/STM32F4xx_HAL_Driver/Src/stm32f4xx_hal_tim.o
                                      0x897bf (size before relaxing)
 .debug_str     0x0000000000090b57      0x493 ./Drivers/STM32F4xx_HAL_Driver/Src/stm32f4xx_hal_tim_ex.o
                                      0x88fdb (size before relaxing)
 .debug_str     0x0000000000090fea      0x5b4 ./Drivers/STM32F4xx_HAL_Driver/Src/stm32f4xx_hal_uart.o
                                      0x88e18 (size before relaxing)

.comment        0x0000000000000000       0x50
 .comment       0x0000000000000000       0x50 ./Core/Src/main.o
                                         0x51 (size before relaxing)
 .comment       0x0000000000000050       0x51 ./Core/Src/stm32f4xx_hal_msp.o
 .comment       0x0000000000000050       0x51 ./Core/Src/stm32f4xx_it.o
 .comment       0x0000000000000050       0x51 ./Core/Src/system_stm32f4xx.o
 .comment       0x0000000000000050       0x51 ./Drivers/STM32F4xx_HAL_Driver/Src/stm32f4xx_hal.o
 .comment       0x0000000000000050       0x51 ./Drivers/STM32F4xx_HAL_Driver/Src/stm32f4xx_hal_cortex.o
 .comment       0x0000000000000050       0x51 ./Drivers/STM32F4xx_HAL_Driver/Src/stm32f4xx_hal_dma.o
 .comment       0x0000000000000050       0x51 ./Drivers/STM32F4xx_HAL_Driver/Src/stm32f4xx_hal_gpio.o
 .comment       0x0000000000000050       0x51 ./Drivers/STM32F4xx_HAL_Driver/Src/stm32f4xx_hal_i2c.o
 .comment       0x0000000000000050       0x51 ./Drivers/STM32F4xx_HAL_Driver/Src/stm32f4xx_hal_rcc.o
 .comment       0x0000000000000050       0x51 ./Drivers/STM32F4xx_HAL_Driver/Src/stm32f4xx_hal_tim.o
 .comment       0x0000000000000050       0x51 ./Drivers/STM32F4xx_HAL_Driver/Src/stm32f4xx_hal_tim_ex.o
 .comment       0x0000000000000050       0x51 ./Drivers/STM32F4xx_HAL_Driver/Src/stm32f4xx_hal_uart.o

.debug_frame    0x0000000000000000     0x4330
 .debug_frame   0x0000000000000000      0x398 ./Core/Src/main.o
 .debug_frame   0x0000000000000398      0x130 ./Core/Src/stm32f4xx_hal_msp.o
 .debug_frame   0x00000000000004c8      0x200 ./Core/Src/stm32f4xx_it.o
 .debug_frame   0x00000000000006c8       0x58 ./Core/Src/system_stm32f4xx.o
 .debug_frame   0x0000000000000720      0x374 ./Drivers/STM32F4xx_HAL_Driver/Src/stm32f4xx_hal.o
 .debug_frame   0x0000000000000a94      0x498 ./Drivers/STM32F4xx_HAL_Driver/Src/stm32f4xx_hal_cortex.o
 .debug_frame   0x0000000000000f2c      0x250 ./Drivers/STM32F4xx_HAL_Driver/Src/stm32f4xx_hal_dma.o
 .debug_frame   0x000000000000117c      0x14c ./Drivers/STM32F4xx_HAL_Driver/Src/stm32f4xx_hal_gpio.o
 .debug_frame   0x00000000000012c8      0xc5c ./Drivers/STM32F4xx_HAL_Driver/Src/stm32f4xx_hal_i2c.o
 .debug_frame   0x0000000000001f24      0x1f4 ./Drivers/STM32F4xx_HAL_Driver/Src/stm32f4xx_hal_rcc.o
 .debug_frame   0x0000000000002118     0x11bc ./Drivers/STM32F4xx_HAL_Driver/Src/stm32f4xx_hal_tim.o
 .debug_frame   0x00000000000032d4      0x638 ./Drivers/STM32F4xx_HAL_Driver/Src/stm32f4xx_hal_tim_ex.o
 .debug_frame   0x000000000000390c      0x92c ./Drivers/STM32F4xx_HAL_Driver/Src/stm32f4xx_hal_uart.o
 .debug_frame   0x0000000000004238       0x2c c:/st/stm32cubeide_1.8.0/stm32cubeide/plugins/com.st.stm32cube.ide.mcu.externaltools.gnu-tools-for-stm32.10.3-2021.10.win32_1.0.0.202111181127/tools/bin/../lib/gcc/arm-none-eabi/10.3.1/../../../../arm-none-eabi/lib/thumb/v7e-m+fp/hard\libc_nano.a(lib_a-init.o)
 .debug_frame   0x0000000000004264       0x20 c:/st/stm32cubeide_1.8.0/stm32cubeide/plugins/com.st.stm32cube.ide.mcu.externaltools.gnu-tools-for-stm32.10.3-2021.10.win32_1.0.0.202111181127/tools/bin/../lib/gcc/arm-none-eabi/10.3.1/../../../../arm-none-eabi/lib/thumb/v7e-m+fp/hard\libc_nano.a(lib_a-memset.o)
 .debug_frame   0x0000000000004284       0x4c c:/st/stm32cubeide_1.8.0/stm32cubeide/plugins/com.st.stm32cube.ide.mcu.externaltools.gnu-tools-for-stm32.10.3-2021.10.win32_1.0.0.202111181127/tools/bin/../lib/gcc/arm-none-eabi/10.3.1/thumb/v7e-m+fp/hard\libgcc.a(_arm_addsubsf3.o)
 .debug_frame   0x00000000000042d0       0x2c c:/st/stm32cubeide_1.8.0/stm32cubeide/plugins/com.st.stm32cube.ide.mcu.externaltools.gnu-tools-for-stm32.10.3-2021.10.win32_1.0.0.202111181127/tools/bin/../lib/gcc/arm-none-eabi/10.3.1/thumb/v7e-m+fp/hard\libgcc.a(_aeabi_uldivmod.o)
 .debug_frame   0x00000000000042fc       0x34 c:/st/stm32cubeide_1.8.0/stm32cubeide/plugins/com.st.stm32cube.ide.mcu.externaltools.gnu-tools-for-stm32.10.3-2021.10.win32_1.0.0.202111181127/tools/bin/../lib/gcc/arm-none-eabi/10.3.1/thumb/v7e-m+fp/hard\libgcc.a(_udivmoddi4.o)
