Archive member included to satisfy reference by file (symbol)

c:/st/stm32cubeide_1.8.0/stm32cubeide/plugins/com.st.stm32cube.ide.mcu.externaltools.gnu-tools-for-stm32.10.3-2021.10.win32_1.0.0.202111181127/tools/bin/../lib/gcc/arm-none-eabi/10.3.1/../../../../arm-none-eabi/lib/thumb/v7e-m+fp/hard\libc_nano.a(lib_a-errno.o)
                              ./Core/Src/syscalls.o (__errno)
c:/st/stm32cubeide_1.8.0/stm32cubeide/plugins/com.st.stm32cube.ide.mcu.externaltools.gnu-tools-for-stm32.10.3-2021.10.win32_1.0.0.202111181127/tools/bin/../lib/gcc/arm-none-eabi/10.3.1/../../../../arm-none-eabi/lib/thumb/v7e-m+fp/hard\libc_nano.a(lib_a-exit.o)
                              c:/st/stm32cubeide_1.8.0/stm32cubeide/plugins/com.st.stm32cube.ide.mcu.externaltools.gnu-tools-for-stm32.10.3-2021.10.win32_1.0.0.202111181127/tools/bin/../lib/gcc/arm-none-eabi/10.3.1/../../../../arm-none-eabi/lib/thumb/v7e-m+fp/hard/crt0.o (exit)
c:/st/stm32cubeide_1.8.0/stm32cubeide/plugins/com.st.stm32cube.ide.mcu.externaltools.gnu-tools-for-stm32.10.3-2021.10.win32_1.0.0.202111181127/tools/bin/../lib/gcc/arm-none-eabi/10.3.1/../../../../arm-none-eabi/lib/thumb/v7e-m+fp/hard\libc_nano.a(lib_a-impure.o)
                              c:/st/stm32cubeide_1.8.0/stm32cubeide/plugins/com.st.stm32cube.ide.mcu.externaltools.gnu-tools-for-stm32.10.3-2021.10.win32_1.0.0.202111181127/tools/bin/../lib/gcc/arm-none-eabi/10.3.1/../../../../arm-none-eabi/lib/thumb/v7e-m+fp/hard\libc_nano.a(lib_a-exit.o) (_global_impure_ptr)
c:/st/stm32cubeide_1.8.0/stm32cubeide/plugins/com.st.stm32cube.ide.mcu.externaltools.gnu-tools-for-stm32.10.3-2021.10.win32_1.0.0.202111181127/tools/bin/../lib/gcc/arm-none-eabi/10.3.1/../../../../arm-none-eabi/lib/thumb/v7e-m+fp/hard\libc_nano.a(lib_a-init.o)
                              c:/st/stm32cubeide_1.8.0/stm32cubeide/plugins/com.st.stm32cube.ide.mcu.externaltools.gnu-tools-for-stm32.10.3-2021.10.win32_1.0.0.202111181127/tools/bin/../lib/gcc/arm-none-eabi/10.3.1/../../../../arm-none-eabi/lib/thumb/v7e-m+fp/hard/crt0.o (__libc_init_array)
c:/st/stm32cubeide_1.8.0/stm32cubeide/plugins/com.st.stm32cube.ide.mcu.externaltools.gnu-tools-for-stm32.10.3-2021.10.win32_1.0.0.202111181127/tools/bin/../lib/gcc/arm-none-eabi/10.3.1/../../../../arm-none-eabi/lib/thumb/v7e-m+fp/hard\libc_nano.a(lib_a-memset.o)
                              c:/st/stm32cubeide_1.8.0/stm32cubeide/plugins/com.st.stm32cube.ide.mcu.externaltools.gnu-tools-for-stm32.10.3-2021.10.win32_1.0.0.202111181127/tools/bin/../lib/gcc/arm-none-eabi/10.3.1/../../../../arm-none-eabi/lib/thumb/v7e-m+fp/hard/crt0.o (memset)
c:/st/stm32cubeide_1.8.0/stm32cubeide/plugins/com.st.stm32cube.ide.mcu.externaltools.gnu-tools-for-stm32.10.3-2021.10.win32_1.0.0.202111181127/tools/bin/../lib/gcc/arm-none-eabi/10.3.1/thumb/v7e-m+fp/hard\libgcc.a(_arm_addsubdf3.o)
                              ./Core/Src/main.o (__aeabi_f2d)
c:/st/stm32cubeide_1.8.0/stm32cubeide/plugins/com.st.stm32cube.ide.mcu.externaltools.gnu-tools-for-stm32.10.3-2021.10.win32_1.0.0.202111181127/tools/bin/../lib/gcc/arm-none-eabi/10.3.1/thumb/v7e-m+fp/hard\libgcc.a(_arm_muldivdf3.o)
                              ./Core/Src/main.o (__aeabi_ddiv)
c:/st/stm32cubeide_1.8.0/stm32cubeide/plugins/com.st.stm32cube.ide.mcu.externaltools.gnu-tools-for-stm32.10.3-2021.10.win32_1.0.0.202111181127/tools/bin/../lib/gcc/arm-none-eabi/10.3.1/thumb/v7e-m+fp/hard\libgcc.a(_arm_truncdfsf2.o)
                              ./Core/Src/main.o (__aeabi_d2f)
c:/st/stm32cubeide_1.8.0/stm32cubeide/plugins/com.st.stm32cube.ide.mcu.externaltools.gnu-tools-for-stm32.10.3-2021.10.win32_1.0.0.202111181127/tools/bin/../lib/gcc/arm-none-eabi/10.3.1/thumb/v7e-m+fp/hard\libgcc.a(_aeabi_uldivmod.o)
                              ./Drivers/STM32F4xx_HAL_Driver/Src/stm32f4xx_hal_rcc.o (__aeabi_uldivmod)
c:/st/stm32cubeide_1.8.0/stm32cubeide/plugins/com.st.stm32cube.ide.mcu.externaltools.gnu-tools-for-stm32.10.3-2021.10.win32_1.0.0.202111181127/tools/bin/../lib/gcc/arm-none-eabi/10.3.1/thumb/v7e-m+fp/hard\libgcc.a(_udivmoddi4.o)
                              c:/st/stm32cubeide_1.8.0/stm32cubeide/plugins/com.st.stm32cube.ide.mcu.externaltools.gnu-tools-for-stm32.10.3-2021.10.win32_1.0.0.202111181127/tools/bin/../lib/gcc/arm-none-eabi/10.3.1/thumb/v7e-m+fp/hard\libgcc.a(_aeabi_uldivmod.o) (__udivmoddi4)
c:/st/stm32cubeide_1.8.0/stm32cubeide/plugins/com.st.stm32cube.ide.mcu.externaltools.gnu-tools-for-stm32.10.3-2021.10.win32_1.0.0.202111181127/tools/bin/../lib/gcc/arm-none-eabi/10.3.1/thumb/v7e-m+fp/hard\libgcc.a(_dvmd_tls.o)
                              c:/st/stm32cubeide_1.8.0/stm32cubeide/plugins/com.st.stm32cube.ide.mcu.externaltools.gnu-tools-for-stm32.10.3-2021.10.win32_1.0.0.202111181127/tools/bin/../lib/gcc/arm-none-eabi/10.3.1/thumb/v7e-m+fp/hard\libgcc.a(_aeabi_uldivmod.o) (__aeabi_ldiv0)

Discarded input sections

[...]
Memory Configuration

Name             Origin             Length             Attributes
RAM              0x0000000020000000 0x0000000000020000 xrw
FLASH            0x0000000008000000 0x0000000000080000 xr
*default*        0x0000000000000000 0xffffffffffffffff

Linker script and memory map

LOAD c:/st/stm32cubeide_1.8.0/stm32cubeide/plugins/com.st.stm32cube.ide.mcu.externaltools.gnu-tools-for-stm32.10.3-2021.10.win32_1.0.0.202111181127/tools/bin/../lib/gcc/arm-none-eabi/10.3.1/thumb/v7e-m+fp/hard/crti.o
LOAD c:/st/stm32cubeide_1.8.0/stm32cubeide/plugins/com.st.stm32cube.ide.mcu.externaltools.gnu-tools-for-stm32.10.3-2021.10.win32_1.0.0.202111181127/tools/bin/../lib/gcc/arm-none-eabi/10.3.1/thumb/v7e-m+fp/hard/crtbegin.o
LOAD c:/st/stm32cubeide_1.8.0/stm32cubeide/plugins/com.st.stm32cube.ide.mcu.externaltools.gnu-tools-for-stm32.10.3-2021.10.win32_1.0.0.202111181127/tools/bin/../lib/gcc/arm-none-eabi/10.3.1/../../../../arm-none-eabi/lib/thumb/v7e-m+fp/hard/crt0.o
LOAD ./Core/Src/main.o
LOAD ./Core/Src/stm32f4xx_hal_msp.o
LOAD ./Core/Src/stm32f4xx_it.o
LOAD ./Core/Src/syscalls.o
LOAD ./Core/Src/sysmem.o
LOAD ./Core/Src/system_stm32f4xx.o
LOAD ./Core/Startup/startup_stm32f411retx.o
LOAD ./Drivers/STM32F4xx_HAL_Driver/Src/stm32f4xx_hal.o
LOAD ./Drivers/STM32F4xx_HAL_Driver/Src/stm32f4xx_hal_cortex.o
LOAD ./Drivers/STM32F4xx_HAL_Driver/Src/stm32f4xx_hal_dma.o
LOAD ./Drivers/STM32F4xx_HAL_Driver/Src/stm32f4xx_hal_dma_ex.o
LOAD ./Drivers/STM32F4xx_HAL_Driver/Src/stm32f4xx_hal_exti.o
LOAD ./Drivers/STM32F4xx_HAL_Driver/Src/stm32f4xx_hal_flash.o
LOAD ./Drivers/STM32F4xx_HAL_Driver/Src/stm32f4xx_hal_flash_ex.o
LOAD ./Drivers/STM32F4xx_HAL_Driver/Src/stm32f4xx_hal_flash_ramfunc.o
LOAD ./Drivers/STM32F4xx_HAL_Driver/Src/stm32f4xx_hal_gpio.o
LOAD ./Drivers/STM32F4xx_HAL_Driver/Src/stm32f4xx_hal_i2c.o
LOAD ./Drivers/STM32F4xx_HAL_Driver/Src/stm32f4xx_hal_i2c_ex.o
LOAD ./Drivers/STM32F4xx_HAL_Driver/Src/stm32f4xx_hal_pwr.o
LOAD ./Drivers/STM32F4xx_HAL_Driver/Src/stm32f4xx_hal_pwr_ex.o
LOAD ./Drivers/STM32F4xx_HAL_Driver/Src/stm32f4xx_hal_rcc.o
LOAD ./Drivers/STM32F4xx_HAL_Driver/Src/stm32f4xx_hal_rcc_ex.o
LOAD ./Drivers/STM32F4xx_HAL_Driver/Src/stm32f4xx_hal_tim.o
LOAD ./Drivers/STM32F4xx_HAL_Driver/Src/stm32f4xx_hal_tim_ex.o
LOAD ./Drivers/STM32F4xx_HAL_Driver/Src/stm32f4xx_hal_uart.o
START GROUP
LOAD c:/st/stm32cubeide_1.8.0/stm32cubeide/plugins/com.st.stm32cube.ide.mcu.externaltools.gnu-tools-for-stm32.10.3-2021.10.win32_1.0.0.202111181127/tools/bin/../lib/gcc/arm-none-eabi/10.3.1/../../../../arm-none-eabi/lib/thumb/v7e-m+fp/hard\libstdc++_nano.a
LOAD c:/st/stm32cubeide_1.8.0/stm32cubeide/plugins/com.st.stm32cube.ide.mcu.externaltools.gnu-tools-for-stm32.10.3-2021.10.win32_1.0.0.202111181127/tools/bin/../lib/gcc/arm-none-eabi/10.3.1/../../../../arm-none-eabi/lib/thumb/v7e-m+fp/hard\libsupc++_nano.a
END GROUP
LOAD c:/st/stm32cubeide_1.8.0/stm32cubeide/plugins/com.st.stm32cube.ide.mcu.externaltools.gnu-tools-for-stm32.10.3-2021.10.win32_1.0.0.202111181127/tools/bin/../lib/gcc/arm-none-eabi/10.3.1/../../../../arm-none-eabi/lib/thumb/v7e-m+fp/hard\libstdc++_nano.a
LOAD c:/st/stm32cubeide_1.8.0/stm32cubeide/plugins/com.st.stm32cube.ide.mcu.externaltools.gnu-tools-for-stm32.10.3-2021.10.win32_1.0.0.202111181127/tools/bin/../lib/gcc/arm-none-eabi/10.3.1/../../../../arm-none-eabi/lib/thumb/v7e-m+fp/hard\libm.a
LOAD c:/st/stm32cubeide_1.8.0/stm32cubeide/plugins/com.st.stm32cube.ide.mcu.externaltools.gnu-tools-for-stm32.10.3-2021.10.win32_1.0.0.202111181127/tools/bin/../lib/gcc/arm-none-eabi/10.3.1/../../../../arm-none-eabi/lib/thumb/v7e-m+fp/hard\libc_nano.a
START GROUP
LOAD c:/st/stm32cubeide_1.8.0/stm32cubeide/plugins/com.st.stm32cube.ide.mcu.externaltools.gnu-tools-for-stm32.10.3-2021.10.win32_1.0.0.202111181127/tools/bin/../lib/gcc/arm-none-eabi/10.3.1/thumb/v7e-m+fp/hard\libgcc.a
LOAD c:/st/stm32cubeide_1.8.0/stm32cubeide/plugins/com.st.stm32cube.ide.mcu.externaltools.gnu-tools-for-stm32.10.3-2021.10.win32_1.0.0.202111181127/tools/bin/../lib/gcc/arm-none-eabi/10.3.1/../../../../arm-none-eabi/lib/thumb/v7e-m+fp/hard\libc_nano.a
END GROUP
START GROUP
LOAD c:/st/stm32cubeide_1.8.0/stm32cubeide/plugins/com.st.stm32cube.ide.mcu.externaltools.gnu-tools-for-stm32.10.3-2021.10.win32_1.0.0.202111181127/tools/bin/../lib/gcc/arm-none-eabi/10.3.1/thumb/v7e-m+fp/hard\libgcc.a
LOAD c:/st/stm32cubeide_1.8.0/stm32cubeide/plugins/com.st.stm32cube.ide.mcu.externaltools.gnu-tools-for-stm32.10.3-2021.10.win32_1.0.0.202111181127/tools/bin/../lib/gcc/arm-none-eabi/10.3.1/../../../../arm-none-eabi/lib/thumb/v7e-m+fp/hard\libc_nano.a
LOAD c:/st/stm32cubeide_1.8.0/stm32cubeide/plugins/com.st.stm32cube.ide.mcu.externaltools.gnu-tools-for-stm32.10.3-2021.10.win32_1.0.0.202111181127/tools/bin/../lib/gcc/arm-none-eabi/10.3.1/../../../../arm-none-eabi/lib/thumb/v7e-m+fp/hard\libnosys.a
END GROUP
START GROUP
LOAD c:/st/stm32cubeide_1.8.0/stm32cubeide/plugins/com.st.stm32cube.ide.mcu.externaltools.gnu-tools-for-stm32.10.3-2021.10.win32_1.0.0.202111181127/tools/bin/../lib/gcc/arm-none-eabi/10.3.1/thumb/v7e-m+fp/hard\libgcc.a
LOAD c:/st/stm32cubeide_1.8.0/stm32cubeide/plugins/com.st.stm32cube.ide.mcu.externaltools.gnu-tools-for-stm32.10.3-2021.10.win32_1.0.0.202111181127/tools/bin/../lib/gcc/arm-none-eabi/10.3.1/../../../../arm-none-eabi/lib/thumb/v7e-m+fp/hard\libc_nano.a
LOAD c:/st/stm32cubeide_1.8.0/stm32cubeide/plugins/com.st.stm32cube.ide.mcu.externaltools.gnu-tools-for-stm32.10.3-2021.10.win32_1.0.0.202111181127/tools/bin/../lib/gcc/arm-none-eabi/10.3.1/../../../../arm-none-eabi/lib/thumb/v7e-m+fp/hard\libnosys.a
END GROUP
LOAD c:/st/stm32cubeide_1.8.0/stm32cubeide/plugins/com.st.stm32cube.ide.mcu.externaltools.gnu-tools-for-stm32.10.3-2021.10.win32_1.0.0.202111181127/tools/bin/../lib/gcc/arm-none-eabi/10.3.1/thumb/v7e-m+fp/hard/crtend.o
LOAD c:/st/stm32cubeide_1.8.0/stm32cubeide/plugins/com.st.stm32cube.ide.mcu.externaltools.gnu-tools-for-stm32.10.3-2021.10.win32_1.0.0.202111181127/tools/bin/../lib/gcc/arm-none-eabi/10.3.1/thumb/v7e-m+fp/hard/crtn.o
                0x0000000020020000                _estack = (ORIGIN (RAM) + LENGTH (RAM))
                0x0000000000000200                _Min_Heap_Size = 0x200
                0x0000000000000400                _Min_Stack_Size = 0x400

.isr_vector     0x0000000008000000      0x198
                0x0000000008000000                . = ALIGN (0x4)
 *(.isr_vector)
 .isr_vector    0x0000000008000000      0x198 ./Core/Startup/startup_stm32f411retx.o
                0x0000000008000000                g_pfnVectors
                0x0000000008000198                . = ALIGN (0x4)

.text           0x0000000008000198     0x7708
                0x0000000008000198                . = ALIGN (0x4)
 *(.text)
 .text          0x0000000008000198       0x40 c:/st/stm32cubeide_1.8.0/stm32cubeide/plugins/com.st.stm32cube.ide.mcu.externaltools.gnu-tools-for-stm32.10.3-2021.10.win32_1.0.0.202111181127/tools/bin/../lib/gcc/arm-none-eabi/10.3.1/thumb/v7e-m+fp/hard/crtbegin.o
 .text          0x00000000080001d8      0x378 c:/st/stm32cubeide_1.8.0/stm32cubeide/plugins/com.st.stm32cube.ide.mcu.externaltools.gnu-tools-for-stm32.10.3-2021.10.win32_1.0.0.202111181127/tools/bin/../lib/gcc/arm-none-eabi/10.3.1/thumb/v7e-m+fp/hard\libgcc.a(_arm_addsubdf3.o)
                0x00000000080001d8                __aeabi_drsub
                0x00000000080001e0                __aeabi_dsub
                0x00000000080001e0                __subdf3
                0x00000000080001e4                __aeabi_dadd
                0x00000000080001e4                __adddf3
                0x000000000800045c                __floatunsidf
                0x000000000800045c                __aeabi_ui2d
                0x000000000800047c                __floatsidf
                0x000000000800047c                __aeabi_i2d
                0x00000000080004a0                __aeabi_f2d
                0x00000000080004a0                __extendsfdf2
                0x00000000080004e4                __floatundidf
                0x00000000080004e4                __aeabi_ul2d
                0x00000000080004f4                __floatdidf
                0x00000000080004f4                __aeabi_l2d
 .text          0x0000000008000550      0x424 c:/st/stm32cubeide_1.8.0/stm32cubeide/plugins/com.st.stm32cube.ide.mcu.externaltools.gnu-tools-for-stm32.10.3-2021.10.win32_1.0.0.202111181127/tools/bin/../lib/gcc/arm-none-eabi/10.3.1/thumb/v7e-m+fp/hard\libgcc.a(_arm_muldivdf3.o)
                0x0000000008000550                __aeabi_dmul
                0x0000000008000550                __muldf3
                0x00000000080007a4                __divdf3
                0x00000000080007a4                __aeabi_ddiv
 .text          0x0000000008000974       0xa0 c:/st/stm32cubeide_1.8.0/stm32cubeide/plugins/com.st.stm32cube.ide.mcu.externaltools.gnu-tools-for-stm32.10.3-2021.10.win32_1.0.0.202111181127/tools/bin/../lib/gcc/arm-none-eabi/10.3.1/thumb/v7e-m+fp/hard\libgcc.a(_arm_truncdfsf2.o)
                0x0000000008000974                __truncdfsf2
                0x0000000008000974                __aeabi_d2f
 .text          0x0000000008000a14       0x30 c:/st/stm32cubeide_1.8.0/stm32cubeide/plugins/com.st.stm32cube.ide.mcu.externaltools.gnu-tools-for-stm32.10.3-2021.10.win32_1.0.0.202111181127/tools/bin/../lib/gcc/arm-none-eabi/10.3.1/thumb/v7e-m+fp/hard\libgcc.a(_aeabi_uldivmod.o)
                0x0000000008000a14                __aeabi_uldivmod
 .text          0x0000000008000a44      0x2d0 c:/st/stm32cubeide_1.8.0/stm32cubeide/plugins/com.st.stm32cube.ide.mcu.externaltools.gnu-tools-for-stm32.10.3-2021.10.win32_1.0.0.202111181127/tools/bin/../lib/gcc/arm-none-eabi/10.3.1/thumb/v7e-m+fp/hard\libgcc.a(_udivmoddi4.o)
                0x0000000008000a44                __udivmoddi4
 .text          0x0000000008000d14        0x4 c:/st/stm32cubeide_1.8.0/stm32cubeide/plugins/com.st.stm32cube.ide.mcu.externaltools.gnu-tools-for-stm32.10.3-2021.10.win32_1.0.0.202111181127/tools/bin/../lib/gcc/arm-none-eabi/10.3.1/thumb/v7e-m+fp/hard\libgcc.a(_dvmd_tls.o)
                0x0000000008000d14                __aeabi_idiv0
                0x0000000008000d14                __aeabi_ldiv0
 *(.text*)
 .text.main     0x0000000008000d18      0x124 ./Core/Src/main.o
                0x0000000008000d18                main
 .text.SystemClock_Config
                0x0000000008000e3c       0xd0 ./Core/Src/main.o
                0x0000000008000e3c                SystemClock_Config
 .text.MX_I2C1_Init
                0x0000000008000f0c       0x5c ./Core/Src/main.o
 .text.MX_TIM2_Init
                0x0000000008000f68       0xe0 ./Core/Src/main.o
 .text.MX_TIM4_Init
                0x0000000008001048       0xec ./Core/Src/main.o
 .text.MX_TIM11_Init
                0x0000000008001134       0x48 ./Core/Src/main.o
 .text.MX_USART2_UART_Init
                0x000000000800117c       0x54 ./Core/Src/main.o
 .text.MX_DMA_Init
                0x00000000080011d0       0x40 ./Core/Src/main.o
 .text.MX_GPIO_Init
                0x0000000008001210      0x168 ./Core/Src/main.o
 .text.GraytoBinario
                0x0000000008001378       0x7e ./Core/Src/main.o
                0x0000000008001378                GraytoBinario
 *fill*         0x00000000080013f6        0x2 
 .text.encoderSpeedReaderCycle
                0x00000000080013f8       0xe8 ./Core/Src/main.o
                0x00000000080013f8                encoderSpeedReaderCycle
 .text.IOExpenderInit
                0x00000000080014e0       0x2c ./Core/Src/main.o
                0x00000000080014e0                IOExpenderInit
 .text.AbsEncI2CRead
                0x000000000800150c       0xe4 ./Core/Src/main.o
                0x000000000800150c                AbsEncI2CRead
 .text.HAL_GPIO_EXTI_Callback
                0x00000000080015f0       0x38 ./Core/Src/main.o
                0x00000000080015f0                HAL_GPIO_EXTI_Callback
 .text.micros   0x0000000008001628       0x34 ./Core/Src/main.o
                0x0000000008001628                micros
 .text.Error_Handler
                0x000000000800165c        0xa ./Core/Src/main.o
                0x000000000800165c                Error_Handler
 *fill*         0x0000000008001666        0x2 
 .text.HAL_MspInit
                0x0000000008001668       0x50 ./Core/Src/stm32f4xx_hal_msp.o
                0x0000000008001668                HAL_MspInit
 .text.HAL_I2C_MspInit
                0x00000000080016b8       0xb0 ./Core/Src/stm32f4xx_hal_msp.o
                0x00000000080016b8                HAL_I2C_MspInit
 .text.HAL_TIM_Base_MspInit
                0x0000000008001768      0x14c ./Core/Src/stm32f4xx_hal_msp.o
                0x0000000008001768                HAL_TIM_Base_MspInit
 .text.HAL_TIM_MspPostInit
                0x00000000080018b4       0x74 ./Core/Src/stm32f4xx_hal_msp.o
                0x00000000080018b4                HAL_TIM_MspPostInit
 .text.HAL_UART_MspInit
                0x0000000008001928       0x90 ./Core/Src/stm32f4xx_hal_msp.o
                0x0000000008001928                HAL_UART_MspInit
 .text.NMI_Handler
                0x00000000080019b8        0x6 ./Core/Src/stm32f4xx_it.o
                0x00000000080019b8                NMI_Handler
 .text.HardFault_Handler
                0x00000000080019be        0x6 ./Core/Src/stm32f4xx_it.o
                0x00000000080019be                HardFault_Handler
 .text.MemManage_Handler
                0x00000000080019c4        0x6 ./Core/Src/stm32f4xx_it.o
                0x00000000080019c4                MemManage_Handler
 .text.BusFault_Handler
                0x00000000080019ca        0x6 ./Core/Src/stm32f4xx_it.o
                0x00000000080019ca                BusFault_Handler
 .text.UsageFault_Handler
                0x00000000080019d0        0x6 ./Core/Src/stm32f4xx_it.o
                0x00000000080019d0                UsageFault_Handler
 .text.SVC_Handler
                0x00000000080019d6        0xe ./Core/Src/stm32f4xx_it.o
                0x00000000080019d6                SVC_Handler
 .text.DebugMon_Handler
                0x00000000080019e4        0xe ./Core/Src/stm32f4xx_it.o
                0x00000000080019e4                DebugMon_Handler
 .text.PendSV_Handler
                0x00000000080019f2        0xe ./Core/Src/stm32f4xx_it.o
                0x00000000080019f2                PendSV_Handler
 .text.SysTick_Handler
                0x0000000008001a00        0xc ./Core/Src/stm32f4xx_it.o
                0x0000000008001a00                SysTick_Handler
 .text.DMA1_Stream5_IRQHandler
                0x0000000008001a0c       0x14 ./Core/Src/stm32f4xx_it.o
                0x0000000008001a0c                DMA1_Stream5_IRQHandler
 .text.I2C1_EV_IRQHandler
                0x0000000008001a20       0x14 ./Core/Src/stm32f4xx_it.o
                0x0000000008001a20                I2C1_EV_IRQHandler
 .text.I2C1_ER_IRQHandler
                0x0000000008001a34       0x14 ./Core/Src/stm32f4xx_it.o
                0x0000000008001a34                I2C1_ER_IRQHandler
 .text.EXTI15_10_IRQHandler
                0x0000000008001a48       0x18 ./Core/Src/stm32f4xx_it.o
                0x0000000008001a48                EXTI15_10_IRQHandler
 .text.SystemInit
                0x0000000008001a60       0x24 ./Core/Src/system_stm32f4xx.o
                0x0000000008001a60                SystemInit
 .text.Reset_Handler
                0x0000000008001a84       0x50 ./Core/Startup/startup_stm32f411retx.o
                0x0000000008001a84                Reset_Handler
 .text.Default_Handler
                0x0000000008001ad4        0x2 ./Core/Startup/startup_stm32f411retx.o
                0x0000000008001ad4                RTC_Alarm_IRQHandler
                0x0000000008001ad4                EXTI2_IRQHandler
                0x0000000008001ad4                SPI4_IRQHandler
                0x0000000008001ad4                TIM1_CC_IRQHandler
                0x0000000008001ad4                DMA2_Stream5_IRQHandler
                0x0000000008001ad4                PVD_IRQHandler
                0x0000000008001ad4                SDIO_IRQHandler
                0x0000000008001ad4                TAMP_STAMP_IRQHandler
                0x0000000008001ad4                EXTI3_IRQHandler
                0x0000000008001ad4                TIM1_UP_TIM10_IRQHandler
                0x0000000008001ad4                I2C3_ER_IRQHandler
                0x0000000008001ad4                EXTI0_IRQHandler
                0x0000000008001ad4                I2C2_EV_IRQHandler
                0x0000000008001ad4                DMA1_Stream2_IRQHandler
                0x0000000008001ad4                FPU_IRQHandler
                0x0000000008001ad4                DMA2_Stream2_IRQHandler
                0x0000000008001ad4                SPI1_IRQHandler
                0x0000000008001ad4                TIM1_BRK_TIM9_IRQHandler
                0x0000000008001ad4                DMA2_Stream3_IRQHandler
                0x0000000008001ad4                USART6_IRQHandler
                0x0000000008001ad4                DMA2_Stream0_IRQHandler
                0x0000000008001ad4                TIM4_IRQHandler
                0x0000000008001ad4                DMA1_Stream6_IRQHandler
                0x0000000008001ad4                DMA1_Stream1_IRQHandler
                0x0000000008001ad4                TIM3_IRQHandler
                0x0000000008001ad4                RCC_IRQHandler
                0x0000000008001ad4                Default_Handler
                0x0000000008001ad4                ADC_IRQHandler
                0x0000000008001ad4                DMA1_Stream7_IRQHandler
                0x0000000008001ad4                SPI5_IRQHandler
                0x0000000008001ad4                TIM5_IRQHandler
                0x0000000008001ad4                DMA2_Stream7_IRQHandler
                0x0000000008001ad4                I2C3_EV_IRQHandler
                0x0000000008001ad4                EXTI9_5_IRQHandler
                0x0000000008001ad4                RTC_WKUP_IRQHandler
                0x0000000008001ad4                SPI2_IRQHandler
                0x0000000008001ad4                DMA1_Stream0_IRQHandler
                0x0000000008001ad4                EXTI4_IRQHandler
                0x0000000008001ad4                WWDG_IRQHandler
                0x0000000008001ad4                TIM2_IRQHandler
                0x0000000008001ad4                OTG_FS_WKUP_IRQHandler
                0x0000000008001ad4                TIM1_TRG_COM_TIM11_IRQHandler
                0x0000000008001ad4                EXTI1_IRQHandler
                0x0000000008001ad4                USART2_IRQHandler
                0x0000000008001ad4                I2C2_ER_IRQHandler
                0x0000000008001ad4                DMA2_Stream1_IRQHandler
                0x0000000008001ad4                FLASH_IRQHandler
                0x0000000008001ad4                DMA2_Stream4_IRQHandler
                0x0000000008001ad4                USART1_IRQHandler
                0x0000000008001ad4                OTG_FS_IRQHandler
                0x0000000008001ad4                SPI3_IRQHandler
                0x0000000008001ad4                DMA1_Stream4_IRQHandler
                0x0000000008001ad4                DMA2_Stream6_IRQHandler
                0x0000000008001ad4                DMA1_Stream3_IRQHandler
 *fill*         0x0000000008001ad6        0x2 
 .text.HAL_Init
                0x0000000008001ad8       0x44 ./Drivers/STM32F4xx_HAL_Driver/Src/stm32f4xx_hal.o
                0x0000000008001ad8                HAL_Init
 .text.HAL_InitTick
                0x0000000008001b1c       0x60 ./Drivers/STM32F4xx_HAL_Driver/Src/stm32f4xx_hal.o
                0x0000000008001b1c                HAL_InitTick
 .text.HAL_IncTick
                0x0000000008001b7c       0x28 ./Drivers/STM32F4xx_HAL_Driver/Src/stm32f4xx_hal.o
                0x0000000008001b7c                HAL_IncTick
 .text.HAL_GetTick
                0x0000000008001ba4       0x18 ./Drivers/STM32F4xx_HAL_Driver/Src/stm32f4xx_hal.o
                0x0000000008001ba4                HAL_GetTick
 .text.HAL_Delay
                0x0000000008001bbc       0x48 ./Drivers/STM32F4xx_HAL_Driver/Src/stm32f4xx_hal.o
                0x0000000008001bbc                HAL_Delay
 .text.__NVIC_SetPriorityGrouping
                0x0000000008001c04       0x48 ./Drivers/STM32F4xx_HAL_Driver/Src/stm32f4xx_hal_cortex.o
 .text.__NVIC_GetPriorityGrouping
                0x0000000008001c4c       0x1c ./Drivers/STM32F4xx_HAL_Driver/Src/stm32f4xx_hal_cortex.o
 .text.__NVIC_EnableIRQ
                0x0000000008001c68       0x3c ./Drivers/STM32F4xx_HAL_Driver/Src/stm32f4xx_hal_cortex.o
 .text.__NVIC_SetPriority
                0x0000000008001ca4       0x54 ./Drivers/STM32F4xx_HAL_Driver/Src/stm32f4xx_hal_cortex.o
 .text.NVIC_EncodePriority
                0x0000000008001cf8       0x66 ./Drivers/STM32F4xx_HAL_Driver/Src/stm32f4xx_hal_cortex.o
 *fill*         0x0000000008001d5e        0x2 
 .text.SysTick_Config
                0x0000000008001d60       0x44 ./Drivers/STM32F4xx_HAL_Driver/Src/stm32f4xx_hal_cortex.o
 .text.HAL_NVIC_SetPriorityGrouping
                0x0000000008001da4       0x16 ./Drivers/STM32F4xx_HAL_Driver/Src/stm32f4xx_hal_cortex.o
                0x0000000008001da4                HAL_NVIC_SetPriorityGrouping
 .text.HAL_NVIC_SetPriority
                0x0000000008001dba       0x38 ./Drivers/STM32F4xx_HAL_Driver/Src/stm32f4xx_hal_cortex.o
                0x0000000008001dba                HAL_NVIC_SetPriority
 .text.HAL_NVIC_EnableIRQ
                0x0000000008001df2       0x1c ./Drivers/STM32F4xx_HAL_Driver/Src/stm32f4xx_hal_cortex.o
                0x0000000008001df2                HAL_NVIC_EnableIRQ
 .text.HAL_SYSTICK_Config
                0x0000000008001e0e       0x18 ./Drivers/STM32F4xx_HAL_Driver/Src/stm32f4xx_hal_cortex.o
                0x0000000008001e0e                HAL_SYSTICK_Config
 *fill*         0x0000000008001e26        0x2 
 .text.HAL_DMA_Init
                0x0000000008001e28      0x15c ./Drivers/STM32F4xx_HAL_Driver/Src/stm32f4xx_hal_dma.o
                0x0000000008001e28                HAL_DMA_Init
 .text.HAL_DMA_Start_IT
                0x0000000008001f84       0xb0 ./Drivers/STM32F4xx_HAL_Driver/Src/stm32f4xx_hal_dma.o
                0x0000000008001f84                HAL_DMA_Start_IT
 .text.HAL_DMA_Abort_IT
                0x0000000008002034       0x44 ./Drivers/STM32F4xx_HAL_Driver/Src/stm32f4xx_hal_dma.o
                0x0000000008002034                HAL_DMA_Abort_IT
 .text.HAL_DMA_IRQHandler
                0x0000000008002078      0x314 ./Drivers/STM32F4xx_HAL_Driver/Src/stm32f4xx_hal_dma.o
                0x0000000008002078                HAL_DMA_IRQHandler
 .text.HAL_DMA_GetState
                0x000000000800238c       0x1c ./Drivers/STM32F4xx_HAL_Driver/Src/stm32f4xx_hal_dma.o
                0x000000000800238c                HAL_DMA_GetState
 .text.DMA_SetConfig
                0x00000000080023a8       0x5c ./Drivers/STM32F4xx_HAL_Driver/Src/stm32f4xx_hal_dma.o
 .text.DMA_CalcBaseAndBitshift
                0x0000000008002404       0x6c ./Drivers/STM32F4xx_HAL_Driver/Src/stm32f4xx_hal_dma.o
 .text.DMA_CheckFifoParam
                0x0000000008002470       0xf8 ./Drivers/STM32F4xx_HAL_Driver/Src/stm32f4xx_hal_dma.o
 .text.HAL_GPIO_Init
                0x0000000008002568      0x308 ./Drivers/STM32F4xx_HAL_Driver/Src/stm32f4xx_hal_gpio.o
                0x0000000008002568                HAL_GPIO_Init
 .text.HAL_GPIO_ReadPin
                0x0000000008002870       0x30 ./Drivers/STM32F4xx_HAL_Driver/Src/stm32f4xx_hal_gpio.o
                0x0000000008002870                HAL_GPIO_ReadPin
 .text.HAL_GPIO_WritePin
                0x00000000080028a0       0x32 ./Drivers/STM32F4xx_HAL_Driver/Src/stm32f4xx_hal_gpio.o
                0x00000000080028a0                HAL_GPIO_WritePin
 .text.HAL_GPIO_TogglePin
                0x00000000080028d2       0x34 ./Drivers/STM32F4xx_HAL_Driver/Src/stm32f4xx_hal_gpio.o
                0x00000000080028d2                HAL_GPIO_TogglePin
 *fill*         0x0000000008002906        0x2 
 .text.HAL_GPIO_EXTI_IRQHandler
                0x0000000008002908       0x30 ./Drivers/STM32F4xx_HAL_Driver/Src/stm32f4xx_hal_gpio.o
                0x0000000008002908                HAL_GPIO_EXTI_IRQHandler
 .text.HAL_I2C_Init
                0x0000000008002938      0x288 ./Drivers/STM32F4xx_HAL_Driver/Src/stm32f4xx_hal_i2c.o
                0x0000000008002938                HAL_I2C_Init
 .text.HAL_I2C_Mem_Write
                0x0000000008002bc0      0x1f4 ./Drivers/STM32F4xx_HAL_Driver/Src/stm32f4xx_hal_i2c.o
                0x0000000008002bc0                HAL_I2C_Mem_Write
 .text.HAL_I2C_Mem_Read
                0x0000000008002db4      0x44c ./Drivers/STM32F4xx_HAL_Driver/Src/stm32f4xx_hal_i2c.o
                0x0000000008002db4                HAL_I2C_Mem_Read
 .text.HAL_I2C_EV_IRQHandler
                0x0000000008003200      0x2e2 ./Drivers/STM32F4xx_HAL_Driver/Src/stm32f4xx_hal_i2c.o
                0x0000000008003200                HAL_I2C_EV_IRQHandler
 .text.HAL_I2C_ER_IRQHandler
                0x00000000080034e2      0x14e ./Drivers/STM32F4xx_HAL_Driver/Src/stm32f4xx_hal_i2c.o
                0x00000000080034e2                HAL_I2C_ER_IRQHandler
 .text.HAL_I2C_MasterTxCpltCallback
                0x0000000008003630       0x14 ./Drivers/STM32F4xx_HAL_Driver/Src/stm32f4xx_hal_i2c.o
                0x0000000008003630                HAL_I2C_MasterTxCpltCallback
 .text.HAL_I2C_MasterRxCpltCallback
                0x0000000008003644       0x14 ./Drivers/STM32F4xx_HAL_Driver/Src/stm32f4xx_hal_i2c.o
                0x0000000008003644                HAL_I2C_MasterRxCpltCallback
 .text.HAL_I2C_SlaveTxCpltCallback
                0x0000000008003658       0x14 ./Drivers/STM32F4xx_HAL_Driver/Src/stm32f4xx_hal_i2c.o
                0x0000000008003658                HAL_I2C_SlaveTxCpltCallback
 .text.HAL_I2C_SlaveRxCpltCallback
                0x000000000800366c       0x14 ./Drivers/STM32F4xx_HAL_Driver/Src/stm32f4xx_hal_i2c.o
                0x000000000800366c                HAL_I2C_SlaveRxCpltCallback
 .text.HAL_I2C_AddrCallback
                0x0000000008003680       0x1c ./Drivers/STM32F4xx_HAL_Driver/Src/stm32f4xx_hal_i2c.o
                0x0000000008003680                HAL_I2C_AddrCallback
 .text.HAL_I2C_ListenCpltCallback
                0x000000000800369c       0x14 ./Drivers/STM32F4xx_HAL_Driver/Src/stm32f4xx_hal_i2c.o
                0x000000000800369c                HAL_I2C_ListenCpltCallback
 .text.HAL_I2C_MemTxCpltCallback
                0x00000000080036b0       0x14 ./Drivers/STM32F4xx_HAL_Driver/Src/stm32f4xx_hal_i2c.o
                0x00000000080036b0                HAL_I2C_MemTxCpltCallback
 .text.HAL_I2C_MemRxCpltCallback
                0x00000000080036c4       0x14 ./Drivers/STM32F4xx_HAL_Driver/Src/stm32f4xx_hal_i2c.o
                0x00000000080036c4                HAL_I2C_MemRxCpltCallback
 .text.HAL_I2C_ErrorCallback
                0x00000000080036d8       0x14 ./Drivers/STM32F4xx_HAL_Driver/Src/stm32f4xx_hal_i2c.o
                0x00000000080036d8                HAL_I2C_ErrorCallback
 .text.HAL_I2C_AbortCpltCallback
                0x00000000080036ec       0x14 ./Drivers/STM32F4xx_HAL_Driver/Src/stm32f4xx_hal_i2c.o
                0x00000000080036ec                HAL_I2C_AbortCpltCallback
 .text.I2C_MasterTransmit_TXE
                0x0000000008003700      0x138 ./Drivers/STM32F4xx_HAL_Driver/Src/stm32f4xx_hal_i2c.o
 .text.I2C_MasterTransmit_BTF
                0x0000000008003838       0xec ./Drivers/STM32F4xx_HAL_Driver/Src/stm32f4xx_hal_i2c.o
 .text.I2C_MemoryTransmit_TXE_BTF
                0x0000000008003924      0x128 ./Drivers/STM32F4xx_HAL_Driver/Src/stm32f4xx_hal_i2c.o
 .text.I2C_MasterReceive_RXNE
                0x0000000008003a4c      0x176 ./Drivers/STM32F4xx_HAL_Driver/Src/stm32f4xx_hal_i2c.o
 .text.I2C_MasterReceive_BTF
                0x0000000008003bc2      0x1d4 ./Drivers/STM32F4xx_HAL_Driver/Src/stm32f4xx_hal_i2c.o
 .text.I2C_Master_SB
                0x0000000008003d96      0x10c ./Drivers/STM32F4xx_HAL_Driver/Src/stm32f4xx_hal_i2c.o
 .text.I2C_Master_ADD10
                0x0000000008003ea2       0x54 ./Drivers/STM32F4xx_HAL_Driver/Src/stm32f4xx_hal_i2c.o
 .text.I2C_Master_ADDR
                0x0000000008003ef6      0x322 ./Drivers/STM32F4xx_HAL_Driver/Src/stm32f4xx_hal_i2c.o
 .text.I2C_SlaveTransmit_TXE
                0x0000000008004218       0x7a ./Drivers/STM32F4xx_HAL_Driver/Src/stm32f4xx_hal_i2c.o
 .text.I2C_SlaveTransmit_BTF
                0x0000000008004292       0x42 ./Drivers/STM32F4xx_HAL_Driver/Src/stm32f4xx_hal_i2c.o
 .text.I2C_SlaveReceive_RXNE
                0x00000000080042d4       0x7c ./Drivers/STM32F4xx_HAL_Driver/Src/stm32f4xx_hal_i2c.o
 .text.I2C_SlaveReceive_BTF
                0x0000000008004350       0x44 ./Drivers/STM32F4xx_HAL_Driver/Src/stm32f4xx_hal_i2c.o
 .text.I2C_Slave_ADDR
                0x0000000008004394       0x94 ./Drivers/STM32F4xx_HAL_Driver/Src/stm32f4xx_hal_i2c.o
 .text.I2C_Slave_STOPF
                0x0000000008004428      0x260 ./Drivers/STM32F4xx_HAL_Driver/Src/stm32f4xx_hal_i2c.o
 .text.I2C_Slave_AF
                0x0000000008004688       0xe0 ./Drivers/STM32F4xx_HAL_Driver/Src/stm32f4xx_hal_i2c.o
 .text.I2C_ITError
                0x0000000008004768      0x264 ./Drivers/STM32F4xx_HAL_Driver/Src/stm32f4xx_hal_i2c.o
 .text.I2C_RequestMemoryWrite
                0x00000000080049cc      0x12c ./Drivers/STM32F4xx_HAL_Driver/Src/stm32f4xx_hal_i2c.o
 .text.I2C_RequestMemoryRead
                0x0000000008004af8      0x1d0 ./Drivers/STM32F4xx_HAL_Driver/Src/stm32f4xx_hal_i2c.o
 .text.I2C_DMAAbort
                0x0000000008004cc8      0x150 ./Drivers/STM32F4xx_HAL_Driver/Src/stm32f4xx_hal_i2c.o
 .text.I2C_WaitOnFlagUntilTimeout
                0x0000000008004e18       0xae ./Drivers/STM32F4xx_HAL_Driver/Src/stm32f4xx_hal_i2c.o
 .text.I2C_WaitOnMasterAddressFlagUntilTimeout
                0x0000000008004ec6       0xfe ./Drivers/STM32F4xx_HAL_Driver/Src/stm32f4xx_hal_i2c.o
 .text.I2C_WaitOnTXEFlagUntilTimeout
                0x0000000008004fc4       0x82 ./Drivers/STM32F4xx_HAL_Driver/Src/stm32f4xx_hal_i2c.o
 .text.I2C_WaitOnBTFFlagUntilTimeout
                0x0000000008005046       0x82 ./Drivers/STM32F4xx_HAL_Driver/Src/stm32f4xx_hal_i2c.o
 .text.I2C_WaitOnSTOPRequestThroughIT
                0x00000000080050c8       0x64 ./Drivers/STM32F4xx_HAL_Driver/Src/stm32f4xx_hal_i2c.o
 .text.I2C_WaitOnRXNEFlagUntilTimeout
                0x000000000800512c       0xac ./Drivers/STM32F4xx_HAL_Driver/Src/stm32f4xx_hal_i2c.o
 .text.I2C_IsAcknowledgeFailed
                0x00000000080051d8       0x5e ./Drivers/STM32F4xx_HAL_Driver/Src/stm32f4xx_hal_i2c.o
 .text.I2C_ConvertOtherXferOptions
                0x0000000008005236       0x36 ./Drivers/STM32F4xx_HAL_Driver/Src/stm32f4xx_hal_i2c.o
 .text.HAL_RCC_OscConfig
                0x000000000800526c      0x4f0 ./Drivers/STM32F4xx_HAL_Driver/Src/stm32f4xx_hal_rcc.o
                0x000000000800526c                HAL_RCC_OscConfig
 .text.HAL_RCC_ClockConfig
                0x000000000800575c      0x1cc ./Drivers/STM32F4xx_HAL_Driver/Src/stm32f4xx_hal_rcc.o
                0x000000000800575c                HAL_RCC_ClockConfig
 .text.HAL_RCC_GetSysClockFreq
                0x0000000008005928      0x20c ./Drivers/STM32F4xx_HAL_Driver/Src/stm32f4xx_hal_rcc.o
                0x0000000008005928                HAL_RCC_GetSysClockFreq
 .text.HAL_RCC_GetHCLKFreq
                0x0000000008005b34       0x18 ./Drivers/STM32F4xx_HAL_Driver/Src/stm32f4xx_hal_rcc.o
                0x0000000008005b34                HAL_RCC_GetHCLKFreq
 .text.HAL_RCC_GetPCLK1Freq
                0x0000000008005b4c       0x28 ./Drivers/STM32F4xx_HAL_Driver/Src/stm32f4xx_hal_rcc.o
                0x0000000008005b4c                HAL_RCC_GetPCLK1Freq
 .text.HAL_RCC_GetPCLK2Freq
                0x0000000008005b74       0x28 ./Drivers/STM32F4xx_HAL_Driver/Src/stm32f4xx_hal_rcc.o
                0x0000000008005b74                HAL_RCC_GetPCLK2Freq
 .text.HAL_TIM_Base_Init
                0x0000000008005b9c       0x9e ./Drivers/STM32F4xx_HAL_Driver/Src/stm32f4xx_hal_tim.o
                0x0000000008005b9c                HAL_TIM_Base_Init
 *fill*         0x0000000008005c3a        0x2 
 .text.HAL_TIM_Base_Start
                0x0000000008005c3c       0xb4 ./Drivers/STM32F4xx_HAL_Driver/Src/stm32f4xx_hal_tim.o
                0x0000000008005c3c                HAL_TIM_Base_Start
 .text.HAL_TIM_Base_Start_IT
                0x0000000008005cf0       0xc4 ./Drivers/STM32F4xx_HAL_Driver/Src/stm32f4xx_hal_tim.o
                0x0000000008005cf0                HAL_TIM_Base_Start_IT
 .text.HAL_TIM_PWM_Init
                0x0000000008005db4       0x9e ./Drivers/STM32F4xx_HAL_Driver/Src/stm32f4xx_hal_tim.o
                0x0000000008005db4                HAL_TIM_PWM_Init
 .text.HAL_TIM_PWM_MspInit
                0x0000000008005e52       0x14 ./Drivers/STM32F4xx_HAL_Driver/Src/stm32f4xx_hal_tim.o
                0x0000000008005e52                HAL_TIM_PWM_MspInit
 *fill*         0x0000000008005e66        0x2 
 .text.HAL_TIM_PWM_Start
                0x0000000008005e68      0x160 ./Drivers/STM32F4xx_HAL_Driver/Src/stm32f4xx_hal_tim.o
                0x0000000008005e68                HAL_TIM_PWM_Start
 .text.HAL_TIM_IC_Init
                0x0000000008005fc8       0x9e ./Drivers/STM32F4xx_HAL_Driver/Src/stm32f4xx_hal_tim.o
                0x0000000008005fc8                HAL_TIM_IC_Init
 .text.HAL_TIM_IC_MspInit
                0x0000000008006066       0x14 ./Drivers/STM32F4xx_HAL_Driver/Src/stm32f4xx_hal_tim.o
                0x0000000008006066                HAL_TIM_IC_MspInit
 *fill*         0x000000000800607a        0x2 
 .text.HAL_TIM_IC_Start_DMA
                0x000000000800607c      0x338 ./Drivers/STM32F4xx_HAL_Driver/Src/stm32f4xx_hal_tim.o
                0x000000000800607c                HAL_TIM_IC_Start_DMA
 .text.HAL_TIM_IC_ConfigChannel
                0x00000000080063b4      0x138 ./Drivers/STM32F4xx_HAL_Driver/Src/stm32f4xx_hal_tim.o
                0x00000000080063b4                HAL_TIM_IC_ConfigChannel
 .text.HAL_TIM_PWM_ConfigChannel
                0x00000000080064ec      0x184 ./Drivers/STM32F4xx_HAL_Driver/Src/stm32f4xx_hal_tim.o
                0x00000000080064ec                HAL_TIM_PWM_ConfigChannel
 .text.HAL_TIM_ConfigClockSource
                0x0000000008006670      0x18e ./Drivers/STM32F4xx_HAL_Driver/Src/stm32f4xx_hal_tim.o
                0x0000000008006670                HAL_TIM_ConfigClockSource
 .text.HAL_TIM_IC_CaptureCallback
                0x00000000080067fe       0x14 ./Drivers/STM32F4xx_HAL_Driver/Src/stm32f4xx_hal_tim.o
                0x00000000080067fe                HAL_TIM_IC_CaptureCallback
 .text.HAL_TIM_IC_CaptureHalfCpltCallback
                0x0000000008006812       0x14 ./Drivers/STM32F4xx_HAL_Driver/Src/stm32f4xx_hal_tim.o
                0x0000000008006812                HAL_TIM_IC_CaptureHalfCpltCallback
 .text.HAL_TIM_ErrorCallback
                0x0000000008006826       0x14 ./Drivers/STM32F4xx_HAL_Driver/Src/stm32f4xx_hal_tim.o
                0x0000000008006826                HAL_TIM_ErrorCallback
 .text.TIM_DMAError
                0x000000000800683a       0x92 ./Drivers/STM32F4xx_HAL_Driver/Src/stm32f4xx_hal_tim.o
                0x000000000800683a                TIM_DMAError
 .text.TIM_DMACaptureCplt
                0x00000000080068cc       0xc8 ./Drivers/STM32F4xx_HAL_Driver/Src/stm32f4xx_hal_tim.o
                0x00000000080068cc                TIM_DMACaptureCplt
 .text.TIM_DMACaptureHalfCplt
                0x0000000008006994       0x68 ./Drivers/STM32F4xx_HAL_Driver/Src/stm32f4xx_hal_tim.o
                0x0000000008006994                TIM_DMACaptureHalfCplt
 .text.TIM_Base_SetConfig
                0x00000000080069fc      0x100 ./Drivers/STM32F4xx_HAL_Driver/Src/stm32f4xx_hal_tim.o
                0x00000000080069fc                TIM_Base_SetConfig
 .text.TIM_OC1_SetConfig
                0x0000000008006afc       0xcc ./Drivers/STM32F4xx_HAL_Driver/Src/stm32f4xx_hal_tim.o
 .text.TIM_OC2_SetConfig
                0x0000000008006bc8       0xd8 ./Drivers/STM32F4xx_HAL_Driver/Src/stm32f4xx_hal_tim.o
                0x0000000008006bc8                TIM_OC2_SetConfig
 .text.TIM_OC3_SetConfig
                0x0000000008006ca0       0xd4 ./Drivers/STM32F4xx_HAL_Driver/Src/stm32f4xx_hal_tim.o
 .text.TIM_OC4_SetConfig
                0x0000000008006d74       0xa0 ./Drivers/STM32F4xx_HAL_Driver/Src/stm32f4xx_hal_tim.o
 .text.TIM_TI1_SetConfig
                0x0000000008006e14       0xd0 ./Drivers/STM32F4xx_HAL_Driver/Src/stm32f4xx_hal_tim.o
                0x0000000008006e14                TIM_TI1_SetConfig
 .text.TIM_TI1_ConfigInputStage
                0x0000000008006ee4       0x5e ./Drivers/STM32F4xx_HAL_Driver/Src/stm32f4xx_hal_tim.o
 .text.TIM_TI2_SetConfig
                0x0000000008006f42       0x7a ./Drivers/STM32F4xx_HAL_Driver/Src/stm32f4xx_hal_tim.o
 .text.TIM_TI2_ConfigInputStage
                0x0000000008006fbc       0x60 ./Drivers/STM32F4xx_HAL_Driver/Src/stm32f4xx_hal_tim.o
 .text.TIM_TI3_SetConfig
                0x000000000800701c       0x78 ./Drivers/STM32F4xx_HAL_Driver/Src/stm32f4xx_hal_tim.o
 .text.TIM_TI4_SetConfig
                0x0000000008007094       0x7a ./Drivers/STM32F4xx_HAL_Driver/Src/stm32f4xx_hal_tim.o
 .text.TIM_ITRx_SetConfig
                0x000000000800710e       0x36 ./Drivers/STM32F4xx_HAL_Driver/Src/stm32f4xx_hal_tim.o
 .text.TIM_ETR_SetConfig
                0x0000000008007144       0x40 ./Drivers/STM32F4xx_HAL_Driver/Src/stm32f4xx_hal_tim.o
                0x0000000008007144                TIM_ETR_SetConfig
 .text.TIM_CCxChannelCmd
                0x0000000008007184       0x4a ./Drivers/STM32F4xx_HAL_Driver/Src/stm32f4xx_hal_tim.o
                0x0000000008007184                TIM_CCxChannelCmd
 *fill*         0x00000000080071ce        0x2 
 .text.HAL_TIMEx_MasterConfigSynchronization
                0x00000000080071d0       0xdc ./Drivers/STM32F4xx_HAL_Driver/Src/stm32f4xx_hal_tim_ex.o
                0x00000000080071d0                HAL_TIMEx_MasterConfigSynchronization
 .text.HAL_UART_Init
                0x00000000080072ac       0x9a ./Drivers/STM32F4xx_HAL_Driver/Src/stm32f4xx_hal_uart.o
                0x00000000080072ac                HAL_UART_Init
 *fill*         0x0000000008007346        0x2 
 .text.UART_SetConfig
                0x0000000008007348      0x4e8 ./Drivers/STM32F4xx_HAL_Driver/Src/stm32f4xx_hal_uart.o
 .text.__libc_init_array
                0x0000000008007830       0x48 c:/st/stm32cubeide_1.8.0/stm32cubeide/plugins/com.st.stm32cube.ide.mcu.externaltools.gnu-tools-for-stm32.10.3-2021.10.win32_1.0.0.202111181127/tools/bin/../lib/gcc/arm-none-eabi/10.3.1/../../../../arm-none-eabi/lib/thumb/v7e-m+fp/hard\libc_nano.a(lib_a-init.o)
                0x0000000008007830                __libc_init_array
 .text.memset   0x0000000008007878       0x10 c:/st/stm32cubeide_1.8.0/stm32cubeide/plugins/com.st.stm32cube.ide.mcu.externaltools.gnu-tools-for-stm32.10.3-2021.10.win32_1.0.0.202111181127/tools/bin/../lib/gcc/arm-none-eabi/10.3.1/../../../../arm-none-eabi/lib/thumb/v7e-m+fp/hard\libc_nano.a(lib_a-memset.o)
                0x0000000008007878                memset
 *(.glue_7)
 .glue_7        0x0000000008007888        0x0 linker stubs
 *(.glue_7t)
 .glue_7t       0x0000000008007888        0x0 linker stubs
 *(.eh_frame)
 .eh_frame      0x0000000008007888        0x0 c:/st/stm32cubeide_1.8.0/stm32cubeide/plugins/com.st.stm32cube.ide.mcu.externaltools.gnu-tools-for-stm32.10.3-2021.10.win32_1.0.0.202111181127/tools/bin/../lib/gcc/arm-none-eabi/10.3.1/thumb/v7e-m+fp/hard/crtbegin.o
 *(.init)
 .init          0x0000000008007888        0x4 c:/st/stm32cubeide_1.8.0/stm32cubeide/plugins/com.st.stm32cube.ide.mcu.externaltools.gnu-tools-for-stm32.10.3-2021.10.win32_1.0.0.202111181127/tools/bin/../lib/gcc/arm-none-eabi/10.3.1/thumb/v7e-m+fp/hard/crti.o
                0x0000000008007888                _init
 .init          0x000000000800788c        0x8 c:/st/stm32cubeide_1.8.0/stm32cubeide/plugins/com.st.stm32cube.ide.mcu.externaltools.gnu-tools-for-stm32.10.3-2021.10.win32_1.0.0.202111181127/tools/bin/../lib/gcc/arm-none-eabi/10.3.1/thumb/v7e-m+fp/hard/crtn.o
 *(.fini)
 .fini          0x0000000008007894        0x4 c:/st/stm32cubeide_1.8.0/stm32cubeide/plugins/com.st.stm32cube.ide.mcu.externaltools.gnu-tools-for-stm32.10.3-2021.10.win32_1.0.0.202111181127/tools/bin/../lib/gcc/arm-none-eabi/10.3.1/thumb/v7e-m+fp/hard/crti.o
                0x0000000008007894                _fini
 .fini          0x0000000008007898        0x8 c:/st/stm32cubeide_1.8.0/stm32cubeide/plugins/com.st.stm32cube.ide.mcu.externaltools.gnu-tools-for-stm32.10.3-2021.10.win32_1.0.0.202111181127/tools/bin/../lib/gcc/arm-none-eabi/10.3.1/thumb/v7e-m+fp/hard/crtn.o
                0x00000000080078a0                . = ALIGN (0x4)
                0x00000000080078a0                _etext = .

.vfp11_veneer   0x00000000080078a0        0x0
 .vfp11_veneer  0x00000000080078a0        0x0 linker stubs

.v4_bx          0x00000000080078a0        0x0
 .v4_bx         0x00000000080078a0        0x0 linker stubs

.iplt           0x00000000080078a0        0x0
 .iplt          0x00000000080078a0        0x0 c:/st/stm32cubeide_1.8.0/stm32cubeide/plugins/com.st.stm32cube.ide.mcu.externaltools.gnu-tools-for-stm32.10.3-2021.10.win32_1.0.0.202111181127/tools/bin/../lib/gcc/arm-none-eabi/10.3.1/thumb/v7e-m+fp/hard/crtbegin.o

.rodata         0x00000000080078a0       0x20
                0x00000000080078a0                . = ALIGN (0x4)
 *(.rodata)
 *(.rodata*)
 .rodata.AHBPrescTable
                0x00000000080078a0       0x10 ./Core/Src/system_stm32f4xx.o
                0x00000000080078a0                AHBPrescTable
 .rodata.APBPrescTable
                0x00000000080078b0        0x8 ./Core/Src/system_stm32f4xx.o
                0x00000000080078b0                APBPrescTable
 .rodata.flagBitshiftOffset.0
                0x00000000080078b8        0x8 ./Drivers/STM32F4xx_HAL_Driver/Src/stm32f4xx_hal_dma.o
                0x00000000080078c0                . = ALIGN (0x4)

.ARM.extab      0x00000000080078c0        0x0
                0x00000000080078c0                . = ALIGN (0x4)
 *(.ARM.extab* .gnu.linkonce.armextab.*)
                0x00000000080078c0                . = ALIGN (0x4)

.ARM            0x00000000080078c0        0x8
                0x00000000080078c0                . = ALIGN (0x4)
                0x00000000080078c0                __exidx_start = .
 *(.ARM.exidx*)
 .ARM.exidx     0x00000000080078c0        0x8 c:/st/stm32cubeide_1.8.0/stm32cubeide/plugins/com.st.stm32cube.ide.mcu.externaltools.gnu-tools-for-stm32.10.3-2021.10.win32_1.0.0.202111181127/tools/bin/../lib/gcc/arm-none-eabi/10.3.1/thumb/v7e-m+fp/hard\libgcc.a(_udivmoddi4.o)
                0x00000000080078c8                __exidx_end = .
                0x00000000080078c8                . = ALIGN (0x4)

.rel.dyn        0x00000000080078c8        0x0
 .rel.iplt      0x00000000080078c8        0x0 c:/st/stm32cubeide_1.8.0/stm32cubeide/plugins/com.st.stm32cube.ide.mcu.externaltools.gnu-tools-for-stm32.10.3-2021.10.win32_1.0.0.202111181127/tools/bin/../lib/gcc/arm-none-eabi/10.3.1/thumb/v7e-m+fp/hard/crtbegin.o

.preinit_array  0x00000000080078c8        0x0
                0x00000000080078c8                . = ALIGN (0x4)
                0x00000000080078c8                PROVIDE (__preinit_array_start = .)
 *(.preinit_array*)
                0x00000000080078c8                PROVIDE (__preinit_array_end = .)
                0x00000000080078c8                . = ALIGN (0x4)

.init_array     0x00000000080078c8        0x4
                0x00000000080078c8                . = ALIGN (0x4)
                0x00000000080078c8                PROVIDE (__init_array_start = .)
 *(SORT_BY_NAME(.init_array.*))
 *(.init_array*)
 .init_array    0x00000000080078c8        0x4 c:/st/stm32cubeide_1.8.0/stm32cubeide/plugins/com.st.stm32cube.ide.mcu.externaltools.gnu-tools-for-stm32.10.3-2021.10.win32_1.0.0.202111181127/tools/bin/../lib/gcc/arm-none-eabi/10.3.1/thumb/v7e-m+fp/hard/crtbegin.o
                0x00000000080078cc                PROVIDE (__init_array_end = .)
                0x00000000080078cc                . = ALIGN (0x4)

.fini_array     0x00000000080078cc        0x4
                0x00000000080078cc                . = ALIGN (0x4)
                [!provide]                        PROVIDE (__fini_array_start = .)
 *(SORT_BY_NAME(.fini_array.*))
 *(.fini_array*)
 .fini_array    0x00000000080078cc        0x4 c:/st/stm32cubeide_1.8.0/stm32cubeide/plugins/com.st.stm32cube.ide.mcu.externaltools.gnu-tools-for-stm32.10.3-2021.10.win32_1.0.0.202111181127/tools/bin/../lib/gcc/arm-none-eabi/10.3.1/thumb/v7e-m+fp/hard/crtbegin.o
                [!provide]                        PROVIDE (__fini_array_end = .)
                0x00000000080078d0                . = ALIGN (0x4)
                0x00000000080078d0                _sidata = LOADADDR (.data)

.data           0x0000000020000000       0x28 load address 0x00000000080078d0
                0x0000000020000000                . = ALIGN (0x4)
                0x0000000020000000                _sdata = .
 *(.data)
 *(.data*)
 .data.PWMOut   0x0000000020000000        0x2 ./Core/Src/main.o
                0x0000000020000000                PWMOut
 *fill*         0x0000000020000002        0x2 
 .data.Setting.0
                0x0000000020000004       0x16 ./Core/Src/main.o
 *fill*         0x000000002000001a        0x2 
 .data.SystemCoreClock
                0x000000002000001c        0x4 ./Core/Src/system_stm32f4xx.o
                0x000000002000001c                SystemCoreClock
 .data.uwTickPrio
                0x0000000020000020        0x4 ./Drivers/STM32F4xx_HAL_Driver/Src/stm32f4xx_hal.o
                0x0000000020000020                uwTickPrio
 .data.uwTickFreq
                0x0000000020000024        0x1 ./Drivers/STM32F4xx_HAL_Driver/Src/stm32f4xx_hal.o
                0x0000000020000024                uwTickFreq
 *(.RamFunc)
 *(.RamFunc*)
                0x0000000020000028                . = ALIGN (0x4)
 *fill*         0x0000000020000025        0x3 
                0x0000000020000028                _edata = .

.igot.plt       0x0000000020000028        0x0 load address 0x00000000080078f8
 .igot.plt      0x0000000020000028        0x0 c:/st/stm32cubeide_1.8.0/stm32cubeide/plugins/com.st.stm32cube.ide.mcu.externaltools.gnu-tools-for-stm32.10.3-2021.10.win32_1.0.0.202111181127/tools/bin/../lib/gcc/arm-none-eabi/10.3.1/thumb/v7e-m+fp/hard/crtbegin.o
                0x0000000020000028                . = ALIGN (0x4)

.bss            0x0000000020000028      0x2d8 load address 0x00000000080078f8
                0x0000000020000028                _sbss = .
                0x0000000020000028                __bss_start__ = _sbss
 *(.bss)
 .bss           0x0000000020000028       0x1c c:/st/stm32cubeide_1.8.0/stm32cubeide/plugins/com.st.stm32cube.ide.mcu.externaltools.gnu-tools-for-stm32.10.3-2021.10.win32_1.0.0.202111181127/tools/bin/../lib/gcc/arm-none-eabi/10.3.1/thumb/v7e-m+fp/hard/crtbegin.o
 *(.bss*)
 .bss.hi2c1     0x0000000020000044       0x54 ./Core/Src/main.o
                0x0000000020000044                hi2c1
 .bss.htim2     0x0000000020000098       0x48 ./Core/Src/main.o
                0x0000000020000098                htim2
 .bss.htim4     0x00000000200000e0       0x48 ./Core/Src/main.o
                0x00000000200000e0                htim4
 .bss.htim11    0x0000000020000128       0x48 ./Core/Src/main.o
                0x0000000020000128                htim11
 .bss.hdma_tim2_ch1
                0x0000000020000170       0x60 ./Core/Src/main.o
                0x0000000020000170                hdma_tim2_ch1
 .bss.huart2    0x00000000200001d0       0x44 ./Core/Src/main.o
                0x00000000200001d0                huart2
 .bss.pwr_sense
                0x0000000020000214        0x1 ./Core/Src/main.o
                0x0000000020000214                pwr_sense
 *fill*         0x0000000020000215        0x3 
 .bss._micros   0x0000000020000218        0x8 ./Core/Src/main.o
                0x0000000020000218                _micros
 .bss.counter_e
                0x0000000020000220        0x1 ./Core/Src/main.o
                0x0000000020000220                counter_e
 *fill*         0x0000000020000221        0x3 
 .bss.timeStampSR
                0x0000000020000224        0x4 ./Core/Src/main.o
                0x0000000020000224                timeStampSR
 .bss.RawEnBitA
                0x0000000020000228        0x1 ./Core/Src/main.o
                0x0000000020000228                RawEnBitA
 .bss.RawEnBitB
                0x0000000020000229        0x1 ./Core/Src/main.o
                0x0000000020000229                RawEnBitB
 .bss.GrayCBitx
                0x000000002000022a        0x2 ./Core/Src/main.o
                0x000000002000022a                GrayCBitx
 .bss.GrayCBitXI
                0x000000002000022c        0x2 ./Core/Src/main.o
                0x000000002000022c                GrayCBitXI
 .bss.BinPosXI  0x000000002000022e        0x2 ./Core/Src/main.o
                0x000000002000022e                BinPosXI
 .bss.flag_absenc
                0x0000000020000230        0x1 ./Core/Src/main.o
 *fill*         0x0000000020000231        0x3 
 .bss.capturedata
                0x0000000020000234       0x40 ./Core/Src/main.o
                0x0000000020000234                capturedata
 *fill*         0x0000000020000274        0x4 
 .bss.DiffTime  0x0000000020000278       0x78 ./Core/Src/main.o
                0x0000000020000278                DiffTime
 .bss.MeanTime  0x00000000200002f0        0x4 ./Core/Src/main.o
                0x00000000200002f0                MeanTime
 .bss.RoundNum  0x00000000200002f4        0x4 ./Core/Src/main.o
                0x00000000200002f4                RoundNum
 .bss.TimeLoopPWM
                0x00000000200002f8        0x4 ./Core/Src/main.o
                0x00000000200002f8                TimeLoopPWM
 .bss.uwTick    0x00000000200002fc        0x4 ./Drivers/STM32F4xx_HAL_Driver/Src/stm32f4xx_hal.o
                0x00000000200002fc                uwTick
 *(COMMON)
                0x0000000020000300                . = ALIGN (0x4)
                0x0000000020000300                _ebss = .
                0x0000000020000300                __bss_end__ = _ebss

._user_heap_stack
                0x0000000020000300      0x600 load address 0x00000000080078f8
                0x0000000020000300                . = ALIGN (0x8)
                [!provide]                        PROVIDE (end = .)
                0x0000000020000300                PROVIDE (_end = .)
                0x0000000020000500                . = (. + _Min_Heap_Size)
 *fill*         0x0000000020000300      0x200 
                0x0000000020000900                . = (. + _Min_Stack_Size)
 *fill*         0x0000000020000500      0x400 
                0x0000000020000900                . = ALIGN (0x8)

/DISCARD/
 libc.a(*)
 libm.a(*)
 libgcc.a(*)

.ARM.attributes
                0x0000000000000000       0x30
 *(.ARM.attributes)
 .ARM.attributes
                0x0000000000000000       0x1e c:/st/stm32cubeide_1.8.0/stm32cubeide/plugins/com.st.stm32cube.ide.mcu.externaltools.gnu-tools-for-stm32.10.3-2021.10.win32_1.0.0.202111181127/tools/bin/../lib/gcc/arm-none-eabi/10.3.1/thumb/v7e-m+fp/hard/crti.o
 .ARM.attributes
                0x000000000000001e       0x34 c:/st/stm32cubeide_1.8.0/stm32cubeide/plugins/com.st.stm32cube.ide.mcu.externaltools.gnu-tools-for-stm32.10.3-2021.10.win32_1.0.0.202111181127/tools/bin/../lib/gcc/arm-none-eabi/10.3.1/thumb/v7e-m+fp/hard/crtbegin.o
 .ARM.attributes
                0x0000000000000052       0x34 ./Core/Src/main.o
 .ARM.attributes
                0x0000000000000086       0x34 ./Core/Src/stm32f4xx_hal_msp.o
 .ARM.attributes
                0x00000000000000ba       0x34 ./Core/Src/stm32f4xx_it.o
 .ARM.attributes
                0x00000000000000ee       0x34 ./Core/Src/system_stm32f4xx.o
 .ARM.attributes
                0x0000000000000122       0x21 ./Core/Startup/startup_stm32f411retx.o
 .ARM.attributes
                0x0000000000000143       0x34 ./Drivers/STM32F4xx_HAL_Driver/Src/stm32f4xx_hal.o
 .ARM.attributes
                0x0000000000000177       0x34 ./Drivers/STM32F4xx_HAL_Driver/Src/stm32f4xx_hal_cortex.o
 .ARM.attributes
                0x00000000000001ab       0x34 ./Drivers/STM32F4xx_HAL_Driver/Src/stm32f4xx_hal_dma.o
 .ARM.attributes
                0x00000000000001df       0x34 ./Drivers/STM32F4xx_HAL_Driver/Src/stm32f4xx_hal_gpio.o
 .ARM.attributes
                0x0000000000000213       0x34 ./Drivers/STM32F4xx_HAL_Driver/Src/stm32f4xx_hal_i2c.o
 .ARM.attributes
                0x0000000000000247       0x34 ./Drivers/STM32F4xx_HAL_Driver/Src/stm32f4xx_hal_rcc.o
 .ARM.attributes
                0x000000000000027b       0x34 ./Drivers/STM32F4xx_HAL_Driver/Src/stm32f4xx_hal_tim.o
 .ARM.attributes
                0x00000000000002af       0x34 ./Drivers/STM32F4xx_HAL_Driver/Src/stm32f4xx_hal_tim_ex.o
 .ARM.attributes
                0x00000000000002e3       0x34 ./Drivers/STM32F4xx_HAL_Driver/Src/stm32f4xx_hal_uart.o
 .ARM.attributes
                0x0000000000000317       0x34 c:/st/stm32cubeide_1.8.0/stm32cubeide/plugins/com.st.stm32cube.ide.mcu.externaltools.gnu-tools-for-stm32.10.3-2021.10.win32_1.0.0.202111181127/tools/bin/../lib/gcc/arm-none-eabi/10.3.1/../../../../arm-none-eabi/lib/thumb/v7e-m+fp/hard\libc_nano.a(lib_a-init.o)
 .ARM.attributes
                0x000000000000034b       0x34 c:/st/stm32cubeide_1.8.0/stm32cubeide/plugins/com.st.stm32cube.ide.mcu.externaltools.gnu-tools-for-stm32.10.3-2021.10.win32_1.0.0.202111181127/tools/bin/../lib/gcc/arm-none-eabi/10.3.1/../../../../arm-none-eabi/lib/thumb/v7e-m+fp/hard\libc_nano.a(lib_a-memset.o)
 .ARM.attributes
                0x000000000000037f       0x1e c:/st/stm32cubeide_1.8.0/stm32cubeide/plugins/com.st.stm32cube.ide.mcu.externaltools.gnu-tools-for-stm32.10.3-2021.10.win32_1.0.0.202111181127/tools/bin/../lib/gcc/arm-none-eabi/10.3.1/thumb/v7e-m+fp/hard\libgcc.a(_arm_addsubdf3.o)
 .ARM.attributes
                0x000000000000039d       0x1e c:/st/stm32cubeide_1.8.0/stm32cubeide/plugins/com.st.stm32cube.ide.mcu.externaltools.gnu-tools-for-stm32.10.3-2021.10.win32_1.0.0.202111181127/tools/bin/../lib/gcc/arm-none-eabi/10.3.1/thumb/v7e-m+fp/hard\libgcc.a(_arm_muldivdf3.o)
 .ARM.attributes
                0x00000000000003bb       0x1e c:/st/stm32cubeide_1.8.0/stm32cubeide/plugins/com.st.stm32cube.ide.mcu.externaltools.gnu-tools-for-stm32.10.3-2021.10.win32_1.0.0.202111181127/tools/bin/../lib/gcc/arm-none-eabi/10.3.1/thumb/v7e-m+fp/hard\libgcc.a(_arm_truncdfsf2.o)
 .ARM.attributes
                0x00000000000003d9       0x1e c:/st/stm32cubeide_1.8.0/stm32cubeide/plugins/com.st.stm32cube.ide.mcu.externaltools.gnu-tools-for-stm32.10.3-2021.10.win32_1.0.0.202111181127/tools/bin/../lib/gcc/arm-none-eabi/10.3.1/thumb/v7e-m+fp/hard\libgcc.a(_aeabi_uldivmod.o)
 .ARM.attributes
                0x00000000000003f7       0x34 c:/st/stm32cubeide_1.8.0/stm32cubeide/plugins/com.st.stm32cube.ide.mcu.externaltools.gnu-tools-for-stm32.10.3-2021.10.win32_1.0.0.202111181127/tools/bin/../lib/gcc/arm-none-eabi/10.3.1/thumb/v7e-m+fp/hard\libgcc.a(_udivmoddi4.o)
 .ARM.attributes
                0x000000000000042b       0x1e c:/st/stm32cubeide_1.8.0/stm32cubeide/plugins/com.st.stm32cube.ide.mcu.externaltools.gnu-tools-for-stm32.10.3-2021.10.win32_1.0.0.202111181127/tools/bin/../lib/gcc/arm-none-eabi/10.3.1/thumb/v7e-m+fp/hard\libgcc.a(_dvmd_tls.o)
 .ARM.attributes
                0x0000000000000449       0x1e c:/st/stm32cubeide_1.8.0/stm32cubeide/plugins/com.st.stm32cube.ide.mcu.externaltools.gnu-tools-for-stm32.10.3-2021.10.win32_1.0.0.202111181127/tools/bin/../lib/gcc/arm-none-eabi/10.3.1/thumb/v7e-m+fp/hard/crtn.o
OUTPUT(FRA262STUIII.elf elf32-littlearm)
LOAD linker stubs
LOAD c:/st/stm32cubeide_1.8.0/stm32cubeide/plugins/com.st.stm32cube.ide.mcu.externaltools.gnu-tools-for-stm32.10.3-2021.10.win32_1.0.0.202111181127/tools/bin/../lib/gcc/arm-none-eabi/10.3.1/../../../../arm-none-eabi/lib/thumb/v7e-m+fp/hard\libc.a
LOAD c:/st/stm32cubeide_1.8.0/stm32cubeide/plugins/com.st.stm32cube.ide.mcu.externaltools.gnu-tools-for-stm32.10.3-2021.10.win32_1.0.0.202111181127/tools/bin/../lib/gcc/arm-none-eabi/10.3.1/../../../../arm-none-eabi/lib/thumb/v7e-m+fp/hard\libm.a
LOAD c:/st/stm32cubeide_1.8.0/stm32cubeide/plugins/com.st.stm32cube.ide.mcu.externaltools.gnu-tools-for-stm32.10.3-2021.10.win32_1.0.0.202111181127/tools/bin/../lib/gcc/arm-none-eabi/10.3.1/thumb/v7e-m+fp/hard\libgcc.a

.debug_info     0x0000000000000000    0x10823
 .debug_info    0x0000000000000000     0x1d62 ./Core/Src/main.o
 .debug_info    0x0000000000001d62     0x13b2 ./Core/Src/stm32f4xx_hal_msp.o
 .debug_info    0x0000000000003114      0x753 ./Core/Src/stm32f4xx_it.o
 .debug_info    0x0000000000003867      0x54f ./Core/Src/system_stm32f4xx.o
 .debug_info    0x0000000000003db6       0x22 ./Core/Startup/startup_stm32f411retx.o
 .debug_info    0x0000000000003dd8      0x90d ./Drivers/STM32F4xx_HAL_Driver/Src/stm32f4xx_hal.o
 .debug_info    0x00000000000046e5      0xd8b ./Drivers/STM32F4xx_HAL_Driver/Src/stm32f4xx_hal_cortex.o
 .debug_info    0x0000000000005470      0x947 ./Drivers/STM32F4xx_HAL_Driver/Src/stm32f4xx_hal_dma.o
 .debug_info    0x0000000000005db7      0x78e ./Drivers/STM32F4xx_HAL_Driver/Src/stm32f4xx_hal_gpio.o
 .debug_info    0x0000000000006545     0x260f ./Drivers/STM32F4xx_HAL_Driver/Src/stm32f4xx_hal_i2c.o
 .debug_info    0x0000000000008b54      0x98d ./Drivers/STM32F4xx_HAL_Driver/Src/stm32f4xx_hal_rcc.o
 .debug_info    0x00000000000094e1     0x2bb6 ./Drivers/STM32F4xx_HAL_Driver/Src/stm32f4xx_hal_tim.o
 .debug_info    0x000000000000c097     0x15d8 ./Drivers/STM32F4xx_HAL_Driver/Src/stm32f4xx_hal_tim_ex.o
 .debug_info    0x000000000000d66f     0x31b4 ./Drivers/STM32F4xx_HAL_Driver/Src/stm32f4xx_hal_uart.o

.debug_abbrev   0x0000000000000000     0x1e86
 .debug_abbrev  0x0000000000000000      0x324 ./Core/Src/main.o
 .debug_abbrev  0x0000000000000324      0x247 ./Core/Src/stm32f4xx_hal_msp.o
 .debug_abbrev  0x000000000000056b      0x185 ./Core/Src/stm32f4xx_it.o
 .debug_abbrev  0x00000000000006f0      0x116 ./Core/Src/system_stm32f4xx.o
 .debug_abbrev  0x0000000000000806       0x12 ./Core/Startup/startup_stm32f411retx.o
 .debug_abbrev  0x0000000000000818      0x23e ./Drivers/STM32F4xx_HAL_Driver/Src/stm32f4xx_hal.o
 .debug_abbrev  0x0000000000000a56      0x316 ./Drivers/STM32F4xx_HAL_Driver/Src/stm32f4xx_hal_cortex.o
 .debug_abbrev  0x0000000000000d6c      0x21b ./Drivers/STM32F4xx_HAL_Driver/Src/stm32f4xx_hal_dma.o
 .debug_abbrev  0x0000000000000f87      0x1c4 ./Drivers/STM32F4xx_HAL_Driver/Src/stm32f4xx_hal_gpio.o
 .debug_abbrev  0x000000000000114b      0x2a8 ./Drivers/STM32F4xx_HAL_Driver/Src/stm32f4xx_hal_i2c.o
 .debug_abbrev  0x00000000000013f3      0x2aa ./Drivers/STM32F4xx_HAL_Driver/Src/stm32f4xx_hal_rcc.o
 .debug_abbrev  0x000000000000169d      0x26e ./Drivers/STM32F4xx_HAL_Driver/Src/stm32f4xx_hal_tim.o
 .debug_abbrev  0x000000000000190b      0x276 ./Drivers/STM32F4xx_HAL_Driver/Src/stm32f4xx_hal_tim_ex.o
 .debug_abbrev  0x0000000000001b81      0x305 ./Drivers/STM32F4xx_HAL_Driver/Src/stm32f4xx_hal_uart.o

.debug_aranges  0x0000000000000000      0xf20
 .debug_aranges
                0x0000000000000000       0xa8 ./Core/Src/main.o
 .debug_aranges
                0x00000000000000a8       0x58 ./Core/Src/stm32f4xx_hal_msp.o
 .debug_aranges
                0x0000000000000100       0x80 ./Core/Src/stm32f4xx_it.o
 .debug_aranges
                0x0000000000000180       0x28 ./Core/Src/system_stm32f4xx.o
 .debug_aranges
                0x00000000000001a8       0x28 ./Core/Startup/startup_stm32f411retx.o
 .debug_aranges
                0x00000000000001d0       0xf0 ./Drivers/STM32F4xx_HAL_Driver/Src/stm32f4xx_hal.o
 .debug_aranges
                0x00000000000002c0      0x118 ./Drivers/STM32F4xx_HAL_Driver/Src/stm32f4xx_hal_cortex.o
 .debug_aranges
                0x00000000000003d8       0x90 ./Drivers/STM32F4xx_HAL_Driver/Src/stm32f4xx_hal_dma.o
 .debug_aranges
                0x0000000000000468       0x58 ./Drivers/STM32F4xx_HAL_Driver/Src/stm32f4xx_hal_gpio.o
 .debug_aranges
                0x00000000000004c0      0x2a0 ./Drivers/STM32F4xx_HAL_Driver/Src/stm32f4xx_hal_i2c.o
 .debug_aranges
                0x0000000000000760       0x88 ./Drivers/STM32F4xx_HAL_Driver/Src/stm32f4xx_hal_rcc.o
 .debug_aranges
                0x00000000000007e8      0x3d0 ./Drivers/STM32F4xx_HAL_Driver/Src/stm32f4xx_hal_tim.o
 .debug_aranges
                0x0000000000000bb8      0x168 ./Drivers/STM32F4xx_HAL_Driver/Src/stm32f4xx_hal_tim_ex.o
 .debug_aranges
                0x0000000000000d20      0x200 ./Drivers/STM32F4xx_HAL_Driver/Src/stm32f4xx_hal_uart.o

.debug_ranges   0x0000000000000000      0xe90
 .debug_ranges  0x0000000000000000       0x98 ./Core/Src/main.o
 .debug_ranges  0x0000000000000098       0x48 ./Core/Src/stm32f4xx_hal_msp.o
 .debug_ranges  0x00000000000000e0       0x70 ./Core/Src/stm32f4xx_it.o
 .debug_ranges  0x0000000000000150       0x18 ./Core/Src/system_stm32f4xx.o
 .debug_ranges  0x0000000000000168       0x20 ./Core/Startup/startup_stm32f411retx.o
 .debug_ranges  0x0000000000000188       0xe0 ./Drivers/STM32F4xx_HAL_Driver/Src/stm32f4xx_hal.o
 .debug_ranges  0x0000000000000268      0x108 ./Drivers/STM32F4xx_HAL_Driver/Src/stm32f4xx_hal_cortex.o
 .debug_ranges  0x0000000000000370       0x80 ./Drivers/STM32F4xx_HAL_Driver/Src/stm32f4xx_hal_dma.o
 .debug_ranges  0x00000000000003f0       0x48 ./Drivers/STM32F4xx_HAL_Driver/Src/stm32f4xx_hal_gpio.o
 .debug_ranges  0x0000000000000438      0x2a8 ./Drivers/STM32F4xx_HAL_Driver/Src/stm32f4xx_hal_i2c.o
 .debug_ranges  0x00000000000006e0       0x78 ./Drivers/STM32F4xx_HAL_Driver/Src/stm32f4xx_hal_rcc.o
 .debug_ranges  0x0000000000000758      0x3c0 ./Drivers/STM32F4xx_HAL_Driver/Src/stm32f4xx_hal_tim.o
 .debug_ranges  0x0000000000000b18      0x158 ./Drivers/STM32F4xx_HAL_Driver/Src/stm32f4xx_hal_tim_ex.o
 .debug_ranges  0x0000000000000c70      0x220 ./Drivers/STM32F4xx_HAL_Driver/Src/stm32f4xx_hal_uart.o

.debug_macro    0x0000000000000000    0x15de4
 .debug_macro   0x0000000000000000      0x208 ./Core/Src/main.o
 .debug_macro   0x0000000000000208      0xa78 ./Core/Src/main.o
 .debug_macro   0x0000000000000c80      0x2a1 ./Core/Src/main.o
 .debug_macro   0x0000000000000f21       0x2e ./Core/Src/main.o
 .debug_macro   0x0000000000000f4f       0x28 ./Core/Src/main.o
 .debug_macro   0x0000000000000f77       0x22 ./Core/Src/main.o
 .debug_macro   0x0000000000000f99       0x8e ./Core/Src/main.o
 .debug_macro   0x0000000000001027       0x51 ./Core/Src/main.o
 .debug_macro   0x0000000000001078      0x103 ./Core/Src/main.o
 .debug_macro   0x000000000000117b       0x6a ./Core/Src/main.o
 .debug_macro   0x00000000000011e5      0x1df ./Core/Src/main.o
 .debug_macro   0x00000000000013c4       0x1c ./Core/Src/main.o
 .debug_macro   0x00000000000013e0       0x22 ./Core/Src/main.o
 .debug_macro   0x0000000000001402       0xd9 ./Core/Src/main.o
 .debug_macro   0x00000000000014db     0x102d ./Core/Src/main.o
 .debug_macro   0x0000000000002508      0x11f ./Core/Src/main.o
 .debug_macro   0x0000000000002627     0xb953 ./Core/Src/main.o
 .debug_macro   0x000000000000df7a       0x6d ./Core/Src/main.o
 .debug_macro   0x000000000000dfe7     0x367e ./Core/Src/main.o
 .debug_macro   0x0000000000011665      0x174 ./Core/Src/main.o
 .debug_macro   0x00000000000117d9       0x5c ./Core/Src/main.o
 .debug_macro   0x0000000000011835      0x447 ./Core/Src/main.o
 .debug_macro   0x0000000000011c7c      0x9fe ./Core/Src/main.o
 .debug_macro   0x000000000001267a      0x115 ./Core/Src/main.o
 .debug_macro   0x000000000001278f      0x11b ./Core/Src/main.o
 .debug_macro   0x00000000000128aa       0xa5 ./Core/Src/main.o
 .debug_macro   0x000000000001294f      0x15f ./Core/Src/main.o
 .debug_macro   0x0000000000012aae      0x287 ./Core/Src/main.o
 .debug_macro   0x0000000000012d35       0x5f ./Core/Src/main.o
 .debug_macro   0x0000000000012d94      0x236 ./Core/Src/main.o
 .debug_macro   0x0000000000012fca      0x132 ./Core/Src/main.o
 .debug_macro   0x00000000000130fc      0x264 ./Core/Src/main.o
 .debug_macro   0x0000000000013360       0x2e ./Core/Src/main.o
 .debug_macro   0x000000000001338e      0x1b5 ./Core/Src/main.o
 .debug_macro   0x0000000000013543       0x22 ./Core/Src/main.o
 .debug_macro   0x0000000000013565       0xd6 ./Core/Src/main.o
 .debug_macro   0x000000000001363b      0x11a ./Core/Src/main.o
 .debug_macro   0x0000000000013755       0x85 ./Core/Src/main.o
 .debug_macro   0x00000000000137da       0x89 ./Core/Src/main.o
 .debug_macro   0x0000000000013863      0x8e6 ./Core/Src/main.o
 .debug_macro   0x0000000000014149       0x47 ./Core/Src/main.o
 .debug_macro   0x0000000000014190      0x295 ./Core/Src/main.o
 .debug_macro   0x0000000000014425      0x126 ./Core/Src/main.o
 .debug_macro   0x000000000001454b       0xc4 ./Core/Src/main.o
 .debug_macro   0x000000000001460f      0x1f6 ./Core/Src/stm32f4xx_hal_msp.o
 .debug_macro   0x0000000000014805      0x200 ./Core/Src/stm32f4xx_it.o
 .debug_macro   0x0000000000014a05      0x1e7 ./Core/Src/system_stm32f4xx.o
 .debug_macro   0x0000000000014bec      0x247 ./Drivers/STM32F4xx_HAL_Driver/Src/stm32f4xx_hal.o
 .debug_macro   0x0000000000014e33      0x1e7 ./Drivers/STM32F4xx_HAL_Driver/Src/stm32f4xx_hal_cortex.o
 .debug_macro   0x000000000001501a      0x1ed ./Drivers/STM32F4xx_HAL_Driver/Src/stm32f4xx_hal_dma.o
 .debug_macro   0x0000000000015207      0x1ed ./Drivers/STM32F4xx_HAL_Driver/Src/stm32f4xx_hal_gpio.o
 .debug_macro   0x00000000000153f4      0x22e ./Drivers/STM32F4xx_HAL_Driver/Src/stm32f4xx_hal_i2c.o
 .debug_macro   0x0000000000015622      0x20b ./Drivers/STM32F4xx_HAL_Driver/Src/stm32f4xx_hal_rcc.o
 .debug_macro   0x000000000001582d      0x1e8 ./Drivers/STM32F4xx_HAL_Driver/Src/stm32f4xx_hal_tim.o
 .debug_macro   0x0000000000015a15      0x1e7 ./Drivers/STM32F4xx_HAL_Driver/Src/stm32f4xx_hal_tim_ex.o
 .debug_macro   0x0000000000015bfc      0x1e8 ./Drivers/STM32F4xx_HAL_Driver/Src/stm32f4xx_hal_uart.o

.debug_line     0x0000000000000000    0x11427
 .debug_line    0x0000000000000000      0xbe4 ./Core/Src/main.o
 .debug_line    0x0000000000000be4      0x86e ./Core/Src/stm32f4xx_hal_msp.o
 .debug_line    0x0000000000001452      0x80c ./Core/Src/stm32f4xx_it.o
 .debug_line    0x0000000000001c5e      0x76a ./Core/Src/system_stm32f4xx.o
 .debug_line    0x00000000000023c8       0x88 ./Core/Startup/startup_stm32f411retx.o
 .debug_line    0x0000000000002450      0x9d0 ./Drivers/STM32F4xx_HAL_Driver/Src/stm32f4xx_hal.o
 .debug_line    0x0000000000002e20      0xc7f ./Drivers/STM32F4xx_HAL_Driver/Src/stm32f4xx_hal_cortex.o
 .debug_line    0x0000000000003a9f      0xf34 ./Drivers/STM32F4xx_HAL_Driver/Src/stm32f4xx_hal_dma.o
 .debug_line    0x00000000000049d3      0xb08 ./Drivers/STM32F4xx_HAL_Driver/Src/stm32f4xx_hal_gpio.o
 .debug_line    0x00000000000054db     0x3985 ./Drivers/STM32F4xx_HAL_Driver/Src/stm32f4xx_hal_i2c.o
 .debug_line    0x0000000000008e60      0xd4c ./Drivers/STM32F4xx_HAL_Driver/Src/stm32f4xx_hal_rcc.o
 .debug_line    0x0000000000009bac     0x349e ./Drivers/STM32F4xx_HAL_Driver/Src/stm32f4xx_hal_tim.o
 .debug_line    0x000000000000d04a     0x1968 ./Drivers/STM32F4xx_HAL_Driver/Src/stm32f4xx_hal_tim_ex.o
 .debug_line    0x000000000000e9b2     0x2a75 ./Drivers/STM32F4xx_HAL_Driver/Src/stm32f4xx_hal_uart.o

.debug_str      0x0000000000000000    0x8cc88
 .debug_str     0x0000000000000000    0x89876 ./Core/Src/main.o
                                      0x89c40 (size before relaxing)
 .debug_str     0x0000000000089876      0x110 ./Core/Src/stm32f4xx_hal_msp.o
                                      0x895d3 (size before relaxing)
 .debug_str     0x0000000000089986      0x174 ./Core/Src/stm32f4xx_it.o
                                      0x88bef (size before relaxing)
 .debug_str     0x0000000000089afa       0xdb ./Core/Src/system_stm32f4xx.o
                                      0x88457 (size before relaxing)
 .debug_str     0x0000000000089bd5       0x36 ./Core/Startup/startup_stm32f411retx.o
                                         0x6a (size before relaxing)
 .debug_str     0x0000000000089c0b      0x5f0 ./Drivers/STM32F4xx_HAL_Driver/Src/stm32f4xx_hal.o
                                      0x88e83 (size before relaxing)
 .debug_str     0x000000000008a1fb      0x32d ./Drivers/STM32F4xx_HAL_Driver/Src/stm32f4xx_hal_cortex.o
                                      0x88ba4 (size before relaxing)
 .debug_str     0x000000000008a528      0x2f4 ./Drivers/STM32F4xx_HAL_Driver/Src/stm32f4xx_hal_dma.o
                                      0x8885f (size before relaxing)
 .debug_str     0x000000000008a81c       0xc4 ./Drivers/STM32F4xx_HAL_Driver/Src/stm32f4xx_hal_gpio.o
                                      0x885d2 (size before relaxing)
 .debug_str     0x000000000008a8e0      0xa77 ./Drivers/STM32F4xx_HAL_Driver/Src/stm32f4xx_hal_i2c.o
                                      0x89415 (size before relaxing)
 .debug_str     0x000000000008b357      0x208 ./Drivers/STM32F4xx_HAL_Driver/Src/stm32f4xx_hal_rcc.o
                                      0x8888b (size before relaxing)
 .debug_str     0x000000000008b55f      0xca8 ./Drivers/STM32F4xx_HAL_Driver/Src/stm32f4xx_hal_tim.o
                                      0x897bf (size before relaxing)
 .debug_str     0x000000000008c207      0x493 ./Drivers/STM32F4xx_HAL_Driver/Src/stm32f4xx_hal_tim_ex.o
                                      0x88fdb (size before relaxing)
 .debug_str     0x000000000008c69a      0x5ee ./Drivers/STM32F4xx_HAL_Driver/Src/stm32f4xx_hal_uart.o
                                      0x88e18 (size before relaxing)

.comment        0x0000000000000000       0x50
 .comment       0x0000000000000000       0x50 ./Core/Src/main.o
                                         0x51 (size before relaxing)
 .comment       0x0000000000000050       0x51 ./Core/Src/stm32f4xx_hal_msp.o
 .comment       0x0000000000000050       0x51 ./Core/Src/stm32f4xx_it.o
 .comment       0x0000000000000050       0x51 ./Core/Src/system_stm32f4xx.o
 .comment       0x0000000000000050       0x51 ./Drivers/STM32F4xx_HAL_Driver/Src/stm32f4xx_hal.o
 .comment       0x0000000000000050       0x51 ./Drivers/STM32F4xx_HAL_Driver/Src/stm32f4xx_hal_cortex.o
 .comment       0x0000000000000050       0x51 ./Drivers/STM32F4xx_HAL_Driver/Src/stm32f4xx_hal_dma.o
 .comment       0x0000000000000050       0x51 ./Drivers/STM32F4xx_HAL_Driver/Src/stm32f4xx_hal_gpio.o
 .comment       0x0000000000000050       0x51 ./Drivers/STM32F4xx_HAL_Driver/Src/stm32f4xx_hal_i2c.o
 .comment       0x0000000000000050       0x51 ./Drivers/STM32F4xx_HAL_Driver/Src/stm32f4xx_hal_rcc.o
 .comment       0x0000000000000050       0x51 ./Drivers/STM32F4xx_HAL_Driver/Src/stm32f4xx_hal_tim.o
 .comment       0x0000000000000050       0x51 ./Drivers/STM32F4xx_HAL_Driver/Src/stm32f4xx_hal_tim_ex.o
 .comment       0x0000000000000050       0x51 ./Drivers/STM32F4xx_HAL_Driver/Src/stm32f4xx_hal_uart.o

.debug_frame    0x0000000000000000     0x4274
 .debug_frame   0x0000000000000000      0x294 ./Core/Src/main.o
 .debug_frame   0x0000000000000294      0x130 ./Core/Src/stm32f4xx_hal_msp.o
 .debug_frame   0x00000000000003c4      0x174 ./Core/Src/stm32f4xx_it.o
 .debug_frame   0x0000000000000538       0x58 ./Core/Src/system_stm32f4xx.o
 .debug_frame   0x0000000000000590      0x374 ./Drivers/STM32F4xx_HAL_Driver/Src/stm32f4xx_hal.o
 .debug_frame   0x0000000000000904      0x498 ./Drivers/STM32F4xx_HAL_Driver/Src/stm32f4xx_hal_cortex.o
 .debug_frame   0x0000000000000d9c      0x250 ./Drivers/STM32F4xx_HAL_Driver/Src/stm32f4xx_hal_dma.o
 .debug_frame   0x0000000000000fec      0x14c ./Drivers/STM32F4xx_HAL_Driver/Src/stm32f4xx_hal_gpio.o
 .debug_frame   0x0000000000001138      0xc5c ./Drivers/STM32F4xx_HAL_Driver/Src/stm32f4xx_hal_i2c.o
 .debug_frame   0x0000000000001d94      0x1f4 ./Drivers/STM32F4xx_HAL_Driver/Src/stm32f4xx_hal_rcc.o
 .debug_frame   0x0000000000001f88     0x11bc ./Drivers/STM32F4xx_HAL_Driver/Src/stm32f4xx_hal_tim.o
 .debug_frame   0x0000000000003144      0x638 ./Drivers/STM32F4xx_HAL_Driver/Src/stm32f4xx_hal_tim_ex.o
 .debug_frame   0x000000000000377c      0x92c ./Drivers/STM32F4xx_HAL_Driver/Src/stm32f4xx_hal_uart.o
 .debug_frame   0x00000000000040a8       0x2c c:/st/stm32cubeide_1.8.0/stm32cubeide/plugins/com.st.stm32cube.ide.mcu.externaltools.gnu-tools-for-stm32.10.3-2021.10.win32_1.0.0.202111181127/tools/bin/../lib/gcc/arm-none-eabi/10.3.1/../../../../arm-none-eabi/lib/thumb/v7e-m+fp/hard\libc_nano.a(lib_a-init.o)
 .debug_frame   0x00000000000040d4       0x20 c:/st/stm32cubeide_1.8.0/stm32cubeide/plugins/com.st.stm32cube.ide.mcu.externaltools.gnu-tools-for-stm32.10.3-2021.10.win32_1.0.0.202111181127/tools/bin/../lib/gcc/arm-none-eabi/10.3.1/../../../../arm-none-eabi/lib/thumb/v7e-m+fp/hard\libc_nano.a(lib_a-memset.o)
 .debug_frame   0x00000000000040f4       0xac c:/st/stm32cubeide_1.8.0/stm32cubeide/plugins/com.st.stm32cube.ide.mcu.externaltools.gnu-tools-for-stm32.10.3-2021.10.win32_1.0.0.202111181127/tools/bin/../lib/gcc/arm-none-eabi/10.3.1/thumb/v7e-m+fp/hard\libgcc.a(_arm_addsubdf3.o)
 .debug_frame   0x00000000000041a0       0x50 c:/st/stm32cubeide_1.8.0/stm32cubeide/plugins/com.st.stm32cube.ide.mcu.externaltools.gnu-tools-for-stm32.10.3-2021.10.win32_1.0.0.202111181127/tools/bin/../lib/gcc/arm-none-eabi/10.3.1/thumb/v7e-m+fp/hard\libgcc.a(_arm_muldivdf3.o)
 .debug_frame   0x00000000000041f0       0x24 c:/st/stm32cubeide_1.8.0/stm32cubeide/plugins/com.st.stm32cube.ide.mcu.externaltools.gnu-tools-for-stm32.10.3-2021.10.win32_1.0.0.202111181127/tools/bin/../lib/gcc/arm-none-eabi/10.3.1/thumb/v7e-m+fp/hard\libgcc.a(_arm_truncdfsf2.o)
 .debug_frame   0x0000000000004214       0x2c c:/st/stm32cubeide_1.8.0/stm32cubeide/plugins/com.st.stm32cube.ide.mcu.externaltools.gnu-tools-for-stm32.10.3-2021.10.win32_1.0.0.202111181127/tools/bin/../lib/gcc/arm-none-eabi/10.3.1/thumb/v7e-m+fp/hard\libgcc.a(_aeabi_uldivmod.o)
 .debug_frame   0x0000000000004240       0x34 c:/st/stm32cubeide_1.8.0/stm32cubeide/plugins/com.st.stm32cube.ide.mcu.externaltools.gnu-tools-for-stm32.10.3-2021.10.win32_1.0.0.202111181127/tools/bin/../lib/gcc/arm-none-eabi/10.3.1/thumb/v7e-m+fp/hard\libgcc.a(_udivmoddi4.o)
