main.c:96:5:main	24	static
main.c:175:6:SystemClock_Config	88	static
main.c:220:13:MX_TIM2_Init	48	static
main.c:278:13:MX_TIM10_Init	8	static
main.c:309:13:MX_TIM11_Init	8	static
main.c:340:13:MX_USART2_UART_Init	8	static
main.c:371:13:MX_DMA_Init	16	static
main.c:389:13:MX_GPIO_Init	48	static
main.c:424:6:encoderSpeedReaderCycle	16	static
main.c:441:6:SpeedMainShaft	16	static
main.c:469:10:micros	12	static
main.c:473:6:HAL_TIM_PeriodElapsedCallback	24	static
main.c:486:6:Error_Handler	4	static,ignoring_inline_asm
